2025-11-30 21:08:21,168 - PID:1581354 - INFO - 🚀 GPU Competition Script Started - PID: 1581354
2025-11-30 21:08:21,168 - PID:1581354 - INFO - 📁 Log directory: /home/hdl/project/fgvr_test_new/logs/compete_gpu
2025-11-30 21:08:21,168 - PID:1581354 - INFO - 📄 Log file: /home/hdl/project/fgvr_test_new/logs/compete_gpu/compete_gpu(5).log
2025-11-30 21:08:21,168 - PID:1581354 - INFO - ⚙️  Maximize Resource Utilization: False
2025-11-30 21:08:21,168 - PID:1581354 - INFO - ⏱️  Check interval: 5 seconds
2025-11-30 21:08:21,168 - PID:1581354 - INFO - ⏰ Task wait interval: 60 seconds
2025-11-30 21:08:21,266 - PID:1581354 - INFO - Using all detected GPUs: [0, 1, 2, 3, 4, 5, 6, 7, 8, 9]
2025-11-30 21:08:21,267 - PID:1581354 - INFO - 📋 Task queues setup:
2025-11-30 21:08:21,267 - PID:1581354 - INFO -   Queue 1: 5 tasks
2025-11-30 21:08:21,267 - PID:1581354 - INFO -     Task 1: rm -rf {work_dir}/experiments/car196/knowledge_base -> bash {work_dir}/scripts/set_hyperparameters.sh --experience_number 8 -> CUDA_VISIBLE_DEVICES={available_gpu} bash {work_dir}/scripts/run_pipeline.sh car --uni_id {uni_id}
2025-11-30 21:08:21,267 - PID:1581354 - INFO -     Task 2: rm -rf {work_dir}/experiments/car196/knowledge_base -> bash {work_dir}/scripts/set_hyperparameters.sh --experience_number 5 -> CUDA_VISIBLE_DEVICES={available_gpu} bash {work_dir}/scripts/run_pipeline.sh car --uni_id {uni_id}
2025-11-30 21:08:21,268 - PID:1581354 - INFO -     Task 3: rm -rf {work_dir}/experiments/car196/knowledge_base -> bash {work_dir}/scripts/set_hyperparameters.sh --experience_number 3 -> CUDA_VISIBLE_DEVICES={available_gpu} bash {work_dir}/scripts/run_pipeline.sh car --uni_id {uni_id}
2025-11-30 21:08:21,268 - PID:1581354 - INFO -     Task 4: rm -rf {work_dir}/experiments/car196/knowledge_base -> bash {work_dir}/scripts/set_hyperparameters.sh --experience_number 20 -> CUDA_VISIBLE_DEVICES={available_gpu} bash {work_dir}/scripts/run_pipeline.sh car --uni_id {uni_id}
2025-11-30 21:08:21,268 - PID:1581354 - INFO -     Task 5: rm -rf {work_dir}/experiments/car196/knowledge_base -> bash {work_dir}/scripts/set_hyperparameters.sh --experience_number 50 -> CUDA_VISIBLE_DEVICES={available_gpu} bash {work_dir}/scripts/run_pipeline.sh car --uni_id {uni_id}
2025-11-30 21:08:21,268 - PID:1581354 - INFO -   Queue 2: 2 tasks
2025-11-30 21:08:21,268 - PID:1581354 - INFO -     Task 1: rm -rf {work_dir}/experiments/flower102/knowledge_base -> bash {work_dir}/scripts/set_hyperparameters.sh --experience_number 15 -> CUDA_VISIBLE_DEVICES={available_gpu} bash {work_dir}/scripts/run_pipeline.sh flower --uni_id {uni_id}
2025-11-30 21:08:21,268 - PID:1581354 - INFO -     Task 2: rm -rf {work_dir}/experiments/flower102/knowledge_base -> bash {work_dir}/scripts/set_hyperparameters.sh --experience_number 5 -> CUDA_VISIBLE_DEVICES={available_gpu} bash {work_dir}/scripts/run_pipeline.sh flower --uni_id {uni_id}
2025-11-30 21:08:21,268 - PID:1581354 - INFO -   Queue 3: 2 tasks
2025-11-30 21:08:21,268 - PID:1581354 - INFO -     Task 1: rm -rf {work_dir}/experiments/bird200/knowledge_base -> bash {work_dir}/scripts/set_hyperparameters.sh --experience_number 50 -> CUDA_VISIBLE_DEVICES={available_gpu} bash {work_dir}/scripts/run_pipeline.sh bird --uni_id {uni_id}
2025-11-30 21:08:21,268 - PID:1581354 - INFO -     Task 2: rm -rf {work_dir}/experiments/bird200/knowledge_base -> bash {work_dir}/scripts/set_hyperparameters.sh --experience_number 50 -> CUDA_VISIBLE_DEVICES={available_gpu} bash {work_dir}/scripts/run_pipeline.sh bird --uni_id {uni_id}
2025-11-30 21:08:21,268 - PID:1581354 - INFO -   Queue 4: 1 tasks
2025-11-30 21:08:21,268 - PID:1581354 - INFO -     Task 1: bash {work_dir}/scripts/set_hyperparameters.sh --experience_number 8 -> CUDA_VISIBLE_DEVICES={available_gpu} bash {work_dir}/scripts/run_pipeline.sh imagenet_v2 --uni_id {uni_id}
2025-11-30 21:08:21,268 - PID:1581354 - INFO -   Queue 5: 3 tasks
2025-11-30 21:08:21,268 - PID:1581354 - INFO -     Task 1: rm -rf {work_dir}/experiments/dog120/knowledge_base -> bash {work_dir}/scripts/set_hyperparameters.sh --experience_number 5 -> CUDA_VISIBLE_DEVICES={available_gpu} bash {work_dir}/scripts/run_pipeline.sh dog --uni_id {uni_id}
2025-11-30 21:08:21,268 - PID:1581354 - INFO -     Task 2: rm -rf {work_dir}/experiments/dog120/knowledge_base -> bash {work_dir}/scripts/set_hyperparameters.sh --experience_number 15 -> CUDA_VISIBLE_DEVICES={available_gpu} bash {work_dir}/scripts/run_pipeline.sh dog --uni_id {uni_id}
2025-11-30 21:08:21,268 - PID:1581354 - INFO -     Task 3: rm -rf {work_dir}/experiments/dog120/knowledge_base -> bash {work_dir}/scripts/set_hyperparameters.sh --experience_number 3 -> CUDA_VISIBLE_DEVICES={available_gpu} bash {work_dir}/scripts/run_pipeline.sh dog --uni_id {uni_id}
2025-11-30 21:08:21,268 - PID:1581354 - INFO -   Queue 6: 1 tasks
2025-11-30 21:08:21,268 - PID:1581354 - INFO -     Task 1: bash {work_dir}/scripts/set_hyperparameters.sh --experience_number 8 -> CUDA_VISIBLE_DEVICES={available_gpu} bash {work_dir}/scripts/run_pipeline.sh sun --uni_id {uni_id}
2025-11-30 21:08:21,268 - PID:1581354 - INFO - 📋 Created 6 tasks for dynamic GPU allocation
2025-11-30 21:08:21,268 - PID:1581354 - INFO - Starting GPU competition process
2025-11-30 21:08:21,268 - PID:1581354 - INFO - Available GPUs: [0, 1, 2, 3, 4, 5, 6, 7, 8, 9]
2025-11-30 21:08:21,268 - PID:1581354 - INFO - Check interval: 5 seconds
2025-11-30 21:08:21,268 - PID:1581354 - INFO - Log directory: /home/hdl/project/fgvr_test_new/logs/compete_gpu
2025-11-30 21:08:21,268 - PID:1581354 - INFO - Maximize resource utilization: False
2025-11-30 21:08:21,268 - PID:1581354 - INFO - Total tasks: 14
2025-11-30 21:08:21,269 - PID:1581354 - INFO - === Task Status ===
2025-11-30 21:08:21,269 - PID:1581354 - INFO - Total Tasks: 14, Pending=14, Running=0, Completed=0, Failed=0
2025-11-30 21:08:21,269 - PID:1581354 - INFO - === Queue Status ===
2025-11-30 21:08:21,269 - PID:1581354 - INFO - Queue 1: 🟢 IDLE, Pending=5, Running=0, Completed=0, Failed=0
2025-11-30 21:08:21,269 - PID:1581354 - INFO - Queue 2: 🟢 IDLE, Pending=2, Running=0, Completed=0, Failed=0
2025-11-30 21:08:21,269 - PID:1581354 - INFO - Queue 3: 🟢 IDLE, Pending=2, Running=0, Completed=0, Failed=0
2025-11-30 21:08:21,269 - PID:1581354 - INFO - Queue 4: 🟢 IDLE, Pending=1, Running=0, Completed=0, Failed=0
2025-11-30 21:08:21,269 - PID:1581354 - INFO - Queue 5: 🟢 IDLE, Pending=3, Running=0, Completed=0, Failed=0
2025-11-30 21:08:21,269 - PID:1581354 - INFO - Queue 6: 🟢 IDLE, Pending=1, Running=0, Completed=0, Failed=0
2025-11-30 21:08:21,269 - PID:1581354 - INFO - === GPU Status ===
2025-11-30 21:08:21,297 - PID:1581354 - INFO - GPU 0: Insufficient memory. Available: 5.72GB, Required: 20.00GB
2025-11-30 21:08:21,322 - PID:1581354 - INFO - GPU 0: Available=5.72GB, User Python Processes=0, Running Tasks=0
2025-11-30 21:08:21,323 - PID:1581354 - INFO - GPU 1: Insufficient memory. Available: 4.67GB, Required: 20.00GB
2025-11-30 21:08:21,352 - PID:1581354 - INFO - GPU 2: Insufficient memory. Available: 4.38GB, Required: 20.00GB
2025-11-30 21:08:21,377 - PID:1581354 - INFO - GPU 1: Available=4.67GB, User Python Processes=0, Running Tasks=0
2025-11-30 21:08:21,379 - PID:1581354 - INFO - GPU 3: Insufficient memory. Available: 14.47GB, Required: 20.00GB
2025-11-30 21:08:21,428 - PID:1581354 - INFO - GPU 2: Available=4.38GB, User Python Processes=0, Running Tasks=0
2025-11-30 21:08:21,432 - PID:1581354 - INFO - GPU 4: Available for task compete_889049. Memory: 24.37GB
2025-11-30 21:08:21,432 - PID:1581354 - INFO - 🚀 Starting queue 1 task compete_889049 on GPU 4
2025-11-30 21:08:21,433 - PID:1581354 - INFO - Starting task on GPU 4: rm -rf {work_dir}/experiments/car196/knowledge_base -> bash {work_dir}/scripts/set_hyperparameters.sh --experience_number 8 -> CUDA_VISIBLE_DEVICES={available_gpu} bash {work_dir}/scripts/run_pipeline.sh car --uni_id {uni_id}
2025-11-30 21:08:21,433 - PID:1581354 - INFO - 📈 Started 1 tasks: ['Queue 1']
2025-11-30 21:08:21,433 - PID:1581354 - INFO - Executing command 1/3 on GPU 4: rm -rf /home/hdl/project/fgvr_test_new/experiments/car196/knowledge_base
2025-11-30 21:08:21,438 - PID:1581354 - INFO - Command 1/3 completed successfully
2025-11-30 21:08:21,438 - PID:1581354 - INFO - Executing command 2/3 on GPU 4: bash /home/hdl/project/fgvr_test_new/scripts/set_hyperparameters.sh --experience_number 8
2025-11-30 21:08:21,448 - PID:1581354 - INFO - [compete_889049] === 超参数设置脚本 ===
2025-11-30 21:08:21,448 - PID:1581354 - INFO - [compete_889049] 项目根目录: /home/hdl/project/fgvr_test_new
2025-11-30 21:08:21,448 - PID:1581354 - INFO - [compete_889049] 超参数文件: /home/hdl/project/fgvr_test_new/configs/hyperparameters.yaml
2025-11-30 21:08:21,448 - PID:1581354 - INFO - [compete_889049] 
2025-11-30 21:08:21,449 - PID:1581354 - INFO - [compete_889049] 使用命令行指定的经验条数: 8
2025-11-30 21:08:21,449 - PID:1581354 - INFO - [compete_889049] 
2025-11-30 21:08:21,450 - PID:1581354 - INFO - [compete_889049] 正在更新超参数文件: /home/hdl/project/fgvr_test_new/configs/hyperparameters.yaml
2025-11-30 21:08:21,456 - PID:1581354 - INFO - [compete_889049] Error: bad file '/home/hdl/project/fgvr_test_new/configs/hyperparameters.yaml': yaml: line 2: could not find expected ':'
2025-11-30 21:08:21,462 - PID:1581354 - INFO - [compete_889049] Error: bad file '/home/hdl/project/fgvr_test_new/configs/hyperparameters.yaml': yaml: line 2: could not find expected ':'
2025-11-30 21:08:21,463 - PID:1581354 - INFO - [compete_889049] ❌ 超参数更新失败
2025-11-30 21:08:21,463 - PID:1581354 - INFO - [compete_889049] 期望值: 8, 实际值:
2025-11-30 21:08:21,464 - PID:1581354 - ERROR - Task failed on GPU 4: rm -rf {work_dir}/experiments/car196/knowledge_base -> bash {work_dir}/scripts/set_hyperparameters.sh --experience_number 8 -> CUDA_VISIBLE_DEVICES={available_gpu} bash {work_dir}/scripts/run_pipeline.sh car --uni_id {uni_id} - Error: Command 2 failed with code 1: bash /home/hdl/project/fgvr_test_new/scripts/set_hyperparameters.sh --experience_number 8
2025-11-30 21:08:21,479 - PID:1581354 - INFO - GPU 3: Available=14.47GB, User Python Processes=1, Running Tasks=0
2025-11-30 21:08:21,480 - PID:1581354 - INFO -   User Python PIDs: [1427990]
2025-11-30 21:08:21,528 - PID:1581354 - INFO - GPU 4: Available=24.37GB, User Python Processes=0, Running Tasks=0
2025-11-30 21:08:21,602 - PID:1581354 - INFO - GPU 5: Available=4.16GB, User Python Processes=0, Running Tasks=0
2025-11-30 21:08:21,657 - PID:1581354 - INFO - GPU 6: Available=22.31GB, User Python Processes=0, Running Tasks=0
2025-11-30 21:08:21,708 - PID:1581354 - INFO - GPU 7: Available=28.10GB, User Python Processes=0, Running Tasks=0
2025-11-30 21:08:21,757 - PID:1581354 - INFO - GPU 8: Available=24.89GB, User Python Processes=0, Running Tasks=0
2025-11-30 21:08:21,820 - PID:1581354 - INFO - GPU 9: Available=13.00GB, User Python Processes=0, Running Tasks=0
2025-11-30 21:08:31,820 - PID:1581354 - INFO - === Task Status ===
2025-11-30 21:08:31,821 - PID:1581354 - INFO - Total Tasks: 14, Pending=13, Running=0, Completed=0, Failed=1
2025-11-30 21:08:31,821 - PID:1581354 - INFO - === Queue Status ===
2025-11-30 21:08:31,821 - PID:1581354 - INFO - Queue 1: 🟢 IDLE, Pending=4, Running=0, Completed=0, Failed=1
2025-11-30 21:08:31,821 - PID:1581354 - INFO - Queue 2: 🟢 IDLE, Pending=2, Running=0, Completed=0, Failed=0
2025-11-30 21:08:31,821 - PID:1581354 - INFO - Queue 3: 🟢 IDLE, Pending=2, Running=0, Completed=0, Failed=0
2025-11-30 21:08:31,821 - PID:1581354 - INFO - Queue 4: 🟢 IDLE, Pending=1, Running=0, Completed=0, Failed=0
2025-11-30 21:08:31,821 - PID:1581354 - INFO - Queue 5: 🟢 IDLE, Pending=3, Running=0, Completed=0, Failed=0
2025-11-30 21:08:31,821 - PID:1581354 - INFO - Queue 6: 🟢 IDLE, Pending=1, Running=0, Completed=0, Failed=0
2025-11-30 21:08:31,821 - PID:1581354 - INFO - === GPU Status ===
2025-11-30 21:08:31,876 - PID:1581354 - INFO - GPU 0: Available=5.72GB, User Python Processes=0, Running Tasks=0
2025-11-30 21:08:31,942 - PID:1581354 - INFO - GPU 1: Available=4.67GB, User Python Processes=0, Running Tasks=0
2025-11-30 21:08:32,009 - PID:1581354 - INFO - GPU 2: Available=4.38GB, User Python Processes=0, Running Tasks=0
2025-11-30 21:08:32,065 - PID:1581354 - INFO - GPU 3: Available=2.73GB, User Python Processes=1, Running Tasks=0
2025-11-30 21:08:32,065 - PID:1581354 - INFO -   User Python PIDs: [1427990]
2025-11-30 21:08:32,116 - PID:1581354 - INFO - GPU 4: Available=24.37GB, User Python Processes=0, Running Tasks=0
2025-11-30 21:08:32,174 - PID:1581354 - INFO - GPU 5: Available=4.16GB, User Python Processes=0, Running Tasks=0
2025-11-30 21:08:32,224 - PID:1581354 - INFO - GPU 6: Available=22.31GB, User Python Processes=0, Running Tasks=0
2025-11-30 21:08:32,273 - PID:1581354 - INFO - GPU 7: Available=28.10GB, User Python Processes=0, Running Tasks=0
2025-11-30 21:08:32,322 - PID:1581354 - INFO - GPU 8: Available=24.89GB, User Python Processes=0, Running Tasks=0
2025-11-30 21:08:32,368 - PID:1581354 - INFO - GPU 9: Available=13.00GB, User Python Processes=0, Running Tasks=0
2025-11-30 21:08:42,369 - PID:1581354 - INFO - === Task Status ===
2025-11-30 21:08:42,369 - PID:1581354 - INFO - Total Tasks: 14, Pending=13, Running=0, Completed=0, Failed=1
2025-11-30 21:08:42,369 - PID:1581354 - INFO - === Queue Status ===
2025-11-30 21:08:42,369 - PID:1581354 - INFO - Queue 1: 🟢 IDLE, Pending=4, Running=0, Completed=0, Failed=1
2025-11-30 21:08:42,369 - PID:1581354 - INFO - Queue 2: 🟢 IDLE, Pending=2, Running=0, Completed=0, Failed=0
2025-11-30 21:08:42,370 - PID:1581354 - INFO - Queue 3: 🟢 IDLE, Pending=2, Running=0, Completed=0, Failed=0
2025-11-30 21:08:42,370 - PID:1581354 - INFO - Queue 4: 🟢 IDLE, Pending=1, Running=0, Completed=0, Failed=0
2025-11-30 21:08:42,370 - PID:1581354 - INFO - Queue 5: 🟢 IDLE, Pending=3, Running=0, Completed=0, Failed=0
2025-11-30 21:08:42,370 - PID:1581354 - INFO - Queue 6: 🟢 IDLE, Pending=1, Running=0, Completed=0, Failed=0
2025-11-30 21:08:42,370 - PID:1581354 - INFO - === GPU Status ===
2025-11-30 21:08:42,421 - PID:1581354 - INFO - GPU 0: Available=5.72GB, User Python Processes=0, Running Tasks=0
2025-11-30 21:08:42,470 - PID:1581354 - INFO - GPU 1: Available=4.67GB, User Python Processes=0, Running Tasks=0
2025-11-30 21:08:42,525 - PID:1581354 - INFO - GPU 2: Available=4.38GB, User Python Processes=0, Running Tasks=0
2025-11-30 21:08:42,579 - PID:1581354 - INFO - GPU 3: Available=2.73GB, User Python Processes=1, Running Tasks=0
2025-11-30 21:08:42,579 - PID:1581354 - INFO -   User Python PIDs: [1427990]
2025-11-30 21:08:42,631 - PID:1581354 - INFO - GPU 4: Available=24.37GB, User Python Processes=0, Running Tasks=0
2025-11-30 21:08:42,686 - PID:1581354 - INFO - GPU 5: Available=4.16GB, User Python Processes=0, Running Tasks=0
2025-11-30 21:08:42,739 - PID:1581354 - INFO - GPU 6: Available=22.31GB, User Python Processes=0, Running Tasks=0
2025-11-30 21:08:42,790 - PID:1581354 - INFO - GPU 7: Available=28.10GB, User Python Processes=0, Running Tasks=0
2025-11-30 21:08:42,838 - PID:1581354 - INFO - GPU 8: Available=24.89GB, User Python Processes=0, Running Tasks=0
2025-11-30 21:08:42,888 - PID:1581354 - INFO - GPU 9: Available=13.00GB, User Python Processes=0, Running Tasks=0
2025-11-30 21:08:52,888 - PID:1581354 - INFO - === Task Status ===
2025-11-30 21:08:52,889 - PID:1581354 - INFO - Total Tasks: 14, Pending=13, Running=0, Completed=0, Failed=1
2025-11-30 21:08:52,889 - PID:1581354 - INFO - === Queue Status ===
2025-11-30 21:08:52,889 - PID:1581354 - INFO - Queue 1: 🟢 IDLE, Pending=4, Running=0, Completed=0, Failed=1
2025-11-30 21:08:52,889 - PID:1581354 - INFO - Queue 2: 🟢 IDLE, Pending=2, Running=0, Completed=0, Failed=0
2025-11-30 21:08:52,889 - PID:1581354 - INFO - Queue 3: 🟢 IDLE, Pending=2, Running=0, Completed=0, Failed=0
2025-11-30 21:08:52,889 - PID:1581354 - INFO - Queue 4: 🟢 IDLE, Pending=1, Running=0, Completed=0, Failed=0
2025-11-30 21:08:52,889 - PID:1581354 - INFO - Queue 5: 🟢 IDLE, Pending=3, Running=0, Completed=0, Failed=0
2025-11-30 21:08:52,889 - PID:1581354 - INFO - Queue 6: 🟢 IDLE, Pending=1, Running=0, Completed=0, Failed=0
2025-11-30 21:08:52,889 - PID:1581354 - INFO - === GPU Status ===
2025-11-30 21:08:52,943 - PID:1581354 - INFO - GPU 0: Available=5.72GB, User Python Processes=0, Running Tasks=0
2025-11-30 21:08:52,998 - PID:1581354 - INFO - GPU 1: Available=4.67GB, User Python Processes=0, Running Tasks=0
2025-11-30 21:08:53,055 - PID:1581354 - INFO - GPU 2: Available=4.38GB, User Python Processes=0, Running Tasks=0
2025-11-30 21:08:53,106 - PID:1581354 - INFO - GPU 3: Available=2.73GB, User Python Processes=1, Running Tasks=0
2025-11-30 21:08:53,106 - PID:1581354 - INFO -   User Python PIDs: [1427990]
2025-11-30 21:08:53,156 - PID:1581354 - INFO - GPU 4: Available=24.37GB, User Python Processes=0, Running Tasks=0
2025-11-30 21:08:53,212 - PID:1581354 - INFO - GPU 5: Available=4.16GB, User Python Processes=0, Running Tasks=0
2025-11-30 21:08:53,265 - PID:1581354 - INFO - GPU 6: Available=22.31GB, User Python Processes=0, Running Tasks=0
2025-11-30 21:08:53,324 - PID:1581354 - INFO - GPU 7: Available=28.10GB, User Python Processes=0, Running Tasks=0
2025-11-30 21:08:53,374 - PID:1581354 - INFO - GPU 8: Available=24.89GB, User Python Processes=0, Running Tasks=0
2025-11-30 21:08:53,422 - PID:1581354 - INFO - GPU 9: Available=13.00GB, User Python Processes=0, Running Tasks=0
2025-11-30 21:09:03,422 - PID:1581354 - INFO - === Task Status ===
2025-11-30 21:09:03,423 - PID:1581354 - INFO - Total Tasks: 14, Pending=13, Running=0, Completed=0, Failed=1
2025-11-30 21:09:03,423 - PID:1581354 - INFO - === Queue Status ===
2025-11-30 21:09:03,423 - PID:1581354 - INFO - Queue 1: 🟢 IDLE, Pending=4, Running=0, Completed=0, Failed=1
2025-11-30 21:09:03,423 - PID:1581354 - INFO - Queue 2: 🟢 IDLE, Pending=2, Running=0, Completed=0, Failed=0
2025-11-30 21:09:03,423 - PID:1581354 - INFO - Queue 3: 🟢 IDLE, Pending=2, Running=0, Completed=0, Failed=0
2025-11-30 21:09:03,423 - PID:1581354 - INFO - Queue 4: 🟢 IDLE, Pending=1, Running=0, Completed=0, Failed=0
2025-11-30 21:09:03,423 - PID:1581354 - INFO - Queue 5: 🟢 IDLE, Pending=3, Running=0, Completed=0, Failed=0
2025-11-30 21:09:03,423 - PID:1581354 - INFO - Queue 6: 🟢 IDLE, Pending=1, Running=0, Completed=0, Failed=0
2025-11-30 21:09:03,423 - PID:1581354 - INFO - === GPU Status ===
2025-11-30 21:09:03,486 - PID:1581354 - INFO - GPU 0: Available=5.72GB, User Python Processes=0, Running Tasks=0
2025-11-30 21:09:03,538 - PID:1581354 - INFO - GPU 1: Available=4.67GB, User Python Processes=0, Running Tasks=0
2025-11-30 21:09:03,593 - PID:1581354 - INFO - GPU 2: Available=4.38GB, User Python Processes=0, Running Tasks=0
2025-11-30 21:09:03,642 - PID:1581354 - INFO - GPU 3: Available=18.20GB, User Python Processes=1, Running Tasks=0
2025-11-30 21:09:03,642 - PID:1581354 - INFO -   User Python PIDs: [1427990]
2025-11-30 21:09:03,691 - PID:1581354 - INFO - GPU 4: Available=24.37GB, User Python Processes=0, Running Tasks=0
2025-11-30 21:09:03,748 - PID:1581354 - INFO - GPU 5: Available=4.16GB, User Python Processes=0, Running Tasks=0
2025-11-30 21:09:03,797 - PID:1581354 - INFO - GPU 6: Available=22.31GB, User Python Processes=0, Running Tasks=0
2025-11-30 21:09:03,850 - PID:1581354 - INFO - GPU 7: Available=28.10GB, User Python Processes=0, Running Tasks=0
2025-11-30 21:09:03,902 - PID:1581354 - INFO - GPU 8: Available=24.89GB, User Python Processes=0, Running Tasks=0
2025-11-30 21:09:03,952 - PID:1581354 - INFO - GPU 9: Available=13.00GB, User Python Processes=0, Running Tasks=0
