2025-11-30 22:28:09,599 - INFO - 📝 Log file: /home/hdl/project/fgvr_test_new/logs/compete_gpu/compete_gpu(11).log
2025-11-30 22:28:09,700 - INFO - 🖥️ Available GPUs: [0, 1, 2, 3, 4, 5, 6, 7, 8, 9]
2025-11-30 22:28:09,701 - INFO - 📋 Total tasks: 14, Queues: [1, 2, 3, 4, 5, 6]
2025-11-30 22:28:09,701 - INFO -    Queue 1: 5 tasks
2025-11-30 22:28:09,701 - INFO -    Queue 2: 2 tasks
2025-11-30 22:28:09,702 - INFO -    Queue 3: 2 tasks
2025-11-30 22:28:09,702 - INFO -    Queue 4: 1 tasks
2025-11-30 22:28:09,702 - INFO -    Queue 5: 3 tasks
2025-11-30 22:28:09,702 - INFO -    Queue 6: 1 tasks
2025-11-30 22:28:09,702 - INFO - 🏁 Starting GPU competition scheduler
2025-11-30 22:28:09,702 - INFO - ============================================================
2025-11-30 22:28:09,702 - INFO - 📊 Tasks: Pending=14, Running=0, Completed=0, Failed=0
2025-11-30 22:28:09,702 - INFO -    Queue 1: 🟢 IDLE, Pending=5, Completed=0
2025-11-30 22:28:09,703 - INFO -    Queue 2: 🟢 IDLE, Pending=2, Completed=0
2025-11-30 22:28:09,703 - INFO -    Queue 3: 🟢 IDLE, Pending=2, Completed=0
2025-11-30 22:28:09,703 - INFO -    Queue 4: 🟢 IDLE, Pending=1, Completed=0
2025-11-30 22:28:09,703 - INFO -    Queue 5: 🟢 IDLE, Pending=3, Completed=0
2025-11-30 22:28:09,703 - INFO -    Queue 6: 🟢 IDLE, Pending=1, Completed=0
2025-11-30 22:28:09,703 - INFO - ============================================================
2025-11-30 22:28:10,109 - INFO - ✅ GPU 4 available: 23.8GB free
2025-11-30 22:28:10,110 - INFO - 🚀 Starting task compete_216208 (Queue 6) on GPU 4
2025-11-30 22:28:10,110 - INFO -    [1/2] bash /home/hdl/project/fgvr_test_new/scripts/set_hyperparameters.sh --experience...
2025-11-30 22:28:10,449 - INFO -    > === 超参数设置脚本 ===
2025-11-30 22:28:10,449 - INFO -    > 项目根目录: /home/hdl/project/fgvr_test_new
2025-11-30 22:28:10,449 - INFO -    > 超参数文件: /home/hdl/project/fgvr_test_new/configs/hyperparameters.yaml
2025-11-30 22:28:10,449 - INFO -    > 
2025-11-30 22:28:10,449 - INFO -    > 
2025-11-30 22:28:10,449 - INFO -    [2/2] bash /home/hdl/project/fgvr_test_new/scripts/run_pipeline.sh sun --uni_id compet...
2025-11-30 22:28:10,504 - ERROR -    Command failed: 
2025-11-30 22:28:10,636 - INFO - ✅ GPU 4 available: 23.8GB free
2025-11-30 22:28:10,636 - INFO - 🚀 Starting task compete_457350 (Queue 4) on GPU 4
2025-11-30 22:28:10,636 - INFO -    [1/2] bash /home/hdl/project/fgvr_test_new/scripts/set_hyperparameters.sh --experience...
2025-11-30 22:28:10,865 - INFO -    > === 超参数设置脚本 ===
2025-11-30 22:28:10,866 - INFO -    > 项目根目录: /home/hdl/project/fgvr_test_new
2025-11-30 22:28:10,866 - INFO -    > 超参数文件: /home/hdl/project/fgvr_test_new/configs/hyperparameters.yaml
2025-11-30 22:28:10,866 - INFO -    > 
2025-11-30 22:28:10,866 - INFO -    > 
2025-11-30 22:28:10,866 - INFO -    [2/2] bash /home/hdl/project/fgvr_test_new/scripts/run_pipeline.sh imagenet_v2 --uni_i...
2025-11-30 22:28:10,939 - INFO -    > [0;32m[SUCCESS][0m Pipeline 已启动 (完全后台), PID=1666611
2025-11-30 22:28:10,940 - INFO -    > [0;34m[INFO][0m 日志文件: /home/hdl/project/fgvr_test_new/logs/pipeline/imagenet_v2_1000/pipeline_imag
2025-11-30 22:28:10,940 - INFO -    > 实时查看日志: tail -f '/home/hdl/project/fgvr_test_new/logs/pipeline/imagenet_v2_1000/pipeline_imagenet_v2
2025-11-30 22:28:10,940 - INFO - ✅ Task compete_457350 commands completed, waiting for background process...
2025-11-30 22:28:12,941 - INFO - ✅ Process confirmed: compete_457350 PID=1666664
2025-11-30 22:28:12,941 - INFO - ⏳ Waiting 30s before next task...
2025-11-30 22:28:43,097 - INFO - ✅ GPU 6 available: 38.0GB free
2025-11-30 22:28:43,097 - INFO - 🚀 Starting task compete_347310 (Queue 3) on GPU 6
2025-11-30 22:28:43,097 - INFO -    [1/3] rm -rf /home/hdl/project/fgvr_test_new/experiments/bird200/knowledge_base...
2025-11-30 22:28:43,101 - INFO -    [2/3] bash /home/hdl/project/fgvr_test_new/scripts/set_hyperparameters.sh --experience...
2025-11-30 22:28:43,352 - INFO -    > === 超参数设置脚本 ===
2025-11-30 22:28:43,352 - INFO -    > 项目根目录: /home/hdl/project/fgvr_test_new
2025-11-30 22:28:43,352 - INFO -    > 超参数文件: /home/hdl/project/fgvr_test_new/configs/hyperparameters.yaml
2025-11-30 22:28:43,352 - INFO -    > 
2025-11-30 22:28:43,353 - INFO -    > 
2025-11-30 22:28:43,353 - INFO -    [3/3] bash /home/hdl/project/fgvr_test_new/scripts/run_pipeline.sh bird --uni_id compe...
2025-11-30 22:28:43,421 - INFO -    > [0;32m[SUCCESS][0m Pipeline 已启动 (完全后台), PID=1667743
2025-11-30 22:28:43,421 - INFO -    > [0;34m[INFO][0m 日志文件: /home/hdl/project/fgvr_test_new/logs/pipeline/bird200/pipeline_bird(7).log
2025-11-30 22:28:43,422 - INFO -    > 实时查看日志: tail -f '/home/hdl/project/fgvr_test_new/logs/pipeline/bird200/pipeline_bird(7).log'
2025-11-30 22:28:43,422 - INFO - ✅ Task compete_347310 commands completed, waiting for background process...
2025-11-30 22:28:45,422 - INFO - ✅ Process confirmed: compete_347310 PID=1667779
2025-11-30 22:28:45,422 - INFO - ⏳ Waiting 30s before next task...
