2025-11-30 23:00:00,199 - INFO - 📝 Log file: /home/hdl/project/fgvr_test_new/logs/compete_gpu/compete_gpu(14).log
2025-11-30 23:00:00,301 - INFO - 🖥️ Available GPUs: [0, 1, 2, 3, 4, 5, 6, 7, 8, 9]
2025-11-30 23:00:00,302 - INFO - 📋 Total tasks: 14, Queues: [1, 2, 3, 4, 5, 6]
2025-11-30 23:00:00,302 - INFO -    Queue 1: 5 tasks
2025-11-30 23:00:00,302 - INFO -    Queue 2: 2 tasks
2025-11-30 23:00:00,302 - INFO -    Queue 3: 2 tasks
2025-11-30 23:00:00,302 - INFO -    Queue 4: 1 tasks
2025-11-30 23:00:00,302 - INFO -    Queue 5: 3 tasks
2025-11-30 23:00:00,303 - INFO -    Queue 6: 1 tasks
2025-11-30 23:00:00,303 - INFO - 🏁 Starting GPU competition scheduler
2025-11-30 23:00:00,303 - INFO - ============================================================
2025-11-30 23:00:00,303 - INFO - 📊 Tasks: Pending=14, Running=0, Completed=0, Failed=0
2025-11-30 23:00:00,303 - INFO -    Queue 1: 🟢 IDLE, Pending=5, Completed=0
2025-11-30 23:00:00,303 - INFO -    Queue 2: 🟢 IDLE, Pending=2, Completed=0
2025-11-30 23:00:00,303 - INFO -    Queue 3: 🟢 IDLE, Pending=2, Completed=0
2025-11-30 23:00:00,303 - INFO -    Queue 4: 🟢 IDLE, Pending=1, Completed=0
2025-11-30 23:00:00,303 - INFO -    Queue 5: 🟢 IDLE, Pending=3, Completed=0
2025-11-30 23:00:00,303 - INFO -    Queue 6: 🟢 IDLE, Pending=1, Completed=0
2025-11-30 23:00:00,303 - INFO - ============================================================
2025-11-30 23:00:00,991 - INFO - ✅ GPU 4 available: 23.8GB free
2025-11-30 23:00:00,991 - INFO - 🚀 Starting task compete_803275 (Queue 2) on GPU 4
2025-11-30 23:00:00,991 - INFO -    [1/3] [GPU 4] rm -rf /home/hdl/project/fgvr_test_new/experiments/flower102/knowledge_base...
2025-11-30 23:00:00,995 - INFO -    [2/3] [GPU 4] bash /home/hdl/project/fgvr_test_new/scripts/set_hyperparameters.sh --experience...
2025-11-30 23:00:01,060 - INFO -    > === 超参数设置脚本 ===
2025-11-30 23:00:01,060 - INFO -    > 项目根目录: /home/hdl/project/fgvr_test_new
2025-11-30 23:00:01,060 - INFO -    > 超参数文件: /home/hdl/project/fgvr_test_new/configs/hyperparameters.yaml
2025-11-30 23:00:01,060 - INFO -    > 
2025-11-30 23:00:01,061 - INFO -    > 
2025-11-30 23:00:01,061 - INFO -    [3/3] [GPU 4] bash /home/hdl/project/fgvr_test_new/scripts/run_pipeline.sh flower --uni_id com...
2025-11-30 23:00:01,125 - INFO -    > [0;32m[SUCCESS][0m Pipeline 已启动 (完全后台), PID=1701772
2025-11-30 23:00:01,125 - INFO -    > [0;34m[INFO][0m 日志文件: /home/hdl/project/fgvr_test_new/logs/pipeline/flower102/pipeline_flower(13).
2025-11-30 23:00:01,125 - INFO -    > 实时查看日志: tail -f '/home/hdl/project/fgvr_test_new/logs/pipeline/flower102/pipeline_flower(13).log'
2025-11-30 23:00:01,125 - INFO - ✅ Task compete_803275 commands completed, waiting for background process...
2025-11-30 23:00:03,126 - INFO - ✅ Process confirmed: compete_803275 PID=1701827
2025-11-30 23:00:03,126 - INFO - ⏳ Waiting 30s before next task...
2025-11-30 23:00:33,571 - INFO - ✅ GPU 6 available: 38.0GB free
2025-11-30 23:00:33,572 - INFO - 🚀 Starting task compete_339415 (Queue 3) on GPU 6
2025-11-30 23:00:33,572 - INFO -    [1/3] [GPU 6] rm -rf /home/hdl/project/fgvr_test_new/experiments/bird200/knowledge_base...
2025-11-30 23:00:33,574 - INFO -    [2/3] [GPU 6] bash /home/hdl/project/fgvr_test_new/scripts/set_hyperparameters.sh --experience...
2025-11-30 23:00:33,635 - INFO -    > === 超参数设置脚本 ===
2025-11-30 23:00:33,635 - INFO -    > 项目根目录: /home/hdl/project/fgvr_test_new
2025-11-30 23:00:33,635 - INFO -    > 超参数文件: /home/hdl/project/fgvr_test_new/configs/hyperparameters.yaml
2025-11-30 23:00:33,635 - INFO -    > 
2025-11-30 23:00:33,635 - INFO -    > 
2025-11-30 23:00:33,635 - INFO -    [3/3] [GPU 6] bash /home/hdl/project/fgvr_test_new/scripts/run_pipeline.sh bird --uni_id compe...
2025-11-30 23:00:33,704 - INFO -    > [0;32m[SUCCESS][0m Pipeline 已启动 (完全后台), PID=1702621
2025-11-30 23:00:33,705 - INFO -    > [0;34m[INFO][0m 日志文件: /home/hdl/project/fgvr_test_new/logs/pipeline/bird200/pipeline_bird(10).log
2025-11-30 23:00:33,705 - INFO -    > 实时查看日志: tail -f '/home/hdl/project/fgvr_test_new/logs/pipeline/bird200/pipeline_bird(10).log'
2025-11-30 23:00:33,705 - INFO - ✅ Task compete_339415 commands completed, waiting for background process...
2025-11-30 23:00:35,706 - INFO - ✅ Process confirmed: compete_339415 PID=1702651
2025-11-30 23:00:35,706 - INFO - ⏳ Waiting 30s before next task...
2025-11-30 23:00:41,707 - INFO - 🛑 Interrupted by user
2025-11-30 23:00:41,707 - INFO - 🏁 Scheduler stopped
