2025-11-30 22:23:24,382 - INFO - 📝 Log file: /home/hdl/project/fgvr_test_new/logs/compete_gpu/compete_gpu(9).log
2025-11-30 22:23:24,485 - INFO - 🖥️ Available GPUs: [0, 1, 2, 3, 4, 5, 6, 7, 8, 9]
2025-11-30 22:23:24,486 - INFO - 📋 Total tasks: 14, Queues: [1, 2, 3, 4, 5, 6]
2025-11-30 22:23:24,486 - INFO -    Queue 1: 5 tasks
2025-11-30 22:23:24,486 - INFO -    Queue 2: 2 tasks
2025-11-30 22:23:24,486 - INFO -    Queue 3: 2 tasks
2025-11-30 22:23:24,486 - INFO -    Queue 4: 1 tasks
2025-11-30 22:23:24,486 - INFO -    Queue 5: 3 tasks
2025-11-30 22:23:24,486 - INFO -    Queue 6: 1 tasks
2025-11-30 22:23:24,486 - INFO - 🏁 Starting GPU competition scheduler
2025-11-30 22:23:24,486 - INFO - ============================================================
2025-11-30 22:23:24,487 - INFO - 📊 Tasks: Pending=14, Running=0, Completed=0, Failed=0
2025-11-30 22:23:24,487 - INFO -    Queue 1: 🟢 IDLE, Pending=5, Completed=0
2025-11-30 22:23:24,487 - INFO -    Queue 2: 🟢 IDLE, Pending=2, Completed=0
2025-11-30 22:23:24,487 - INFO -    Queue 3: 🟢 IDLE, Pending=2, Completed=0
2025-11-30 22:23:24,487 - INFO -    Queue 4: 🟢 IDLE, Pending=1, Completed=0
2025-11-30 22:23:24,487 - INFO -    Queue 5: 🟢 IDLE, Pending=3, Completed=0
2025-11-30 22:23:24,487 - INFO -    Queue 6: 🟢 IDLE, Pending=1, Completed=0
2025-11-30 22:23:24,487 - INFO - ============================================================
2025-11-30 22:23:24,930 - INFO - ✅ GPU 4 available: 23.8GB free
2025-11-30 22:23:24,930 - INFO - 🚀 Starting task compete_720110 (Queue 6) on GPU 4
2025-11-30 22:23:24,930 - INFO -    [1/2] bash /home/hdl/project/fgvr_test_new/scripts/set_hyperparameters.sh --experience...
2025-11-30 22:23:24,995 - INFO -    > === 超参数设置脚本 ===
2025-11-30 22:23:24,995 - INFO -    > 项目根目录: /home/hdl/project/fgvr_test_new
2025-11-30 22:23:24,995 - INFO -    > 超参数文件: /home/hdl/project/fgvr_test_new/configs/hyperparameters.yaml
2025-11-30 22:23:24,995 - INFO -    > 
2025-11-30 22:23:24,995 - INFO -    > 
2025-11-30 22:23:24,995 - INFO -    [2/2] CUDA_VISIBLE_DEVICES=4 bash /home/hdl/project/fgvr_test_new/scripts/run_pipeline...
2025-11-30 22:23:25,056 - ERROR -    Command failed: 
2025-11-30 22:23:25,183 - INFO - ✅ GPU 4 available: 23.8GB free
2025-11-30 22:23:25,183 - INFO - 🚀 Starting task compete_981627 (Queue 4) on GPU 4
2025-11-30 22:23:25,183 - INFO -    [1/2] bash /home/hdl/project/fgvr_test_new/scripts/set_hyperparameters.sh --experience...
2025-11-30 22:23:25,270 - INFO -    > === 超参数设置脚本 ===
2025-11-30 22:23:25,270 - INFO -    > 项目根目录: /home/hdl/project/fgvr_test_new
2025-11-30 22:23:25,271 - INFO -    > 超参数文件: /home/hdl/project/fgvr_test_new/configs/hyperparameters.yaml
2025-11-30 22:23:25,271 - INFO -    > 
2025-11-30 22:23:25,271 - INFO -    > 
2025-11-30 22:23:25,271 - INFO -    [2/2] CUDA_VISIBLE_DEVICES=4 bash /home/hdl/project/fgvr_test_new/scripts/run_pipeline...
2025-11-30 22:23:25,336 - INFO -    > [0;32m[SUCCESS][0m Pipeline 已启动 (完全后台), PID=1658553
2025-11-30 22:23:25,336 - INFO -    > [0;34m[INFO][0m 日志文件: /home/hdl/project/fgvr_test_new/logs/pipeline/imagenet_v2_1000/pipeline_imag
2025-11-30 22:23:25,336 - INFO -    > 实时查看日志: tail -f '/home/hdl/project/fgvr_test_new/logs/pipeline/imagenet_v2_1000/pipeline_imagenet_v2
2025-11-30 22:23:25,336 - INFO - ✅ Task compete_981627 commands completed, waiting for background process...
2025-11-30 22:23:27,337 - INFO - ✅ Process confirmed: compete_981627 PID=1658601
2025-11-30 22:23:27,337 - INFO - ⏳ Waiting 30s before next task...
2025-11-30 22:23:57,522 - INFO - ✅ GPU 6 available: 38.0GB free
2025-11-30 22:23:57,522 - INFO - 🚀 Starting task compete_950340 (Queue 1) on GPU 6
2025-11-30 22:23:57,522 - INFO -    [1/3] rm -rf /home/hdl/project/fgvr_test_new/experiments/car196/knowledge_base...
2025-11-30 22:23:57,525 - INFO -    [2/3] bash /home/hdl/project/fgvr_test_new/scripts/set_hyperparameters.sh --experience...
2025-11-30 22:23:57,581 - INFO -    > === 超参数设置脚本 ===
2025-11-30 22:23:57,581 - INFO -    > 项目根目录: /home/hdl/project/fgvr_test_new
2025-11-30 22:23:57,582 - INFO -    > 超参数文件: /home/hdl/project/fgvr_test_new/configs/hyperparameters.yaml
2025-11-30 22:23:57,582 - INFO -    > 
2025-11-30 22:23:57,582 - INFO -    > 
2025-11-30 22:23:57,582 - INFO -    [3/3] CUDA_VISIBLE_DEVICES=6 bash /home/hdl/project/fgvr_test_new/scripts/run_pipeline...
2025-11-30 22:23:57,648 - INFO -    > [0;32m[SUCCESS][0m Pipeline 已启动 (完全后台), PID=1659349
2025-11-30 22:23:57,648 - INFO -    > [0;34m[INFO][0m 日志文件: /home/hdl/project/fgvr_test_new/logs/pipeline/car196/pipeline_car(16).log
2025-11-30 22:23:57,648 - INFO -    > 实时查看日志: tail -f '/home/hdl/project/fgvr_test_new/logs/pipeline/car196/pipeline_car(16).log'
2025-11-30 22:23:57,648 - INFO - ✅ Task compete_950340 commands completed, waiting for background process...
2025-11-30 22:23:59,649 - INFO - ✅ Process confirmed: compete_950340 PID=1659384
2025-11-30 22:23:59,649 - INFO - ⏳ Waiting 30s before next task...
2025-11-30 22:24:29,809 - INFO - ✅ GPU 7 available: 38.2GB free
2025-11-30 22:24:29,809 - INFO - 🚀 Starting task compete_596975 (Queue 5) on GPU 7
2025-11-30 22:24:29,809 - INFO -    [1/3] rm -rf /home/hdl/project/fgvr_test_new/experiments/dog120/knowledge_base...
2025-11-30 22:24:29,813 - INFO -    [2/3] bash /home/hdl/project/fgvr_test_new/scripts/set_hyperparameters.sh --experience...
2025-11-30 22:24:29,884 - INFO -    > === 超参数设置脚本 ===
2025-11-30 22:24:29,884 - INFO -    > 项目根目录: /home/hdl/project/fgvr_test_new
2025-11-30 22:24:29,884 - INFO -    > 超参数文件: /home/hdl/project/fgvr_test_new/configs/hyperparameters.yaml
2025-11-30 22:24:29,884 - INFO -    > 
2025-11-30 22:24:29,884 - INFO -    > 
2025-11-30 22:24:29,885 - INFO -    [3/3] CUDA_VISIBLE_DEVICES=7 bash /home/hdl/project/fgvr_test_new/scripts/run_pipeline...
2025-11-30 22:24:29,958 - INFO -    > [0;32m[SUCCESS][0m Pipeline 已启动 (完全后台), PID=1660114
2025-11-30 22:24:29,958 - INFO -    > [0;34m[INFO][0m 日志文件: /home/hdl/project/fgvr_test_new/logs/pipeline/dog120/pipeline_dog(17).log
2025-11-30 22:24:29,958 - INFO -    > 实时查看日志: tail -f '/home/hdl/project/fgvr_test_new/logs/pipeline/dog120/pipeline_dog(17).log'
2025-11-30 22:24:29,958 - INFO - ✅ Task compete_596975 commands completed, waiting for background process...
2025-11-30 22:24:31,959 - INFO - ✅ Process confirmed: compete_596975 PID=1660161
2025-11-30 22:24:31,959 - INFO - ⏳ Waiting 30s before next task...
2025-11-30 22:25:02,121 - INFO - ✅ GPU 8 available: 40.1GB free
2025-11-30 22:25:02,121 - INFO - 🚀 Starting task compete_664499 (Queue 2) on GPU 8
2025-11-30 22:25:02,121 - INFO -    [1/3] rm -rf /home/hdl/project/fgvr_test_new/experiments/flower102/knowledge_base...
2025-11-30 22:25:02,124 - INFO -    [2/3] bash /home/hdl/project/fgvr_test_new/scripts/set_hyperparameters.sh --experience...
2025-11-30 22:25:02,185 - INFO -    > === 超参数设置脚本 ===
2025-11-30 22:25:02,186 - INFO -    > 项目根目录: /home/hdl/project/fgvr_test_new
2025-11-30 22:25:02,186 - INFO -    > 超参数文件: /home/hdl/project/fgvr_test_new/configs/hyperparameters.yaml
2025-11-30 22:25:02,186 - INFO -    > 
2025-11-30 22:25:02,186 - INFO -    > 
2025-11-30 22:25:02,186 - INFO -    [3/3] CUDA_VISIBLE_DEVICES=8 bash /home/hdl/project/fgvr_test_new/scripts/run_pipeline...
2025-11-30 22:25:02,253 - INFO -    > [0;32m[SUCCESS][0m Pipeline 已启动 (完全后台), PID=1661109
2025-11-30 22:25:02,253 - INFO -    > [0;34m[INFO][0m 日志文件: /home/hdl/project/fgvr_test_new/logs/pipeline/flower102/pipeline_flower(10).
2025-11-30 22:25:02,253 - INFO -    > 实时查看日志: tail -f '/home/hdl/project/fgvr_test_new/logs/pipeline/flower102/pipeline_flower(10).log'
2025-11-30 22:25:02,254 - INFO - ✅ Task compete_664499 commands completed, waiting for background process...
2025-11-30 22:25:04,254 - INFO - ✅ Process confirmed: compete_664499 PID=1661149
2025-11-30 22:25:04,255 - INFO - ⏳ Waiting 30s before next task...
