2025-11-30 22:05:39,559 - PID:1631658 - INFO - 🚀 GPU Competition Script Started - PID: 1631658
2025-11-30 22:05:39,559 - PID:1631658 - INFO - 📁 Log directory: /home/hdl/project/fgvr_test_new/logs/compete_gpu
2025-11-30 22:05:39,559 - PID:1631658 - INFO - 📄 Log file: /home/hdl/project/fgvr_test_new/logs/compete_gpu/compete_gpu(7).log
2025-11-30 22:05:39,559 - PID:1631658 - INFO - ⚙️  Maximize Resource Utilization: False
2025-11-30 22:05:39,559 - PID:1631658 - INFO - ⏱️  Check interval: 5 seconds
2025-11-30 22:05:39,559 - PID:1631658 - INFO - ⏰ Task wait interval: 60 seconds
2025-11-30 22:05:39,658 - PID:1631658 - INFO - Using all detected GPUs: [0, 1, 2, 3, 4, 5, 6, 7, 8, 9]
2025-11-30 22:05:39,660 - PID:1631658 - INFO - 📋 Task queues setup:
2025-11-30 22:05:39,660 - PID:1631658 - INFO -   Queue 1: 5 tasks
2025-11-30 22:05:39,660 - PID:1631658 - INFO -     Task 1: rm -rf {work_dir}/experiments/car196/knowledge_base -> bash {work_dir}/scripts/set_hyperparameters.sh --experience_number 8 -> CUDA_VISIBLE_DEVICES={available_gpu} bash {work_dir}/scripts/run_pipeline.sh car --uni_id {uni_id}
2025-11-30 22:05:39,660 - PID:1631658 - INFO -     Task 2: rm -rf {work_dir}/experiments/car196/knowledge_base -> bash {work_dir}/scripts/set_hyperparameters.sh --experience_number 5 -> CUDA_VISIBLE_DEVICES={available_gpu} bash {work_dir}/scripts/run_pipeline.sh car --uni_id {uni_id}
2025-11-30 22:05:39,660 - PID:1631658 - INFO -     Task 3: rm -rf {work_dir}/experiments/car196/knowledge_base -> bash {work_dir}/scripts/set_hyperparameters.sh --experience_number 3 -> CUDA_VISIBLE_DEVICES={available_gpu} bash {work_dir}/scripts/run_pipeline.sh car --uni_id {uni_id}
2025-11-30 22:05:39,660 - PID:1631658 - INFO -     Task 4: rm -rf {work_dir}/experiments/car196/knowledge_base -> bash {work_dir}/scripts/set_hyperparameters.sh --experience_number 20 -> CUDA_VISIBLE_DEVICES={available_gpu} bash {work_dir}/scripts/run_pipeline.sh car --uni_id {uni_id}
2025-11-30 22:05:39,660 - PID:1631658 - INFO -     Task 5: rm -rf {work_dir}/experiments/car196/knowledge_base -> bash {work_dir}/scripts/set_hyperparameters.sh --experience_number 50 -> CUDA_VISIBLE_DEVICES={available_gpu} bash {work_dir}/scripts/run_pipeline.sh car --uni_id {uni_id}
2025-11-30 22:05:39,660 - PID:1631658 - INFO -   Queue 2: 2 tasks
2025-11-30 22:05:39,660 - PID:1631658 - INFO -     Task 1: rm -rf {work_dir}/experiments/flower102/knowledge_base -> bash {work_dir}/scripts/set_hyperparameters.sh --experience_number 15 -> CUDA_VISIBLE_DEVICES={available_gpu} bash {work_dir}/scripts/run_pipeline.sh flower --uni_id {uni_id}
2025-11-30 22:05:39,660 - PID:1631658 - INFO -     Task 2: rm -rf {work_dir}/experiments/flower102/knowledge_base -> bash {work_dir}/scripts/set_hyperparameters.sh --experience_number 5 -> CUDA_VISIBLE_DEVICES={available_gpu} bash {work_dir}/scripts/run_pipeline.sh flower --uni_id {uni_id}
2025-11-30 22:05:39,661 - PID:1631658 - INFO -   Queue 3: 2 tasks
2025-11-30 22:05:39,661 - PID:1631658 - INFO -     Task 1: rm -rf {work_dir}/experiments/bird200/knowledge_base -> bash {work_dir}/scripts/set_hyperparameters.sh --experience_number 50 -> CUDA_VISIBLE_DEVICES={available_gpu} bash {work_dir}/scripts/run_pipeline.sh bird --uni_id {uni_id}
2025-11-30 22:05:39,661 - PID:1631658 - INFO -     Task 2: rm -rf {work_dir}/experiments/bird200/knowledge_base -> bash {work_dir}/scripts/set_hyperparameters.sh --experience_number 50 -> CUDA_VISIBLE_DEVICES={available_gpu} bash {work_dir}/scripts/run_pipeline.sh bird --uni_id {uni_id}
2025-11-30 22:05:39,661 - PID:1631658 - INFO -   Queue 4: 1 tasks
2025-11-30 22:05:39,661 - PID:1631658 - INFO -     Task 1: bash {work_dir}/scripts/set_hyperparameters.sh --experience_number 8 -> CUDA_VISIBLE_DEVICES={available_gpu} bash {work_dir}/scripts/run_pipeline.sh imagenet_v2 --uni_id {uni_id}
2025-11-30 22:05:39,661 - PID:1631658 - INFO -   Queue 5: 3 tasks
2025-11-30 22:05:39,661 - PID:1631658 - INFO -     Task 1: rm -rf {work_dir}/experiments/dog120/knowledge_base -> bash {work_dir}/scripts/set_hyperparameters.sh --experience_number 5 -> CUDA_VISIBLE_DEVICES={available_gpu} bash {work_dir}/scripts/run_pipeline.sh dog --uni_id {uni_id}
2025-11-30 22:05:39,661 - PID:1631658 - INFO -     Task 2: rm -rf {work_dir}/experiments/dog120/knowledge_base -> bash {work_dir}/scripts/set_hyperparameters.sh --experience_number 15 -> CUDA_VISIBLE_DEVICES={available_gpu} bash {work_dir}/scripts/run_pipeline.sh dog --uni_id {uni_id}
2025-11-30 22:05:39,661 - PID:1631658 - INFO -     Task 3: rm -rf {work_dir}/experiments/dog120/knowledge_base -> bash {work_dir}/scripts/set_hyperparameters.sh --experience_number 3 -> CUDA_VISIBLE_DEVICES={available_gpu} bash {work_dir}/scripts/run_pipeline.sh dog --uni_id {uni_id}
2025-11-30 22:05:39,661 - PID:1631658 - INFO -   Queue 6: 1 tasks
2025-11-30 22:05:39,661 - PID:1631658 - INFO -     Task 1: bash {work_dir}/scripts/set_hyperparameters.sh --experience_number 8 -> CUDA_VISIBLE_DEVICES={available_gpu} bash {work_dir}/scripts/run_pipeline.sh sun --uni_id {uni_id}
2025-11-30 22:05:39,661 - PID:1631658 - INFO - 📋 Created 6 tasks for dynamic GPU allocation
2025-11-30 22:05:39,661 - PID:1631658 - INFO - Starting GPU competition process
2025-11-30 22:05:39,661 - PID:1631658 - INFO - Available GPUs: [0, 1, 2, 3, 4, 5, 6, 7, 8, 9]
2025-11-30 22:05:39,661 - PID:1631658 - INFO - Check interval: 5 seconds
2025-11-30 22:05:39,661 - PID:1631658 - INFO - Log directory: /home/hdl/project/fgvr_test_new/logs/compete_gpu
2025-11-30 22:05:39,662 - PID:1631658 - INFO - Maximize resource utilization: False
2025-11-30 22:05:39,662 - PID:1631658 - INFO - Total tasks: 14
2025-11-30 22:05:39,662 - PID:1631658 - INFO - === Task Status ===
2025-11-30 22:05:39,662 - PID:1631658 - INFO - Total Tasks: 14, Pending=14, Running(memory)=0, Running(actual)=0, Completed=0, Failed=0
2025-11-30 22:05:39,662 - PID:1631658 - INFO - === Queue Status ===
2025-11-30 22:05:39,662 - PID:1631658 - INFO - Queue 1: 🟢 IDLE, Pending=5, Running=0, Completed=0, Failed=0
2025-11-30 22:05:39,662 - PID:1631658 - INFO - Queue 2: 🟢 IDLE, Pending=2, Running=0, Completed=0, Failed=0
2025-11-30 22:05:39,662 - PID:1631658 - INFO - Queue 3: 🟢 IDLE, Pending=2, Running=0, Completed=0, Failed=0
2025-11-30 22:05:39,663 - PID:1631658 - INFO - Queue 4: 🟢 IDLE, Pending=1, Running=0, Completed=0, Failed=0
2025-11-30 22:05:39,663 - PID:1631658 - INFO - Queue 5: 🟢 IDLE, Pending=3, Running=0, Completed=0, Failed=0
2025-11-30 22:05:39,663 - PID:1631658 - INFO - Queue 6: 🟢 IDLE, Pending=1, Running=0, Completed=0, Failed=0
2025-11-30 22:05:39,663 - PID:1631658 - INFO - === GPU Status ===
2025-11-30 22:05:39,721 - PID:1631658 - INFO - GPU 0: ❌ Available=5.72GB, User Python Processes=0, Running Tasks=0
2025-11-30 22:05:39,786 - PID:1631658 - INFO - GPU 1: ❌ Available=4.67GB, User Python Processes=0, Running Tasks=0
2025-11-30 22:05:39,825 - PID:1631658 - INFO - GPU 4: Available for task compete_427108. Memory: 24.37GB
2025-11-30 22:05:39,825 - PID:1631658 - INFO - 🚀 Starting queue 3 task compete_427108 on GPU 4
2025-11-30 22:05:39,826 - PID:1631658 - INFO - Starting task on GPU 4: rm -rf {work_dir}/experiments/bird200/knowledge_base -> bash {work_dir}/scripts/set_hyperparameters.sh --experience_number 50 -> CUDA_VISIBLE_DEVICES={available_gpu} bash {work_dir}/scripts/run_pipeline.sh bird --uni_id {uni_id}
2025-11-30 22:05:39,826 - PID:1631658 - INFO - Executing command 1/3 on GPU 4: rm -rf /home/hdl/project/fgvr_test_new/experiments/bird200/knowledge_base
2025-11-30 22:05:39,844 - PID:1631658 - INFO - GPU 2: ❌ Available=4.38GB, User Python Processes=0, Running Tasks=0
2025-11-30 22:05:39,900 - PID:1631658 - INFO - Command 1/3 completed successfully
2025-11-30 22:05:39,900 - PID:1631658 - INFO - Executing command 2/3 on GPU 4: bash /home/hdl/project/fgvr_test_new/scripts/set_hyperparameters.sh --experience_number 50
2025-11-30 22:05:39,907 - PID:1631658 - INFO - GPU 3: ❌ Available=12.51GB, User Python Processes=1, Running Tasks=0
2025-11-30 22:05:39,907 - PID:1631658 - INFO -   User Python PIDs: [1427990]
2025-11-30 22:05:39,912 - PID:1631658 - INFO - [compete_427108] === 超参数设置脚本 ===
2025-11-30 22:05:39,912 - PID:1631658 - INFO - [compete_427108] 项目根目录: /home/hdl/project/fgvr_test_new
2025-11-30 22:05:39,912 - PID:1631658 - INFO - [compete_427108] 超参数文件: /home/hdl/project/fgvr_test_new/configs/hyperparameters.yaml
2025-11-30 22:05:39,912 - PID:1631658 - INFO - [compete_427108] 
2025-11-30 22:05:39,912 - PID:1631658 - INFO - [compete_427108] 使用命令行指定的经验条数: 50
2025-11-30 22:05:39,913 - PID:1631658 - INFO - [compete_427108] 
2025-11-30 22:05:39,913 - PID:1631658 - INFO - [compete_427108] 正在更新超参数文件: /home/hdl/project/fgvr_test_new/configs/hyperparameters.yaml
2025-11-30 22:05:39,957 - PID:1631658 - INFO - [compete_427108] ✅ 超参数更新成功: experience_base_max_number = 50
2025-11-30 22:05:39,957 - PID:1631658 - INFO - [compete_427108] 
2025-11-30 22:05:39,957 - PID:1631658 - INFO - [compete_427108] === 超参数设置完成 ===
2025-11-30 22:05:39,958 - PID:1631658 - INFO - Command 2/3 completed successfully
2025-11-30 22:05:39,958 - PID:1631658 - INFO - Executing command 3/3 on GPU 4: CUDA_VISIBLE_DEVICES=4 bash /home/hdl/project/fgvr_test_new/scripts/run_pipeline.sh bird --uni_id compete_427108
2025-11-30 22:05:39,959 - PID:1631658 - INFO - 🔄 Bash script with uni_id compete_427108 will handle its own PID registration
2025-11-30 22:05:39,980 - PID:1631658 - INFO - GPU 4: ✅ Available=24.37GB, User Python Processes=0, Running Tasks=1
2025-11-30 22:05:39,981 - PID:1631658 - INFO -   Running Task (Queue 3): rm -rf {work_dir}/experiments/bird200/knowledge_base -> bash {work_dir}/scripts/set_hyperparameters....
2025-11-30 22:05:40,029 - PID:1631658 - INFO - [compete_427108] [0;32m[SUCCESS][0m Pipeline 已启动 (完全后台), PID=1631800
2025-11-30 22:05:40,029 - PID:1631658 - INFO - [compete_427108] [0;34m[INFO][0m 日志文件: /home/hdl/project/fgvr_test_new/logs/pipeline/bird200/pipeline_bird.log
2025-11-30 22:05:40,029 - PID:1631658 - INFO - [compete_427108] 实时查看日志: tail -f '/home/hdl/project/fgvr_test_new/logs/pipeline/bird200/pipeline_bird.log'
2025-11-30 22:05:40,029 - PID:1631658 - INFO - Command 3/3 completed successfully
2025-11-30 22:05:40,030 - PID:1631658 - INFO - Task completed on GPU 4: rm -rf {work_dir}/experiments/bird200/knowledge_base -> bash {work_dir}/scripts/set_hyperparameters.sh --experience_number 50 -> CUDA_VISIBLE_DEVICES={available_gpu} bash {work_dir}/scripts/run_pipeline.sh bird --uni_id {uni_id}
2025-11-30 22:05:40,036 - PID:1631658 - INFO - GPU 5: ❌ Available=4.16GB, User Python Processes=0, Running Tasks=0
2025-11-30 22:05:40,044 - PID:1631658 - INFO - GPU 6: Available for task compete_539081. Memory: 22.31GB
2025-11-30 22:05:40,044 - PID:1631658 - INFO - 🚀 Starting queue 4 task compete_539081 on GPU 6
2025-11-30 22:05:40,045 - PID:1631658 - INFO - Starting task on GPU 6: bash {work_dir}/scripts/set_hyperparameters.sh --experience_number 8 -> CUDA_VISIBLE_DEVICES={available_gpu} bash {work_dir}/scripts/run_pipeline.sh imagenet_v2 --uni_id {uni_id}
2025-11-30 22:05:40,045 - PID:1631658 - INFO - Executing command 1/2 on GPU 6: bash /home/hdl/project/fgvr_test_new/scripts/set_hyperparameters.sh --experience_number 8
2025-11-30 22:05:40,056 - PID:1631658 - INFO - [compete_539081] === 超参数设置脚本 ===
2025-11-30 22:05:40,056 - PID:1631658 - INFO - [compete_539081] 项目根目录: /home/hdl/project/fgvr_test_new
2025-11-30 22:05:40,056 - PID:1631658 - INFO - [compete_539081] 超参数文件: /home/hdl/project/fgvr_test_new/configs/hyperparameters.yaml
2025-11-30 22:05:40,056 - PID:1631658 - INFO - [compete_539081] 
2025-11-30 22:05:40,057 - PID:1631658 - INFO - [compete_539081] 使用命令行指定的经验条数: 8
2025-11-30 22:05:40,058 - PID:1631658 - INFO - [compete_539081] 
2025-11-30 22:05:40,058 - PID:1631658 - INFO - [compete_539081] 正在更新超参数文件: /home/hdl/project/fgvr_test_new/configs/hyperparameters.yaml
2025-11-30 22:05:40,094 - PID:1631658 - INFO - GPU 6: ✅ Available=22.31GB, User Python Processes=0, Running Tasks=1
2025-11-30 22:05:40,094 - PID:1631658 - INFO -   Running Task (Queue 4): bash {work_dir}/scripts/set_hyperparameters.sh --experience_number 8 -> CUDA_VISIBLE_DEVICES={availa...
2025-11-30 22:05:40,131 - PID:1631658 - INFO - [compete_539081] ✅ 超参数更新成功: experience_base_max_number = 8
2025-11-30 22:05:40,132 - PID:1631658 - INFO - [compete_539081] 
2025-11-30 22:05:40,132 - PID:1631658 - INFO - [compete_539081] === 超参数设置完成 ===
2025-11-30 22:05:40,132 - PID:1631658 - INFO - Command 1/2 completed successfully
2025-11-30 22:05:40,132 - PID:1631658 - INFO - Executing command 2/2 on GPU 6: CUDA_VISIBLE_DEVICES=6 bash /home/hdl/project/fgvr_test_new/scripts/run_pipeline.sh imagenet_v2 --uni_id compete_539081
2025-11-30 22:05:40,133 - PID:1631658 - INFO - 🔄 Bash script with uni_id compete_539081 will handle its own PID registration
2025-11-30 22:05:40,151 - PID:1631658 - INFO - GPU 7: ✅ Available=28.10GB, User Python Processes=0, Running Tasks=0
2025-11-30 22:05:40,201 - PID:1631658 - INFO - [compete_539081] [0;32m[SUCCESS][0m Pipeline 已启动 (完全后台), PID=1631931
2025-11-30 22:05:40,201 - PID:1631658 - INFO - [compete_539081] [0;34m[INFO][0m 日志文件: /home/hdl/project/fgvr_test_new/logs/pipeline/imagenet_v2_1000/pipeline_imagenet_v2(3).log
2025-11-30 22:05:40,201 - PID:1631658 - INFO - [compete_539081] 实时查看日志: tail -f '/home/hdl/project/fgvr_test_new/logs/pipeline/imagenet_v2_1000/pipeline_imagenet_v2(3).log'
2025-11-30 22:05:40,201 - PID:1631658 - INFO - Command 2/2 completed successfully
2025-11-30 22:05:40,202 - PID:1631658 - INFO - Task completed on GPU 6: bash {work_dir}/scripts/set_hyperparameters.sh --experience_number 8 -> CUDA_VISIBLE_DEVICES={available_gpu} bash {work_dir}/scripts/run_pipeline.sh imagenet_v2 --uni_id {uni_id}
2025-11-30 22:05:40,207 - PID:1631658 - INFO - GPU 8: ❌ Available=17.81GB, User Python Processes=0, Running Tasks=0
2025-11-30 22:05:40,238 - PID:1631658 - INFO - GPU 7: Available for task compete_583946. Memory: 28.10GB
2025-11-30 22:05:40,239 - PID:1631658 - INFO - 🚀 Starting queue 5 task compete_583946 on GPU 7
2025-11-30 22:05:40,239 - PID:1631658 - INFO - Starting task on GPU 7: rm -rf {work_dir}/experiments/dog120/knowledge_base -> bash {work_dir}/scripts/set_hyperparameters.sh --experience_number 5 -> CUDA_VISIBLE_DEVICES={available_gpu} bash {work_dir}/scripts/run_pipeline.sh dog --uni_id {uni_id}
2025-11-30 22:05:40,239 - PID:1631658 - INFO - Executing command 1/3 on GPU 7: rm -rf /home/hdl/project/fgvr_test_new/experiments/dog120/knowledge_base
2025-11-30 22:05:40,244 - PID:1631658 - INFO - Command 1/3 completed successfully
2025-11-30 22:05:40,244 - PID:1631658 - INFO - Executing command 2/3 on GPU 7: bash /home/hdl/project/fgvr_test_new/scripts/set_hyperparameters.sh --experience_number 5
2025-11-30 22:05:40,254 - PID:1631658 - INFO - [compete_583946] === 超参数设置脚本 ===
2025-11-30 22:05:40,254 - PID:1631658 - INFO - [compete_583946] 项目根目录: /home/hdl/project/fgvr_test_new
2025-11-30 22:05:40,254 - PID:1631658 - INFO - [compete_583946] 超参数文件: /home/hdl/project/fgvr_test_new/configs/hyperparameters.yaml
2025-11-30 22:05:40,254 - PID:1631658 - INFO - [compete_583946] 
2025-11-30 22:05:40,255 - PID:1631658 - INFO - [compete_583946] 使用命令行指定的经验条数: 5
2025-11-30 22:05:40,255 - PID:1631658 - INFO - [compete_583946] 
2025-11-30 22:05:40,255 - PID:1631658 - INFO - [compete_583946] 正在更新超参数文件: /home/hdl/project/fgvr_test_new/configs/hyperparameters.yaml
2025-11-30 22:05:40,261 - PID:1631658 - INFO - GPU 9: ❌ Available=13.00GB, User Python Processes=0, Running Tasks=0
2025-11-30 22:05:40,342 - PID:1631658 - INFO - [compete_583946] ✅ 超参数更新成功: experience_base_max_number = 5
2025-11-30 22:05:40,342 - PID:1631658 - INFO - [compete_583946] 
2025-11-30 22:05:40,342 - PID:1631658 - INFO - [compete_583946] === 超参数设置完成 ===
2025-11-30 22:05:40,342 - PID:1631658 - INFO - Command 2/3 completed successfully
2025-11-30 22:05:40,342 - PID:1631658 - INFO - Executing command 3/3 on GPU 7: CUDA_VISIBLE_DEVICES=7 bash /home/hdl/project/fgvr_test_new/scripts/run_pipeline.sh dog --uni_id compete_583946
2025-11-30 22:05:40,343 - PID:1631658 - INFO - 🔄 Bash script with uni_id compete_583946 will handle its own PID registration
2025-11-30 22:05:40,407 - PID:1631658 - INFO - [compete_583946] [0;32m[SUCCESS][0m Pipeline 已启动 (完全后台), PID=1632074
2025-11-30 22:05:40,407 - PID:1631658 - INFO - [compete_583946] [0;34m[INFO][0m 日志文件: /home/hdl/project/fgvr_test_new/logs/pipeline/dog120/pipeline_dog(9).log
2025-11-30 22:05:40,407 - PID:1631658 - INFO - [compete_583946] 实时查看日志: tail -f '/home/hdl/project/fgvr_test_new/logs/pipeline/dog120/pipeline_dog(9).log'
2025-11-30 22:05:40,407 - PID:1631658 - INFO - Command 3/3 completed successfully
2025-11-30 22:05:40,407 - PID:1631658 - INFO - Task completed on GPU 7: rm -rf {work_dir}/experiments/dog120/knowledge_base -> bash {work_dir}/scripts/set_hyperparameters.sh --experience_number 5 -> CUDA_VISIBLE_DEVICES={available_gpu} bash {work_dir}/scripts/run_pipeline.sh dog --uni_id {uni_id}
2025-11-30 22:05:40,793 - PID:1631658 - INFO - 📈 Started 3 tasks: ['Queue 3', 'Queue 4', 'Queue 5']
2025-11-30 22:05:43,949 - PID:1631658 - INFO - GPU 4: Available for task compete_268414. Memory: 24.37GB
2025-11-30 22:05:43,949 - PID:1631658 - INFO - 🚀 Starting queue 3 task compete_268414 on GPU 4
2025-11-30 22:05:43,950 - PID:1631658 - INFO - Starting task on GPU 4: rm -rf {work_dir}/experiments/bird200/knowledge_base -> bash {work_dir}/scripts/set_hyperparameters.sh --experience_number 50 -> CUDA_VISIBLE_DEVICES={available_gpu} bash {work_dir}/scripts/run_pipeline.sh bird --uni_id {uni_id}
2025-11-30 22:05:43,950 - PID:1631658 - INFO - Executing command 1/3 on GPU 4: rm -rf /home/hdl/project/fgvr_test_new/experiments/bird200/knowledge_base
2025-11-30 22:05:43,954 - PID:1631658 - INFO - Command 1/3 completed successfully
2025-11-30 22:05:43,954 - PID:1631658 - INFO - Executing command 2/3 on GPU 4: bash /home/hdl/project/fgvr_test_new/scripts/set_hyperparameters.sh --experience_number 50
2025-11-30 22:05:43,967 - PID:1631658 - INFO - [compete_268414] === 超参数设置脚本 ===
2025-11-30 22:05:43,967 - PID:1631658 - INFO - [compete_268414] 项目根目录: /home/hdl/project/fgvr_test_new
2025-11-30 22:05:43,967 - PID:1631658 - INFO - [compete_268414] 超参数文件: /home/hdl/project/fgvr_test_new/configs/hyperparameters.yaml
2025-11-30 22:05:43,967 - PID:1631658 - INFO - [compete_268414] 
2025-11-30 22:05:43,967 - PID:1631658 - INFO - [compete_268414] 使用命令行指定的经验条数: 50
2025-11-30 22:05:43,968 - PID:1631658 - INFO - [compete_268414] 
2025-11-30 22:05:43,968 - PID:1631658 - INFO - [compete_268414] 正在更新超参数文件: /home/hdl/project/fgvr_test_new/configs/hyperparameters.yaml
2025-11-30 22:05:44,025 - PID:1631658 - INFO - [compete_268414] ✅ 超参数更新成功: experience_base_max_number = 50
2025-11-30 22:05:44,025 - PID:1631658 - INFO - [compete_268414] 
2025-11-30 22:05:44,025 - PID:1631658 - INFO - [compete_268414] === 超参数设置完成 ===
2025-11-30 22:05:44,026 - PID:1631658 - INFO - Command 2/3 completed successfully
2025-11-30 22:05:44,026 - PID:1631658 - INFO - Executing command 3/3 on GPU 4: CUDA_VISIBLE_DEVICES=4 bash /home/hdl/project/fgvr_test_new/scripts/run_pipeline.sh bird --uni_id compete_268414
2025-11-30 22:05:44,027 - PID:1631658 - INFO - 🔄 Bash script with uni_id compete_268414 will handle its own PID registration
2025-11-30 22:05:44,098 - PID:1631658 - INFO - [compete_268414] [0;32m[SUCCESS][0m Pipeline 已启动 (完全后台), PID=1632438
2025-11-30 22:05:44,098 - PID:1631658 - INFO - [compete_268414] [0;34m[INFO][0m 日志文件: /home/hdl/project/fgvr_test_new/logs/pipeline/bird200/pipeline_bird(1).log
2025-11-30 22:05:44,098 - PID:1631658 - INFO - [compete_268414] 实时查看日志: tail -f '/home/hdl/project/fgvr_test_new/logs/pipeline/bird200/pipeline_bird(1).log'
2025-11-30 22:05:44,099 - PID:1631658 - INFO - Command 3/3 completed successfully
2025-11-30 22:05:44,099 - PID:1631658 - INFO - Task completed on GPU 4: rm -rf {work_dir}/experiments/bird200/knowledge_base -> bash {work_dir}/scripts/set_hyperparameters.sh --experience_number 50 -> CUDA_VISIBLE_DEVICES={available_gpu} bash {work_dir}/scripts/run_pipeline.sh bird --uni_id {uni_id}
2025-11-30 22:05:44,146 - PID:1631658 - INFO - GPU 6: Available for task compete_627829. Memory: 22.31GB
2025-11-30 22:05:44,147 - PID:1631658 - INFO - 🚀 Starting queue 2 task compete_627829 on GPU 6
2025-11-30 22:05:44,147 - PID:1631658 - INFO - Starting task on GPU 6: rm -rf {work_dir}/experiments/flower102/knowledge_base -> bash {work_dir}/scripts/set_hyperparameters.sh --experience_number 15 -> CUDA_VISIBLE_DEVICES={available_gpu} bash {work_dir}/scripts/run_pipeline.sh flower --uni_id {uni_id}
2025-11-30 22:05:44,147 - PID:1631658 - INFO - Executing command 1/3 on GPU 6: rm -rf /home/hdl/project/fgvr_test_new/experiments/flower102/knowledge_base
2025-11-30 22:05:44,151 - PID:1631658 - INFO - Command 1/3 completed successfully
2025-11-30 22:05:44,151 - PID:1631658 - INFO - Executing command 2/3 on GPU 6: bash /home/hdl/project/fgvr_test_new/scripts/set_hyperparameters.sh --experience_number 15
2025-11-30 22:05:44,161 - PID:1631658 - INFO - [compete_627829] === 超参数设置脚本 ===
2025-11-30 22:05:44,161 - PID:1631658 - INFO - [compete_627829] 项目根目录: /home/hdl/project/fgvr_test_new
2025-11-30 22:05:44,162 - PID:1631658 - INFO - [compete_627829] 超参数文件: /home/hdl/project/fgvr_test_new/configs/hyperparameters.yaml
2025-11-30 22:05:44,162 - PID:1631658 - INFO - [compete_627829] 
2025-11-30 22:05:44,162 - PID:1631658 - INFO - [compete_627829] 使用命令行指定的经验条数: 15
2025-11-30 22:05:44,162 - PID:1631658 - INFO - [compete_627829] 
2025-11-30 22:05:44,162 - PID:1631658 - INFO - [compete_627829] 正在更新超参数文件: /home/hdl/project/fgvr_test_new/configs/hyperparameters.yaml
2025-11-30 22:05:44,208 - PID:1631658 - INFO - [compete_627829] ✅ 超参数更新成功: experience_base_max_number = 15
2025-11-30 22:05:44,208 - PID:1631658 - INFO - [compete_627829] 
2025-11-30 22:05:44,208 - PID:1631658 - INFO - [compete_627829] === 超参数设置完成 ===
2025-11-30 22:05:44,208 - PID:1631658 - INFO - Command 2/3 completed successfully
2025-11-30 22:05:44,208 - PID:1631658 - INFO - Executing command 3/3 on GPU 6: CUDA_VISIBLE_DEVICES=6 bash /home/hdl/project/fgvr_test_new/scripts/run_pipeline.sh flower --uni_id compete_627829
2025-11-30 22:05:44,209 - PID:1631658 - INFO - 🔄 Bash script with uni_id compete_627829 will handle its own PID registration
2025-11-30 22:05:44,279 - PID:1631658 - INFO - [compete_627829] [0;32m[SUCCESS][0m Pipeline 已启动 (完全后台), PID=1632562
2025-11-30 22:05:44,279 - PID:1631658 - INFO - [compete_627829] [0;34m[INFO][0m 日志文件: /home/hdl/project/fgvr_test_new/logs/pipeline/flower102/pipeline_flower(2).log
2025-11-30 22:05:44,279 - PID:1631658 - INFO - [compete_627829] 实时查看日志: tail -f '/home/hdl/project/fgvr_test_new/logs/pipeline/flower102/pipeline_flower(2).log'
2025-11-30 22:05:44,279 - PID:1631658 - INFO - Command 3/3 completed successfully
2025-11-30 22:05:44,279 - PID:1631658 - INFO - Task completed on GPU 6: rm -rf {work_dir}/experiments/flower102/knowledge_base -> bash {work_dir}/scripts/set_hyperparameters.sh --experience_number 15 -> CUDA_VISIBLE_DEVICES={available_gpu} bash {work_dir}/scripts/run_pipeline.sh flower --uni_id {uni_id}
2025-11-30 22:05:44,329 - PID:1631658 - INFO - GPU 7: Available for task compete_889606. Memory: 28.10GB
2025-11-30 22:05:44,329 - PID:1631658 - INFO - 🚀 Starting queue 1 task compete_889606 on GPU 7
2025-11-30 22:05:44,329 - PID:1631658 - INFO - Starting task on GPU 7: rm -rf {work_dir}/experiments/car196/knowledge_base -> bash {work_dir}/scripts/set_hyperparameters.sh --experience_number 8 -> CUDA_VISIBLE_DEVICES={available_gpu} bash {work_dir}/scripts/run_pipeline.sh car --uni_id {uni_id}
2025-11-30 22:05:44,330 - PID:1631658 - INFO - Executing command 1/3 on GPU 7: rm -rf /home/hdl/project/fgvr_test_new/experiments/car196/knowledge_base
2025-11-30 22:05:44,334 - PID:1631658 - INFO - Command 1/3 completed successfully
2025-11-30 22:05:44,334 - PID:1631658 - INFO - Executing command 2/3 on GPU 7: bash /home/hdl/project/fgvr_test_new/scripts/set_hyperparameters.sh --experience_number 8
2025-11-30 22:05:44,344 - PID:1631658 - INFO - [compete_889606] === 超参数设置脚本 ===
2025-11-30 22:05:44,344 - PID:1631658 - INFO - [compete_889606] 项目根目录: /home/hdl/project/fgvr_test_new
2025-11-30 22:05:44,345 - PID:1631658 - INFO - [compete_889606] 超参数文件: /home/hdl/project/fgvr_test_new/configs/hyperparameters.yaml
2025-11-30 22:05:44,345 - PID:1631658 - INFO - [compete_889606] 
2025-11-30 22:05:44,345 - PID:1631658 - INFO - [compete_889606] 使用命令行指定的经验条数: 8
2025-11-30 22:05:44,345 - PID:1631658 - INFO - [compete_889606] 
2025-11-30 22:05:44,345 - PID:1631658 - INFO - [compete_889606] 正在更新超参数文件: /home/hdl/project/fgvr_test_new/configs/hyperparameters.yaml
2025-11-30 22:05:44,393 - PID:1631658 - INFO - [compete_889606] ✅ 超参数更新成功: experience_base_max_number = 8
2025-11-30 22:05:44,393 - PID:1631658 - INFO - [compete_889606] 
2025-11-30 22:05:44,393 - PID:1631658 - INFO - [compete_889606] === 超参数设置完成 ===
2025-11-30 22:05:44,393 - PID:1631658 - INFO - Command 2/3 completed successfully
2025-11-30 22:05:44,394 - PID:1631658 - INFO - Executing command 3/3 on GPU 7: CUDA_VISIBLE_DEVICES=7 bash /home/hdl/project/fgvr_test_new/scripts/run_pipeline.sh car --uni_id compete_889606
2025-11-30 22:05:44,394 - PID:1631658 - INFO - 🔄 Bash script with uni_id compete_889606 will handle its own PID registration
2025-11-30 22:05:44,463 - PID:1631658 - INFO - [compete_889606] [0;32m[SUCCESS][0m Pipeline 已启动 (完全后台), PID=1632685
2025-11-30 22:05:44,463 - PID:1631658 - INFO - [compete_889606] [0;34m[INFO][0m 日志文件: /home/hdl/project/fgvr_test_new/logs/pipeline/car196/pipeline_car(6).log
2025-11-30 22:05:44,463 - PID:1631658 - INFO - [compete_889606] 实时查看日志: tail -f '/home/hdl/project/fgvr_test_new/logs/pipeline/car196/pipeline_car(6).log'
2025-11-30 22:05:44,464 - PID:1631658 - INFO - Command 3/3 completed successfully
2025-11-30 22:05:44,464 - PID:1631658 - INFO - Task completed on GPU 7: rm -rf {work_dir}/experiments/car196/knowledge_base -> bash {work_dir}/scripts/set_hyperparameters.sh --experience_number 8 -> CUDA_VISIBLE_DEVICES={available_gpu} bash {work_dir}/scripts/run_pipeline.sh car --uni_id {uni_id}
2025-11-30 22:05:44,504 - PID:1631658 - INFO - 📈 Started 3 tasks: ['Queue 3', 'Queue 2', 'Queue 1']
2025-11-30 22:05:47,688 - PID:1631658 - INFO - GPU 4: Available for task compete_164944. Memory: 24.37GB
2025-11-30 22:05:47,688 - PID:1631658 - INFO - 🚀 Starting queue 6 task compete_164944 on GPU 4
2025-11-30 22:05:47,688 - PID:1631658 - INFO - Starting task on GPU 4: bash {work_dir}/scripts/set_hyperparameters.sh --experience_number 8 -> CUDA_VISIBLE_DEVICES={available_gpu} bash {work_dir}/scripts/run_pipeline.sh sun --uni_id {uni_id}
2025-11-30 22:05:47,688 - PID:1631658 - INFO - Executing command 1/2 on GPU 4: bash /home/hdl/project/fgvr_test_new/scripts/set_hyperparameters.sh --experience_number 8
2025-11-30 22:05:47,699 - PID:1631658 - INFO - [compete_164944] === 超参数设置脚本 ===
2025-11-30 22:05:47,699 - PID:1631658 - INFO - [compete_164944] 项目根目录: /home/hdl/project/fgvr_test_new
2025-11-30 22:05:47,699 - PID:1631658 - INFO - [compete_164944] 超参数文件: /home/hdl/project/fgvr_test_new/configs/hyperparameters.yaml
2025-11-30 22:05:47,699 - PID:1631658 - INFO - [compete_164944] 
2025-11-30 22:05:47,700 - PID:1631658 - INFO - [compete_164944] 使用命令行指定的经验条数: 8
2025-11-30 22:05:47,700 - PID:1631658 - INFO - [compete_164944] 
2025-11-30 22:05:47,700 - PID:1631658 - INFO - [compete_164944] 正在更新超参数文件: /home/hdl/project/fgvr_test_new/configs/hyperparameters.yaml
2025-11-30 22:05:47,749 - PID:1631658 - INFO - [compete_164944] ✅ 超参数更新成功: experience_base_max_number = 8
2025-11-30 22:05:47,750 - PID:1631658 - INFO - [compete_164944] 
2025-11-30 22:05:47,750 - PID:1631658 - INFO - [compete_164944] === 超参数设置完成 ===
2025-11-30 22:05:47,750 - PID:1631658 - INFO - Command 1/2 completed successfully
2025-11-30 22:05:47,750 - PID:1631658 - INFO - Executing command 2/2 on GPU 4: CUDA_VISIBLE_DEVICES=4 bash /home/hdl/project/fgvr_test_new/scripts/run_pipeline.sh sun --uni_id compete_164944
2025-11-30 22:05:47,751 - PID:1631658 - INFO - 🔄 Bash script with uni_id compete_164944 will handle its own PID registration
2025-11-30 22:05:47,803 - PID:1631658 - INFO - [compete_164944] [ERROR] 不支持的数据集 'sun'. 支持: dog, bird, flower, pet, car, aircraft, eurosat, food, dtd, caltech101, caltech256, deepfashion_multimodal, sun397, imagenet_a, imagenet_r, imagenet_1k, birdsnap, ucf, imagenet_sketch, imagenet_v2
2025-11-30 22:05:47,804 - PID:1631658 - ERROR - Task failed on GPU 4: bash {work_dir}/scripts/set_hyperparameters.sh --experience_number 8 -> CUDA_VISIBLE_DEVICES={available_gpu} bash {work_dir}/scripts/run_pipeline.sh sun --uni_id {uni_id} - Error: Command 2 failed with code 1: CUDA_VISIBLE_DEVICES=4 bash /home/hdl/project/fgvr_test_new/scripts/run_pipeline.sh sun --uni_id compete_164944
2025-11-30 22:05:47,871 - PID:1631658 - INFO - GPU 6: Available for task compete_909033. Memory: 22.31GB
2025-11-30 22:05:47,871 - PID:1631658 - INFO - 🚀 Starting queue 2 task compete_909033 on GPU 6
2025-11-30 22:05:47,871 - PID:1631658 - INFO - Starting task on GPU 6: rm -rf {work_dir}/experiments/flower102/knowledge_base -> bash {work_dir}/scripts/set_hyperparameters.sh --experience_number 5 -> CUDA_VISIBLE_DEVICES={available_gpu} bash {work_dir}/scripts/run_pipeline.sh flower --uni_id {uni_id}
2025-11-30 22:05:47,871 - PID:1631658 - INFO - 📈 Started 2 tasks: ['Queue 6', 'Queue 2']
2025-11-30 22:05:47,872 - PID:1631658 - INFO - Executing command 1/3 on GPU 6: rm -rf /home/hdl/project/fgvr_test_new/experiments/flower102/knowledge_base
2025-11-30 22:05:47,875 - PID:1631658 - INFO - Command 1/3 completed successfully
2025-11-30 22:05:47,875 - PID:1631658 - INFO - Executing command 2/3 on GPU 6: bash /home/hdl/project/fgvr_test_new/scripts/set_hyperparameters.sh --experience_number 5
2025-11-30 22:05:47,886 - PID:1631658 - INFO - [compete_909033] === 超参数设置脚本 ===
2025-11-30 22:05:47,886 - PID:1631658 - INFO - [compete_909033] 项目根目录: /home/hdl/project/fgvr_test_new
2025-11-30 22:05:47,886 - PID:1631658 - INFO - [compete_909033] 超参数文件: /home/hdl/project/fgvr_test_new/configs/hyperparameters.yaml
2025-11-30 22:05:47,886 - PID:1631658 - INFO - [compete_909033] 
2025-11-30 22:05:47,886 - PID:1631658 - INFO - [compete_909033] 使用命令行指定的经验条数: 5
2025-11-30 22:05:47,887 - PID:1631658 - INFO - [compete_909033] 
2025-11-30 22:05:47,887 - PID:1631658 - INFO - [compete_909033] 正在更新超参数文件: /home/hdl/project/fgvr_test_new/configs/hyperparameters.yaml
2025-11-30 22:05:47,967 - PID:1631658 - INFO - [compete_909033] ✅ 超参数更新成功: experience_base_max_number = 5
2025-11-30 22:05:47,967 - PID:1631658 - INFO - [compete_909033] 
2025-11-30 22:05:47,967 - PID:1631658 - INFO - [compete_909033] === 超参数设置完成 ===
2025-11-30 22:05:47,969 - PID:1631658 - INFO - Command 2/3 completed successfully
2025-11-30 22:05:47,969 - PID:1631658 - INFO - Executing command 3/3 on GPU 6: CUDA_VISIBLE_DEVICES=6 bash /home/hdl/project/fgvr_test_new/scripts/run_pipeline.sh flower --uni_id compete_909033
2025-11-30 22:05:47,970 - PID:1631658 - INFO - 🔄 Bash script with uni_id compete_909033 will handle its own PID registration
2025-11-30 22:05:48,028 - PID:1631658 - INFO - [compete_909033] [0;32m[SUCCESS][0m Pipeline 已启动 (完全后台), PID=1633181
2025-11-30 22:05:48,028 - PID:1631658 - INFO - [compete_909033] [0;34m[INFO][0m 日志文件: /home/hdl/project/fgvr_test_new/logs/pipeline/flower102/pipeline_flower(3).log
2025-11-30 22:05:48,028 - PID:1631658 - INFO - [compete_909033] 实时查看日志: tail -f '/home/hdl/project/fgvr_test_new/logs/pipeline/flower102/pipeline_flower(3).log'
2025-11-30 22:05:48,028 - PID:1631658 - INFO - Command 3/3 completed successfully
2025-11-30 22:05:48,028 - PID:1631658 - INFO - Task completed on GPU 6: rm -rf {work_dir}/experiments/flower102/knowledge_base -> bash {work_dir}/scripts/set_hyperparameters.sh --experience_number 5 -> CUDA_VISIBLE_DEVICES={available_gpu} bash {work_dir}/scripts/run_pipeline.sh flower --uni_id {uni_id}
2025-11-30 22:05:50,262 - PID:1631658 - INFO - === Task Status ===
2025-11-30 22:05:50,262 - PID:1631658 - INFO - Total Tasks: 14, Pending=6, Running(memory)=0, Running(actual)=3, Completed=7, Failed=1
2025-11-30 22:05:50,262 - PID:1631658 - INFO - === Queue Status ===
2025-11-30 22:05:50,262 - PID:1631658 - INFO - Queue 1: 🔴 BUSY (process running), Pending=4, Running=0, Completed=1, Failed=0
2025-11-30 22:05:50,262 - PID:1631658 - INFO - Queue 2: 🔴 BUSY (process running), Pending=0, Running=0, Completed=2, Failed=0
2025-11-30 22:05:50,263 - PID:1631658 - INFO - Queue 3: 🟢 IDLE, Pending=0, Running=0, Completed=2, Failed=0
2025-11-30 22:05:50,263 - PID:1631658 - INFO - Queue 4: 🟢 IDLE, Pending=0, Running=0, Completed=1, Failed=0
2025-11-30 22:05:50,263 - PID:1631658 - INFO - Queue 5: 🔴 BUSY (process running), Pending=2, Running=0, Completed=1, Failed=0
2025-11-30 22:05:50,263 - PID:1631658 - INFO - Queue 6: 🟢 IDLE, Pending=0, Running=0, Completed=0, Failed=1
2025-11-30 22:05:50,263 - PID:1631658 - INFO - === GPU Status ===
2025-11-30 22:05:50,318 - PID:1631658 - INFO - GPU 0: ❌ Available=5.72GB, User Python Processes=0, Running Tasks=0
2025-11-30 22:05:50,378 - PID:1631658 - INFO - GPU 1: ❌ Available=4.67GB, User Python Processes=0, Running Tasks=0
2025-11-30 22:05:50,433 - PID:1631658 - INFO - GPU 2: ❌ Available=4.38GB, User Python Processes=0, Running Tasks=0
2025-11-30 22:05:50,480 - PID:1631658 - INFO - GPU 3: ❌ Available=12.51GB, User Python Processes=1, Running Tasks=0
2025-11-30 22:05:50,481 - PID:1631658 - INFO -   User Python PIDs: [1427990]
2025-11-30 22:05:50,561 - PID:1631658 - INFO - GPU 4: ✅ Available=24.37GB, User Python Processes=0, Running Tasks=0
2025-11-30 22:05:50,667 - PID:1631658 - INFO - GPU 5: ❌ Available=4.16GB, User Python Processes=0, Running Tasks=0
2025-11-30 22:05:50,721 - PID:1631658 - INFO - GPU 6: ✅ Available=22.31GB, User Python Processes=0, Running Tasks=0
2025-11-30 22:05:50,798 - PID:1631658 - INFO - GPU 7: ✅ Available=28.10GB, User Python Processes=0, Running Tasks=0
2025-11-30 22:05:50,879 - PID:1631658 - INFO - GPU 8: ❌ Available=5.72GB, User Python Processes=2, Running Tasks=0
2025-11-30 22:05:50,879 - PID:1631658 - INFO -   User Python PIDs: [1632145, 1632720]
2025-11-30 22:05:50,931 - PID:1631658 - INFO - GPU 9: ❌ Available=13.00GB, User Python Processes=0, Running Tasks=0
2025-11-30 22:05:50,932 - PID:1631658 - INFO - === Running Processes (from JSON) ===
2025-11-30 22:05:50,932 - PID:1631658 - INFO -   compete_583946: PID=1632145, Queue 5, GPU 7
2025-11-30 22:05:50,932 - PID:1631658 - INFO -   compete_889606: PID=1632720, Queue 1, GPU 7
2025-11-30 22:05:50,932 - PID:1631658 - INFO -   compete_909033: PID=1633215, Queue 2, GPU 6
2025-11-30 22:05:55,873 - PID:1631658 - ERROR - Error handling retry tasks: 'GPUCompetitor' object has no attribute 'can_start_task'
2025-11-30 22:05:56,037 - PID:1631658 - INFO - GPU 4: Available for task compete_626564. Memory: 24.37GB
2025-11-30 22:05:56,037 - PID:1631658 - INFO - 🚀 Starting queue 1 task compete_626564 on GPU 4
2025-11-30 22:05:56,037 - PID:1631658 - INFO - Starting task on GPU 4: rm -rf {work_dir}/experiments/car196/knowledge_base -> bash {work_dir}/scripts/set_hyperparameters.sh --experience_number 5 -> CUDA_VISIBLE_DEVICES={available_gpu} bash {work_dir}/scripts/run_pipeline.sh car --uni_id {uni_id}
2025-11-30 22:05:56,038 - PID:1631658 - INFO - Executing command 1/3 on GPU 4: rm -rf /home/hdl/project/fgvr_test_new/experiments/car196/knowledge_base
2025-11-30 22:05:56,042 - PID:1631658 - INFO - Command 1/3 completed successfully
2025-11-30 22:05:56,042 - PID:1631658 - INFO - Executing command 2/3 on GPU 4: bash /home/hdl/project/fgvr_test_new/scripts/set_hyperparameters.sh --experience_number 5
2025-11-30 22:05:56,051 - PID:1631658 - INFO - [compete_626564] === 超参数设置脚本 ===
2025-11-30 22:05:56,051 - PID:1631658 - INFO - [compete_626564] 项目根目录: /home/hdl/project/fgvr_test_new
2025-11-30 22:05:56,051 - PID:1631658 - INFO - [compete_626564] 超参数文件: /home/hdl/project/fgvr_test_new/configs/hyperparameters.yaml
2025-11-30 22:05:56,051 - PID:1631658 - INFO - [compete_626564] 
2025-11-30 22:05:56,051 - PID:1631658 - INFO - [compete_626564] 使用命令行指定的经验条数: 5
2025-11-30 22:05:56,052 - PID:1631658 - INFO - [compete_626564] 
2025-11-30 22:05:56,052 - PID:1631658 - INFO - [compete_626564] 正在更新超参数文件: /home/hdl/project/fgvr_test_new/configs/hyperparameters.yaml
2025-11-30 22:05:56,097 - PID:1631658 - INFO - [compete_626564] ✅ 超参数更新成功: experience_base_max_number = 5
2025-11-30 22:05:56,097 - PID:1631658 - INFO - [compete_626564] 
2025-11-30 22:05:56,097 - PID:1631658 - INFO - [compete_626564] === 超参数设置完成 ===
2025-11-30 22:05:56,098 - PID:1631658 - INFO - Command 2/3 completed successfully
2025-11-30 22:05:56,098 - PID:1631658 - INFO - Executing command 3/3 on GPU 4: CUDA_VISIBLE_DEVICES=4 bash /home/hdl/project/fgvr_test_new/scripts/run_pipeline.sh car --uni_id compete_626564
2025-11-30 22:05:56,098 - PID:1631658 - INFO - 🔄 Bash script with uni_id compete_626564 will handle its own PID registration
2025-11-30 22:05:56,152 - PID:1631658 - INFO - [compete_626564] [0;32m[SUCCESS][0m Pipeline 已启动 (完全后台), PID=1633757
2025-11-30 22:05:56,153 - PID:1631658 - INFO - [compete_626564] [0;34m[INFO][0m 日志文件: /home/hdl/project/fgvr_test_new/logs/pipeline/car196/pipeline_car(7).log
2025-11-30 22:05:56,153 - PID:1631658 - INFO - [compete_626564] 实时查看日志: tail -f '/home/hdl/project/fgvr_test_new/logs/pipeline/car196/pipeline_car(7).log'
2025-11-30 22:05:56,153 - PID:1631658 - INFO - Command 3/3 completed successfully
2025-11-30 22:05:56,153 - PID:1631658 - INFO - Task completed on GPU 4: rm -rf {work_dir}/experiments/car196/knowledge_base -> bash {work_dir}/scripts/set_hyperparameters.sh --experience_number 5 -> CUDA_VISIBLE_DEVICES={available_gpu} bash {work_dir}/scripts/run_pipeline.sh car --uni_id {uni_id}
2025-11-30 22:05:56,219 - PID:1631658 - INFO - GPU 6: Available for task compete_121758. Memory: 22.31GB
2025-11-30 22:05:56,220 - PID:1631658 - INFO - 🚀 Starting queue 5 task compete_121758 on GPU 6
2025-11-30 22:05:56,220 - PID:1631658 - INFO - Starting task on GPU 6: rm -rf {work_dir}/experiments/dog120/knowledge_base -> bash {work_dir}/scripts/set_hyperparameters.sh --experience_number 15 -> CUDA_VISIBLE_DEVICES={available_gpu} bash {work_dir}/scripts/run_pipeline.sh dog --uni_id {uni_id}
2025-11-30 22:05:56,220 - PID:1631658 - INFO - 📈 Started 2 tasks: ['Queue 1', 'Queue 5']
2025-11-30 22:05:56,220 - PID:1631658 - INFO - Executing command 1/3 on GPU 6: rm -rf /home/hdl/project/fgvr_test_new/experiments/dog120/knowledge_base
2025-11-30 22:05:56,224 - PID:1631658 - INFO - Command 1/3 completed successfully
2025-11-30 22:05:56,224 - PID:1631658 - INFO - Executing command 2/3 on GPU 6: bash /home/hdl/project/fgvr_test_new/scripts/set_hyperparameters.sh --experience_number 15
2025-11-30 22:05:56,231 - PID:1631658 - INFO - [compete_121758] === 超参数设置脚本 ===
2025-11-30 22:05:56,231 - PID:1631658 - INFO - [compete_121758] 项目根目录: /home/hdl/project/fgvr_test_new
2025-11-30 22:05:56,232 - PID:1631658 - INFO - [compete_121758] 超参数文件: /home/hdl/project/fgvr_test_new/configs/hyperparameters.yaml
2025-11-30 22:05:56,232 - PID:1631658 - INFO - [compete_121758] 
2025-11-30 22:05:56,232 - PID:1631658 - INFO - [compete_121758] 使用命令行指定的经验条数: 15
2025-11-30 22:05:56,232 - PID:1631658 - INFO - [compete_121758] 
2025-11-30 22:05:56,232 - PID:1631658 - INFO - [compete_121758] 正在更新超参数文件: /home/hdl/project/fgvr_test_new/configs/hyperparameters.yaml
2025-11-30 22:05:56,283 - PID:1631658 - INFO - [compete_121758] ✅ 超参数更新成功: experience_base_max_number = 15
2025-11-30 22:05:56,283 - PID:1631658 - INFO - [compete_121758] 
2025-11-30 22:05:56,283 - PID:1631658 - INFO - [compete_121758] === 超参数设置完成 ===
2025-11-30 22:05:56,283 - PID:1631658 - INFO - Command 2/3 completed successfully
2025-11-30 22:05:56,283 - PID:1631658 - INFO - Executing command 3/3 on GPU 6: CUDA_VISIBLE_DEVICES=6 bash /home/hdl/project/fgvr_test_new/scripts/run_pipeline.sh dog --uni_id compete_121758
2025-11-30 22:05:56,284 - PID:1631658 - INFO - 🔄 Bash script with uni_id compete_121758 will handle its own PID registration
2025-11-30 22:05:56,339 - PID:1631658 - INFO - [compete_121758] [0;32m[SUCCESS][0m Pipeline 已启动 (完全后台), PID=1633878
2025-11-30 22:05:56,340 - PID:1631658 - INFO - [compete_121758] [0;34m[INFO][0m 日志文件: /home/hdl/project/fgvr_test_new/logs/pipeline/dog120/pipeline_dog(10).log
2025-11-30 22:05:56,340 - PID:1631658 - INFO - [compete_121758] 实时查看日志: tail -f '/home/hdl/project/fgvr_test_new/logs/pipeline/dog120/pipeline_dog(10).log'
2025-11-30 22:05:56,340 - PID:1631658 - INFO - Command 3/3 completed successfully
2025-11-30 22:05:56,340 - PID:1631658 - INFO - Task completed on GPU 6: rm -rf {work_dir}/experiments/dog120/knowledge_base -> bash {work_dir}/scripts/set_hyperparameters.sh --experience_number 15 -> CUDA_VISIBLE_DEVICES={available_gpu} bash {work_dir}/scripts/run_pipeline.sh dog --uni_id {uni_id}
2025-11-30 22:05:59,221 - PID:1631658 - ERROR - Error handling retry tasks: 'GPUCompetitor' object has no attribute 'can_start_task'
2025-11-30 22:06:00,933 - PID:1631658 - INFO - === Task Status ===
2025-11-30 22:06:00,933 - PID:1631658 - INFO - Total Tasks: 14, Pending=4, Running(memory)=0, Running(actual)=3, Completed=9, Failed=1
2025-11-30 22:06:00,933 - PID:1631658 - INFO - === Queue Status ===
2025-11-30 22:06:00,934 - PID:1631658 - INFO - Queue 1: 🔴 BUSY (process running), Pending=3, Running=0, Completed=2, Failed=0
2025-11-30 22:06:00,934 - PID:1631658 - INFO - Queue 2: 🔴 BUSY (process running), Pending=0, Running=0, Completed=2, Failed=0
2025-11-30 22:06:00,934 - PID:1631658 - INFO - Queue 3: 🟢 IDLE, Pending=0, Running=0, Completed=2, Failed=0
2025-11-30 22:06:00,934 - PID:1631658 - INFO - Queue 4: 🟢 IDLE, Pending=0, Running=0, Completed=1, Failed=0
2025-11-30 22:06:00,934 - PID:1631658 - INFO - Queue 5: 🔴 BUSY (process running), Pending=1, Running=0, Completed=2, Failed=0
2025-11-30 22:06:00,934 - PID:1631658 - INFO - Queue 6: 🟢 IDLE, Pending=0, Running=0, Completed=0, Failed=1
2025-11-30 22:06:00,934 - PID:1631658 - INFO - === GPU Status ===
2025-11-30 22:06:00,989 - PID:1631658 - INFO - GPU 0: ❌ Available=5.72GB, User Python Processes=0, Running Tasks=0
2025-11-30 22:06:01,044 - PID:1631658 - INFO - GPU 1: ❌ Available=4.67GB, User Python Processes=0, Running Tasks=0
2025-11-30 22:06:01,109 - PID:1631658 - INFO - GPU 2: ❌ Available=4.38GB, User Python Processes=0, Running Tasks=0
2025-11-30 22:06:01,173 - PID:1631658 - INFO - GPU 3: ❌ Available=15.34GB, User Python Processes=1, Running Tasks=0
2025-11-30 22:06:01,173 - PID:1631658 - INFO -   User Python PIDs: [1427990]
2025-11-30 22:06:01,262 - PID:1631658 - INFO - GPU 4: ✅ Available=24.37GB, User Python Processes=0, Running Tasks=0
2025-11-30 22:06:01,339 - PID:1631658 - INFO - GPU 5: ❌ Available=4.16GB, User Python Processes=0, Running Tasks=0
2025-11-30 22:06:01,403 - PID:1631658 - INFO - GPU 6: ✅ Available=22.31GB, User Python Processes=0, Running Tasks=0
2025-11-30 22:06:01,457 - PID:1631658 - INFO - GPU 7: ✅ Available=28.10GB, User Python Processes=0, Running Tasks=0
2025-11-30 22:06:01,513 - PID:1631658 - INFO - GPU 8: ❌ Available=2.83GB, User Python Processes=1, Running Tasks=0
2025-11-30 22:06:01,513 - PID:1631658 - INFO -   User Python PIDs: [1633215]
2025-11-30 22:06:01,564 - PID:1631658 - INFO - GPU 9: ❌ Available=13.00GB, User Python Processes=0, Running Tasks=0
2025-11-30 22:06:01,564 - PID:1631658 - INFO - === Running Processes (from JSON) ===
2025-11-30 22:06:01,564 - PID:1631658 - INFO -   compete_909033: PID=1633215, Queue 2, GPU 6
2025-11-30 22:06:01,565 - PID:1631658 - INFO -   compete_626564: PID=1633920, Queue 1, GPU 4
2025-11-30 22:06:01,565 - PID:1631658 - INFO -   compete_121758: PID=1633923, Queue 5, GPU 6
2025-11-30 22:06:04,223 - PID:1631658 - ERROR - Error handling retry tasks: 'GPUCompetitor' object has no attribute 'can_start_task'
2025-11-30 22:06:09,224 - PID:1631658 - ERROR - Error handling retry tasks: 'GPUCompetitor' object has no attribute 'can_start_task'
2025-11-30 22:06:09,389 - PID:1631658 - INFO - GPU 4: Available for task compete_998809. Memory: 24.37GB
2025-11-30 22:06:09,389 - PID:1631658 - INFO - 🚀 Starting queue 5 task compete_998809 on GPU 4
2025-11-30 22:06:09,389 - PID:1631658 - INFO - Starting task on GPU 4: rm -rf {work_dir}/experiments/dog120/knowledge_base -> bash {work_dir}/scripts/set_hyperparameters.sh --experience_number 3 -> CUDA_VISIBLE_DEVICES={available_gpu} bash {work_dir}/scripts/run_pipeline.sh dog --uni_id {uni_id}
2025-11-30 22:06:09,389 - PID:1631658 - INFO - 📈 Started 1 tasks: ['Queue 5']
2025-11-30 22:06:09,390 - PID:1631658 - INFO - Executing command 1/3 on GPU 4: rm -rf /home/hdl/project/fgvr_test_new/experiments/dog120/knowledge_base
2025-11-30 22:06:09,393 - PID:1631658 - INFO - Command 1/3 completed successfully
2025-11-30 22:06:09,393 - PID:1631658 - INFO - Executing command 2/3 on GPU 4: bash /home/hdl/project/fgvr_test_new/scripts/set_hyperparameters.sh --experience_number 3
2025-11-30 22:06:09,404 - PID:1631658 - INFO - [compete_998809] === 超参数设置脚本 ===
2025-11-30 22:06:09,404 - PID:1631658 - INFO - [compete_998809] 项目根目录: /home/hdl/project/fgvr_test_new
2025-11-30 22:06:09,404 - PID:1631658 - INFO - [compete_998809] 超参数文件: /home/hdl/project/fgvr_test_new/configs/hyperparameters.yaml
2025-11-30 22:06:09,404 - PID:1631658 - INFO - [compete_998809] 
2025-11-30 22:06:09,405 - PID:1631658 - INFO - [compete_998809] 使用命令行指定的经验条数: 3
2025-11-30 22:06:09,405 - PID:1631658 - INFO - [compete_998809] 
2025-11-30 22:06:09,405 - PID:1631658 - INFO - [compete_998809] 正在更新超参数文件: /home/hdl/project/fgvr_test_new/configs/hyperparameters.yaml
2025-11-30 22:06:09,456 - PID:1631658 - INFO - [compete_998809] ✅ 超参数更新成功: experience_base_max_number = 3
2025-11-30 22:06:09,456 - PID:1631658 - INFO - [compete_998809] 
2025-11-30 22:06:09,456 - PID:1631658 - INFO - [compete_998809] === 超参数设置完成 ===
2025-11-30 22:06:09,457 - PID:1631658 - INFO - Command 2/3 completed successfully
2025-11-30 22:06:09,457 - PID:1631658 - INFO - Executing command 3/3 on GPU 4: CUDA_VISIBLE_DEVICES=4 bash /home/hdl/project/fgvr_test_new/scripts/run_pipeline.sh dog --uni_id compete_998809
2025-11-30 22:06:09,458 - PID:1631658 - INFO - 🔄 Bash script with uni_id compete_998809 will handle its own PID registration
2025-11-30 22:06:09,529 - PID:1631658 - INFO - [compete_998809] [0;32m[SUCCESS][0m Pipeline 已启动 (完全后台), PID=1634639
2025-11-30 22:06:09,529 - PID:1631658 - INFO - [compete_998809] [0;34m[INFO][0m 日志文件: /home/hdl/project/fgvr_test_new/logs/pipeline/dog120/pipeline_dog(11).log
2025-11-30 22:06:09,529 - PID:1631658 - INFO - [compete_998809] 实时查看日志: tail -f '/home/hdl/project/fgvr_test_new/logs/pipeline/dog120/pipeline_dog(11).log'
2025-11-30 22:06:09,529 - PID:1631658 - INFO - Command 3/3 completed successfully
2025-11-30 22:06:09,530 - PID:1631658 - INFO - Task completed on GPU 4: rm -rf {work_dir}/experiments/dog120/knowledge_base -> bash {work_dir}/scripts/set_hyperparameters.sh --experience_number 3 -> CUDA_VISIBLE_DEVICES={available_gpu} bash {work_dir}/scripts/run_pipeline.sh dog --uni_id {uni_id}
2025-11-30 22:06:11,565 - PID:1631658 - INFO - === Task Status ===
2025-11-30 22:06:11,566 - PID:1631658 - INFO - Total Tasks: 14, Pending=3, Running(memory)=0, Running(actual)=2, Completed=10, Failed=1
2025-11-30 22:06:11,566 - PID:1631658 - INFO - === Queue Status ===
2025-11-30 22:06:11,566 - PID:1631658 - INFO - Queue 1: 🔴 BUSY (process running), Pending=3, Running=0, Completed=2, Failed=0
2025-11-30 22:06:11,566 - PID:1631658 - INFO - Queue 2: 🟢 IDLE, Pending=0, Running=0, Completed=2, Failed=0
2025-11-30 22:06:11,566 - PID:1631658 - INFO - Queue 3: 🟢 IDLE, Pending=0, Running=0, Completed=2, Failed=0
2025-11-30 22:06:11,566 - PID:1631658 - INFO - Queue 4: 🟢 IDLE, Pending=0, Running=0, Completed=1, Failed=0
2025-11-30 22:06:11,567 - PID:1631658 - INFO - Queue 5: 🔴 BUSY (process running), Pending=0, Running=0, Completed=3, Failed=0
2025-11-30 22:06:11,567 - PID:1631658 - INFO - Queue 6: 🟢 IDLE, Pending=0, Running=0, Completed=0, Failed=1
2025-11-30 22:06:11,567 - PID:1631658 - INFO - === GPU Status ===
2025-11-30 22:06:11,619 - PID:1631658 - INFO - GPU 0: ❌ Available=5.72GB, User Python Processes=0, Running Tasks=0
2025-11-30 22:06:11,675 - PID:1631658 - INFO - GPU 1: ❌ Available=4.67GB, User Python Processes=0, Running Tasks=0
2025-11-30 22:06:11,732 - PID:1631658 - INFO - GPU 2: ❌ Available=4.38GB, User Python Processes=0, Running Tasks=0
2025-11-30 22:06:11,784 - PID:1631658 - INFO - GPU 3: ❌ Available=15.34GB, User Python Processes=1, Running Tasks=0
2025-11-30 22:06:11,784 - PID:1631658 - INFO -   User Python PIDs: [1427990]
2025-11-30 22:06:11,834 - PID:1631658 - INFO - GPU 4: ✅ Available=24.37GB, User Python Processes=0, Running Tasks=0
2025-11-30 22:06:11,892 - PID:1631658 - INFO - GPU 5: ❌ Available=4.16GB, User Python Processes=0, Running Tasks=0
2025-11-30 22:06:11,948 - PID:1631658 - INFO - GPU 6: ✅ Available=22.31GB, User Python Processes=0, Running Tasks=0
2025-11-30 22:06:12,009 - PID:1631658 - INFO - GPU 7: ✅ Available=28.10GB, User Python Processes=0, Running Tasks=0
2025-11-30 22:06:12,060 - PID:1631658 - INFO - GPU 8: ❌ Available=16.21GB, User Python Processes=1, Running Tasks=0
2025-11-30 22:06:12,061 - PID:1631658 - INFO -   User Python PIDs: [1633920]
2025-11-30 22:06:12,112 - PID:1631658 - INFO - GPU 9: ❌ Available=13.00GB, User Python Processes=0, Running Tasks=0
2025-11-30 22:06:12,112 - PID:1631658 - INFO - === Running Processes (from JSON) ===
2025-11-30 22:06:12,112 - PID:1631658 - INFO -   compete_626564: PID=1633920, Queue 1, GPU 4
2025-11-30 22:06:12,113 - PID:1631658 - INFO -   compete_998809: PID=1634667, Queue 5, GPU 4
2025-11-30 22:06:12,391 - PID:1631658 - ERROR - Error handling retry tasks: 'GPUCompetitor' object has no attribute 'can_start_task'
2025-11-30 22:06:17,392 - PID:1631658 - ERROR - Error handling retry tasks: 'GPUCompetitor' object has no attribute 'can_start_task'
2025-11-30 22:06:22,113 - PID:1631658 - INFO - === Task Status ===
2025-11-30 22:06:22,113 - PID:1631658 - INFO - Total Tasks: 14, Pending=3, Running(memory)=0, Running(actual)=2, Completed=10, Failed=1
2025-11-30 22:06:22,114 - PID:1631658 - INFO - === Queue Status ===
2025-11-30 22:06:22,114 - PID:1631658 - INFO - Queue 1: 🔴 BUSY (process running), Pending=3, Running=0, Completed=2, Failed=0
2025-11-30 22:06:22,114 - PID:1631658 - INFO - Queue 2: 🟢 IDLE, Pending=0, Running=0, Completed=2, Failed=0
2025-11-30 22:06:22,114 - PID:1631658 - INFO - Queue 3: 🟢 IDLE, Pending=0, Running=0, Completed=2, Failed=0
2025-11-30 22:06:22,114 - PID:1631658 - INFO - Queue 4: 🟢 IDLE, Pending=0, Running=0, Completed=1, Failed=0
2025-11-30 22:06:22,114 - PID:1631658 - INFO - Queue 5: 🔴 BUSY (process running), Pending=0, Running=0, Completed=3, Failed=0
2025-11-30 22:06:22,114 - PID:1631658 - INFO - Queue 6: 🟢 IDLE, Pending=0, Running=0, Completed=0, Failed=1
2025-11-30 22:06:22,114 - PID:1631658 - INFO - === GPU Status ===
2025-11-30 22:06:22,176 - PID:1631658 - INFO - GPU 0: ❌ Available=5.72GB, User Python Processes=0, Running Tasks=0
2025-11-30 22:06:22,248 - PID:1631658 - INFO - GPU 1: ❌ Available=4.67GB, User Python Processes=0, Running Tasks=0
2025-11-30 22:06:22,304 - PID:1631658 - INFO - GPU 2: ❌ Available=4.38GB, User Python Processes=0, Running Tasks=0
2025-11-30 22:06:22,357 - PID:1631658 - INFO - GPU 3: ❌ Available=13.97GB, User Python Processes=1, Running Tasks=0
2025-11-30 22:06:22,357 - PID:1631658 - INFO -   User Python PIDs: [1427990]
2025-11-30 22:06:22,393 - PID:1631658 - ERROR - Error handling retry tasks: 'GPUCompetitor' object has no attribute 'can_start_task'
2025-11-30 22:06:22,431 - PID:1631658 - INFO - GPU 4: ✅ Available=24.37GB, User Python Processes=0, Running Tasks=0
2025-11-30 22:06:22,488 - PID:1631658 - INFO - GPU 5: ❌ Available=4.16GB, User Python Processes=0, Running Tasks=0
2025-11-30 22:06:22,539 - PID:1631658 - INFO - GPU 6: ✅ Available=22.31GB, User Python Processes=0, Running Tasks=0
2025-11-30 22:06:22,589 - PID:1631658 - INFO - GPU 7: ✅ Available=28.10GB, User Python Processes=0, Running Tasks=0
2025-11-30 22:06:22,638 - PID:1631658 - INFO - GPU 8: ❌ Available=2.55GB, User Python Processes=2, Running Tasks=0
2025-11-30 22:06:22,638 - PID:1631658 - INFO -   User Python PIDs: [1633920, 1634667]
2025-11-30 22:06:22,686 - PID:1631658 - INFO - GPU 9: ❌ Available=13.00GB, User Python Processes=0, Running Tasks=0
2025-11-30 22:06:22,686 - PID:1631658 - INFO - === Running Processes (from JSON) ===
2025-11-30 22:06:22,687 - PID:1631658 - INFO -   compete_626564: PID=1633920, Queue 1, GPU 4
2025-11-30 22:06:22,687 - PID:1631658 - INFO -   compete_998809: PID=1634667, Queue 5, GPU 4
2025-11-30 22:06:27,394 - PID:1631658 - ERROR - Error handling retry tasks: 'GPUCompetitor' object has no attribute 'can_start_task'
2025-11-30 22:06:27,559 - PID:1631658 - INFO - GPU 4: Available for task compete_527985. Memory: 24.37GB
2025-11-30 22:06:27,559 - PID:1631658 - INFO - 🚀 Starting queue 1 task compete_527985 on GPU 4
2025-11-30 22:06:27,560 - PID:1631658 - INFO - Starting task on GPU 4: rm -rf {work_dir}/experiments/car196/knowledge_base -> bash {work_dir}/scripts/set_hyperparameters.sh --experience_number 3 -> CUDA_VISIBLE_DEVICES={available_gpu} bash {work_dir}/scripts/run_pipeline.sh car --uni_id {uni_id}
2025-11-30 22:06:27,560 - PID:1631658 - INFO - 📈 Started 1 tasks: ['Queue 1']
2025-11-30 22:06:27,560 - PID:1631658 - INFO - Executing command 1/3 on GPU 4: rm -rf /home/hdl/project/fgvr_test_new/experiments/car196/knowledge_base
2025-11-30 22:06:27,564 - PID:1631658 - INFO - Command 1/3 completed successfully
2025-11-30 22:06:27,564 - PID:1631658 - INFO - Executing command 2/3 on GPU 4: bash /home/hdl/project/fgvr_test_new/scripts/set_hyperparameters.sh --experience_number 3
2025-11-30 22:06:27,574 - PID:1631658 - INFO - [compete_527985] === 超参数设置脚本 ===
2025-11-30 22:06:27,575 - PID:1631658 - INFO - [compete_527985] 项目根目录: /home/hdl/project/fgvr_test_new
2025-11-30 22:06:27,575 - PID:1631658 - INFO - [compete_527985] 超参数文件: /home/hdl/project/fgvr_test_new/configs/hyperparameters.yaml
2025-11-30 22:06:27,575 - PID:1631658 - INFO - [compete_527985] 
2025-11-30 22:06:27,575 - PID:1631658 - INFO - [compete_527985] 使用命令行指定的经验条数: 3
2025-11-30 22:06:27,576 - PID:1631658 - INFO - [compete_527985] 
2025-11-30 22:06:27,576 - PID:1631658 - INFO - [compete_527985] 正在更新超参数文件: /home/hdl/project/fgvr_test_new/configs/hyperparameters.yaml
2025-11-30 22:06:27,695 - PID:1631658 - INFO - [compete_527985] ✅ 超参数更新成功: experience_base_max_number = 3
2025-11-30 22:06:27,695 - PID:1631658 - INFO - [compete_527985] 
2025-11-30 22:06:27,695 - PID:1631658 - INFO - [compete_527985] === 超参数设置完成 ===
2025-11-30 22:06:27,696 - PID:1631658 - INFO - Command 2/3 completed successfully
2025-11-30 22:06:27,696 - PID:1631658 - INFO - Executing command 3/3 on GPU 4: CUDA_VISIBLE_DEVICES=4 bash /home/hdl/project/fgvr_test_new/scripts/run_pipeline.sh car --uni_id compete_527985
2025-11-30 22:06:27,697 - PID:1631658 - INFO - 🔄 Bash script with uni_id compete_527985 will handle its own PID registration
2025-11-30 22:06:27,761 - PID:1631658 - INFO - [compete_527985] [0;32m[SUCCESS][0m Pipeline 已启动 (完全后台), PID=1635475
2025-11-30 22:06:27,761 - PID:1631658 - INFO - [compete_527985] [0;34m[INFO][0m 日志文件: /home/hdl/project/fgvr_test_new/logs/pipeline/car196/pipeline_car(8).log
2025-11-30 22:06:27,761 - PID:1631658 - INFO - [compete_527985] 实时查看日志: tail -f '/home/hdl/project/fgvr_test_new/logs/pipeline/car196/pipeline_car(8).log'
2025-11-30 22:06:27,762 - PID:1631658 - INFO - Command 3/3 completed successfully
2025-11-30 22:06:27,762 - PID:1631658 - INFO - Task completed on GPU 4: rm -rf {work_dir}/experiments/car196/knowledge_base -> bash {work_dir}/scripts/set_hyperparameters.sh --experience_number 3 -> CUDA_VISIBLE_DEVICES={available_gpu} bash {work_dir}/scripts/run_pipeline.sh car --uni_id {uni_id}
2025-11-30 22:06:30,561 - PID:1631658 - ERROR - Error handling retry tasks: 'GPUCompetitor' object has no attribute 'can_start_task'
2025-11-30 22:06:32,687 - PID:1631658 - INFO - === Task Status ===
2025-11-30 22:06:32,688 - PID:1631658 - INFO - Total Tasks: 14, Pending=2, Running(memory)=0, Running(actual)=2, Completed=11, Failed=1
2025-11-30 22:06:32,688 - PID:1631658 - INFO - === Queue Status ===
2025-11-30 22:06:32,688 - PID:1631658 - INFO - Queue 1: 🔴 BUSY (process running), Pending=2, Running=0, Completed=3, Failed=0
2025-11-30 22:06:32,688 - PID:1631658 - INFO - Queue 2: 🟢 IDLE, Pending=0, Running=0, Completed=2, Failed=0
2025-11-30 22:06:32,688 - PID:1631658 - INFO - Queue 3: 🟢 IDLE, Pending=0, Running=0, Completed=2, Failed=0
2025-11-30 22:06:32,688 - PID:1631658 - INFO - Queue 4: 🟢 IDLE, Pending=0, Running=0, Completed=1, Failed=0
2025-11-30 22:06:32,688 - PID:1631658 - INFO - Queue 5: 🔴 BUSY (process running), Pending=0, Running=0, Completed=3, Failed=0
2025-11-30 22:06:32,689 - PID:1631658 - INFO - Queue 6: 🟢 IDLE, Pending=0, Running=0, Completed=0, Failed=1
2025-11-30 22:06:32,689 - PID:1631658 - INFO - === GPU Status ===
2025-11-30 22:06:32,740 - PID:1631658 - INFO - GPU 0: ❌ Available=5.72GB, User Python Processes=0, Running Tasks=0
2025-11-30 22:06:32,796 - PID:1631658 - INFO - GPU 1: ❌ Available=4.67GB, User Python Processes=0, Running Tasks=0
2025-11-30 22:06:32,852 - PID:1631658 - INFO - GPU 2: ❌ Available=4.38GB, User Python Processes=0, Running Tasks=0
2025-11-30 22:06:32,928 - PID:1631658 - INFO - GPU 3: ❌ Available=13.97GB, User Python Processes=1, Running Tasks=0
2025-11-30 22:06:32,928 - PID:1631658 - INFO -   User Python PIDs: [1427990]
2025-11-30 22:06:33,010 - PID:1631658 - INFO - GPU 4: ✅ Available=24.37GB, User Python Processes=0, Running Tasks=0
2025-11-30 22:06:33,075 - PID:1631658 - INFO - GPU 5: ❌ Available=4.16GB, User Python Processes=0, Running Tasks=0
2025-11-30 22:06:33,140 - PID:1631658 - INFO - GPU 6: ✅ Available=42.57GB, User Python Processes=0, Running Tasks=0
2025-11-30 22:06:33,199 - PID:1631658 - INFO - GPU 7: ✅ Available=42.27GB, User Python Processes=0, Running Tasks=0
2025-11-30 22:06:33,247 - PID:1631658 - INFO - GPU 8: ❌ Available=23.36GB, User Python Processes=1, Running Tasks=0
2025-11-30 22:06:33,247 - PID:1631658 - INFO -   User Python PIDs: [1634667]
2025-11-30 22:06:33,298 - PID:1631658 - INFO - GPU 9: ❌ Available=13.00GB, User Python Processes=0, Running Tasks=0
2025-11-30 22:06:33,298 - PID:1631658 - INFO - === Running Processes (from JSON) ===
2025-11-30 22:06:33,299 - PID:1631658 - INFO -   compete_998809: PID=1634667, Queue 5, GPU 4
2025-11-30 22:06:33,299 - PID:1631658 - INFO -   compete_527985: PID=1635508, Queue 1, GPU 4
2025-11-30 22:06:35,562 - PID:1631658 - ERROR - Error handling retry tasks: 'GPUCompetitor' object has no attribute 'can_start_task'
2025-11-30 22:06:40,564 - PID:1631658 - ERROR - Error handling retry tasks: 'GPUCompetitor' object has no attribute 'can_start_task'
2025-11-30 22:06:43,299 - PID:1631658 - INFO - === Task Status ===
2025-11-30 22:06:43,300 - PID:1631658 - INFO - Total Tasks: 14, Pending=2, Running(memory)=0, Running(actual)=1, Completed=11, Failed=1
2025-11-30 22:06:43,300 - PID:1631658 - INFO - === Queue Status ===
2025-11-30 22:06:43,300 - PID:1631658 - INFO - Queue 1: 🔴 BUSY (process running), Pending=2, Running=0, Completed=3, Failed=0
2025-11-30 22:06:43,300 - PID:1631658 - INFO - Queue 2: 🟢 IDLE, Pending=0, Running=0, Completed=2, Failed=0
2025-11-30 22:06:43,300 - PID:1631658 - INFO - Queue 3: 🟢 IDLE, Pending=0, Running=0, Completed=2, Failed=0
2025-11-30 22:06:43,300 - PID:1631658 - INFO - Queue 4: 🟢 IDLE, Pending=0, Running=0, Completed=1, Failed=0
2025-11-30 22:06:43,300 - PID:1631658 - INFO - Queue 5: 🟢 IDLE, Pending=0, Running=0, Completed=3, Failed=0
2025-11-30 22:06:43,300 - PID:1631658 - INFO - Queue 6: 🟢 IDLE, Pending=0, Running=0, Completed=0, Failed=1
2025-11-30 22:06:43,300 - PID:1631658 - INFO - === GPU Status ===
2025-11-30 22:06:43,354 - PID:1631658 - INFO - GPU 0: ❌ Available=5.72GB, User Python Processes=0, Running Tasks=0
2025-11-30 22:06:43,408 - PID:1631658 - INFO - GPU 1: ❌ Available=4.67GB, User Python Processes=0, Running Tasks=0
2025-11-30 22:06:43,463 - PID:1631658 - INFO - GPU 2: ❌ Available=4.38GB, User Python Processes=0, Running Tasks=0
2025-11-30 22:06:43,514 - PID:1631658 - INFO - GPU 3: ❌ Available=18.77GB, User Python Processes=1, Running Tasks=0
2025-11-30 22:06:43,514 - PID:1631658 - INFO -   User Python PIDs: [1427990]
2025-11-30 22:06:43,566 - PID:1631658 - INFO - GPU 4: ✅ Available=24.37GB, User Python Processes=0, Running Tasks=0
2025-11-30 22:06:43,619 - PID:1631658 - INFO - GPU 5: ❌ Available=4.16GB, User Python Processes=0, Running Tasks=0
2025-11-30 22:06:43,671 - PID:1631658 - INFO - GPU 6: ✅ Available=42.06GB, User Python Processes=0, Running Tasks=0
2025-11-30 22:06:43,722 - PID:1631658 - INFO - GPU 7: ✅ Available=42.27GB, User Python Processes=0, Running Tasks=0
2025-11-30 22:06:43,774 - PID:1631658 - INFO - GPU 8: ❌ Available=20.57GB, User Python Processes=1, Running Tasks=0
2025-11-30 22:06:43,775 - PID:1631658 - INFO -   User Python PIDs: [1635508]
2025-11-30 22:06:43,827 - PID:1631658 - INFO - GPU 9: ❌ Available=13.00GB, User Python Processes=0, Running Tasks=0
2025-11-30 22:06:43,828 - PID:1631658 - INFO - === Running Processes (from JSON) ===
2025-11-30 22:06:43,828 - PID:1631658 - INFO -   compete_527985: PID=1635508, Queue 1, GPU 4
2025-11-30 22:06:45,565 - PID:1631658 - ERROR - Error handling retry tasks: 'GPUCompetitor' object has no attribute 'can_start_task'
2025-11-30 22:06:50,566 - PID:1631658 - ERROR - Error handling retry tasks: 'GPUCompetitor' object has no attribute 'can_start_task'
2025-11-30 22:06:53,829 - PID:1631658 - INFO - === Task Status ===
2025-11-30 22:06:53,829 - PID:1631658 - INFO - Total Tasks: 14, Pending=2, Running(memory)=0, Running(actual)=1, Completed=11, Failed=1
2025-11-30 22:06:53,829 - PID:1631658 - INFO - === Queue Status ===
2025-11-30 22:06:53,830 - PID:1631658 - INFO - Queue 1: 🔴 BUSY (process running), Pending=2, Running=0, Completed=3, Failed=0
2025-11-30 22:06:53,830 - PID:1631658 - INFO - Queue 2: 🟢 IDLE, Pending=0, Running=0, Completed=2, Failed=0
2025-11-30 22:06:53,830 - PID:1631658 - INFO - Queue 3: 🟢 IDLE, Pending=0, Running=0, Completed=2, Failed=0
2025-11-30 22:06:53,830 - PID:1631658 - INFO - Queue 4: 🟢 IDLE, Pending=0, Running=0, Completed=1, Failed=0
2025-11-30 22:06:53,830 - PID:1631658 - INFO - Queue 5: 🟢 IDLE, Pending=0, Running=0, Completed=3, Failed=0
2025-11-30 22:06:53,830 - PID:1631658 - INFO - Queue 6: 🟢 IDLE, Pending=0, Running=0, Completed=0, Failed=1
2025-11-30 22:06:53,830 - PID:1631658 - INFO - === GPU Status ===
2025-11-30 22:06:53,882 - PID:1631658 - INFO - GPU 0: ❌ Available=5.72GB, User Python Processes=0, Running Tasks=0
2025-11-30 22:06:53,941 - PID:1631658 - INFO - GPU 1: ❌ Available=4.67GB, User Python Processes=0, Running Tasks=0
2025-11-30 22:06:54,006 - PID:1631658 - INFO - GPU 2: ❌ Available=4.38GB, User Python Processes=0, Running Tasks=0
2025-11-30 22:06:54,064 - PID:1631658 - INFO - GPU 3: ❌ Available=13.94GB, User Python Processes=1, Running Tasks=0
2025-11-30 22:06:54,064 - PID:1631658 - INFO -   User Python PIDs: [1427990]
2025-11-30 22:06:54,115 - PID:1631658 - INFO - GPU 4: ✅ Available=24.37GB, User Python Processes=0, Running Tasks=0
2025-11-30 22:06:54,171 - PID:1631658 - INFO - GPU 5: ❌ Available=4.16GB, User Python Processes=0, Running Tasks=0
2025-11-30 22:06:54,223 - PID:1631658 - INFO - GPU 6: ✅ Available=41.82GB, User Python Processes=0, Running Tasks=0
2025-11-30 22:06:54,273 - PID:1631658 - INFO - GPU 7: ✅ Available=42.01GB, User Python Processes=0, Running Tasks=0
2025-11-30 22:06:54,324 - PID:1631658 - INFO - GPU 8: ❌ Available=20.35GB, User Python Processes=1, Running Tasks=0
2025-11-30 22:06:54,324 - PID:1631658 - INFO -   User Python PIDs: [1635508]
2025-11-30 22:06:54,373 - PID:1631658 - INFO - GPU 9: ❌ Available=13.00GB, User Python Processes=0, Running Tasks=0
2025-11-30 22:06:54,374 - PID:1631658 - INFO - === Running Processes (from JSON) ===
2025-11-30 22:06:54,374 - PID:1631658 - INFO -   compete_527985: PID=1635508, Queue 1, GPU 4
2025-11-30 22:06:55,568 - PID:1631658 - ERROR - Error handling retry tasks: 'GPUCompetitor' object has no attribute 'can_start_task'
2025-11-30 22:07:00,569 - PID:1631658 - ERROR - Error handling retry tasks: 'GPUCompetitor' object has no attribute 'can_start_task'
2025-11-30 22:07:04,374 - PID:1631658 - INFO - === Task Status ===
2025-11-30 22:07:04,375 - PID:1631658 - INFO - Total Tasks: 14, Pending=2, Running(memory)=0, Running(actual)=0, Completed=11, Failed=1
2025-11-30 22:07:04,375 - PID:1631658 - INFO - === Queue Status ===
2025-11-30 22:07:04,375 - PID:1631658 - INFO - Queue 1: 🟢 IDLE, Pending=2, Running=0, Completed=3, Failed=0
2025-11-30 22:07:04,375 - PID:1631658 - INFO - Queue 2: 🟢 IDLE, Pending=0, Running=0, Completed=2, Failed=0
2025-11-30 22:07:04,376 - PID:1631658 - INFO - Queue 3: 🟢 IDLE, Pending=0, Running=0, Completed=2, Failed=0
2025-11-30 22:07:04,376 - PID:1631658 - INFO - Queue 4: 🟢 IDLE, Pending=0, Running=0, Completed=1, Failed=0
2025-11-30 22:07:04,376 - PID:1631658 - INFO - Queue 5: 🟢 IDLE, Pending=0, Running=0, Completed=3, Failed=0
2025-11-30 22:07:04,376 - PID:1631658 - INFO - Queue 6: 🟢 IDLE, Pending=0, Running=0, Completed=0, Failed=1
2025-11-30 22:07:04,376 - PID:1631658 - INFO - === GPU Status ===
2025-11-30 22:07:04,430 - PID:1631658 - INFO - GPU 0: ❌ Available=5.72GB, User Python Processes=0, Running Tasks=0
2025-11-30 22:07:04,489 - PID:1631658 - INFO - GPU 1: ❌ Available=4.67GB, User Python Processes=0, Running Tasks=0
2025-11-30 22:07:04,550 - PID:1631658 - INFO - GPU 2: ❌ Available=4.38GB, User Python Processes=0, Running Tasks=0
2025-11-30 22:07:04,597 - PID:1631658 - INFO - GPU 3: ❌ Available=13.94GB, User Python Processes=1, Running Tasks=0
2025-11-30 22:07:04,597 - PID:1631658 - INFO -   User Python PIDs: [1427990]
2025-11-30 22:07:04,646 - PID:1631658 - INFO - GPU 4: ✅ Available=24.37GB, User Python Processes=0, Running Tasks=0
