2025-11-30 22:35:14,451 - INFO - 📝 Log file: /home/hdl/project/fgvr_test_new/logs/compete_gpu/compete_gpu(12).log
2025-11-30 22:35:14,556 - INFO - 🖥️ Available GPUs: [0, 1, 2, 3, 4, 5, 6, 7, 8, 9]
2025-11-30 22:35:14,557 - INFO - 📋 Total tasks: 14, Queues: [1, 2, 3, 4, 5, 6]
2025-11-30 22:35:14,557 - INFO -    Queue 1: 5 tasks
2025-11-30 22:35:14,557 - INFO -    Queue 2: 2 tasks
2025-11-30 22:35:14,557 - INFO -    Queue 3: 2 tasks
2025-11-30 22:35:14,557 - INFO -    Queue 4: 1 tasks
2025-11-30 22:35:14,557 - INFO -    Queue 5: 3 tasks
2025-11-30 22:35:14,557 - INFO -    Queue 6: 1 tasks
2025-11-30 22:35:14,557 - INFO - 🏁 Starting GPU competition scheduler
2025-11-30 22:35:14,557 - INFO - ============================================================
2025-11-30 22:35:14,557 - INFO - 📊 Tasks: Pending=14, Running=0, Completed=0, Failed=0
2025-11-30 22:35:14,558 - INFO -    Queue 1: 🟢 IDLE, Pending=5, Completed=0
2025-11-30 22:35:14,558 - INFO -    Queue 2: 🟢 IDLE, Pending=2, Completed=0
2025-11-30 22:35:14,558 - INFO -    Queue 3: 🟢 IDLE, Pending=2, Completed=0
2025-11-30 22:35:14,558 - INFO -    Queue 4: 🟢 IDLE, Pending=1, Completed=0
2025-11-30 22:35:14,558 - INFO -    Queue 5: 🟢 IDLE, Pending=3, Completed=0
2025-11-30 22:35:14,558 - INFO -    Queue 6: 🟢 IDLE, Pending=1, Completed=0
2025-11-30 22:35:14,558 - INFO - ============================================================
2025-11-30 22:35:14,967 - INFO - ✅ GPU 4 available: 23.8GB free
2025-11-30 22:35:14,967 - INFO - 🚀 Starting task compete_322038 (Queue 5) on GPU 4
2025-11-30 22:35:14,967 - INFO -    [1/3] [GPU 4] rm -rf /home/hdl/project/fgvr_test_new/experiments/dog120/knowledge_base...
2025-11-30 22:35:14,971 - INFO -    [2/3] [GPU 4] bash /home/hdl/project/fgvr_test_new/scripts/set_hyperparameters.sh --experience...
2025-11-30 22:35:15,145 - INFO -    > === 超参数设置脚本 ===
2025-11-30 22:35:15,146 - INFO -    > 项目根目录: /home/hdl/project/fgvr_test_new
2025-11-30 22:35:15,146 - INFO -    > 超参数文件: /home/hdl/project/fgvr_test_new/configs/hyperparameters.yaml
2025-11-30 22:35:15,146 - INFO -    > 
2025-11-30 22:35:15,146 - INFO -    > 
2025-11-30 22:35:15,146 - INFO -    [3/3] [GPU 4] bash /home/hdl/project/fgvr_test_new/scripts/run_pipeline.sh dog --uni_id compet...
2025-11-30 22:35:15,217 - INFO -    > [0;32m[SUCCESS][0m Pipeline 已启动 (完全后台), PID=1673404
2025-11-30 22:35:15,217 - INFO -    > [0;34m[INFO][0m 日志文件: /home/hdl/project/fgvr_test_new/logs/pipeline/dog120/pipeline_dog(20).log
2025-11-30 22:35:15,218 - INFO -    > 实时查看日志: tail -f '/home/hdl/project/fgvr_test_new/logs/pipeline/dog120/pipeline_dog(20).log'
2025-11-30 22:35:15,218 - INFO - ✅ Task compete_322038 commands completed, waiting for background process...
2025-11-30 22:35:17,218 - INFO - ✅ Process confirmed: compete_322038 PID=1673457
2025-11-30 22:35:17,219 - INFO - ⏳ Waiting 30s before next task...
2025-11-30 22:35:47,375 - INFO - ✅ GPU 6 available: 38.0GB free
2025-11-30 22:35:47,376 - INFO - 🚀 Starting task compete_576803 (Queue 4) on GPU 6
2025-11-30 22:35:47,376 - INFO -    [1/2] [GPU 6] bash /home/hdl/project/fgvr_test_new/scripts/set_hyperparameters.sh --experience...
2025-11-30 22:35:47,656 - INFO -    > === 超参数设置脚本 ===
2025-11-30 22:35:47,656 - INFO -    > 项目根目录: /home/hdl/project/fgvr_test_new
2025-11-30 22:35:47,656 - INFO -    > 超参数文件: /home/hdl/project/fgvr_test_new/configs/hyperparameters.yaml
2025-11-30 22:35:47,656 - INFO -    > 
2025-11-30 22:35:47,656 - INFO -    > 
2025-11-30 22:35:47,656 - INFO -    [2/2] [GPU 6] bash /home/hdl/project/fgvr_test_new/scripts/run_pipeline.sh imagenet_v2 --uni_i...
2025-11-30 22:35:47,724 - INFO -    > [0;32m[SUCCESS][0m Pipeline 已启动 (完全后台), PID=1674249
2025-11-30 22:35:47,724 - INFO -    > [0;34m[INFO][0m 日志文件: /home/hdl/project/fgvr_test_new/logs/pipeline/imagenet_v2_1000/pipeline_imag
2025-11-30 22:35:47,724 - INFO -    > 实时查看日志: tail -f '/home/hdl/project/fgvr_test_new/logs/pipeline/imagenet_v2_1000/pipeline_imagenet_v2
2025-11-30 22:35:47,724 - INFO - ✅ Task compete_576803 commands completed, waiting for background process...
2025-11-30 22:35:49,725 - INFO - ✅ Process confirmed: compete_576803 PID=1674282
2025-11-30 22:35:49,725 - INFO - ⏳ Waiting 30s before next task...
2025-11-30 22:36:19,896 - INFO - ✅ GPU 7 available: 38.2GB free
2025-11-30 22:36:19,896 - INFO - 🚀 Starting task compete_321917 (Queue 3) on GPU 7
2025-11-30 22:36:19,897 - INFO -    [1/3] [GPU 7] rm -rf /home/hdl/project/fgvr_test_new/experiments/bird200/knowledge_base...
2025-11-30 22:36:19,901 - INFO -    [2/3] [GPU 7] bash /home/hdl/project/fgvr_test_new/scripts/set_hyperparameters.sh --experience...
2025-11-30 22:36:20,197 - INFO -    > === 超参数设置脚本 ===
2025-11-30 22:36:20,197 - INFO -    > 项目根目录: /home/hdl/project/fgvr_test_new
2025-11-30 22:36:20,197 - INFO -    > 超参数文件: /home/hdl/project/fgvr_test_new/configs/hyperparameters.yaml
2025-11-30 22:36:20,197 - INFO -    > 
2025-11-30 22:36:20,197 - INFO -    > 
2025-11-30 22:36:20,197 - INFO -    [3/3] [GPU 7] bash /home/hdl/project/fgvr_test_new/scripts/run_pipeline.sh bird --uni_id compe...
2025-11-30 22:36:20,263 - INFO -    > [0;32m[SUCCESS][0m Pipeline 已启动 (完全后台), PID=1675006
2025-11-30 22:36:20,263 - INFO -    > [0;34m[INFO][0m 日志文件: /home/hdl/project/fgvr_test_new/logs/pipeline/bird200/pipeline_bird(8).log
2025-11-30 22:36:20,263 - INFO -    > 实时查看日志: tail -f '/home/hdl/project/fgvr_test_new/logs/pipeline/bird200/pipeline_bird(8).log'
2025-11-30 22:36:20,263 - INFO - ✅ Task compete_321917 commands completed, waiting for background process...
2025-11-30 22:36:22,264 - INFO - ✅ Process confirmed: compete_321917 PID=1675046
2025-11-30 22:36:22,264 - INFO - ⏳ Waiting 30s before next task...
2025-11-30 22:36:52,452 - INFO - ⏳ No GPU available for task compete_697598 (need 20GB)
2025-11-30 22:36:52,645 - INFO - ⏳ No GPU available for task compete_611028 (need 20GB)
2025-11-30 22:36:52,824 - INFO - ⏳ No GPU available for task compete_431317 (need 20GB)
2025-11-30 22:36:52,824 - INFO - 📈 Started 3 task(s) this round
2025-11-30 22:36:52,824 - INFO - ============================================================
2025-11-30 22:36:52,824 - INFO - 📊 Tasks: Pending=11, Running=0, Completed=3, Failed=0
2025-11-30 22:36:52,825 - INFO -    Queue 1: 🟢 IDLE, Pending=5, Completed=0
2025-11-30 22:36:52,825 - INFO -    Queue 2: 🟢 IDLE, Pending=2, Completed=0
2025-11-30 22:36:52,825 - INFO -    Queue 3: 🔴 BUSY, Pending=1, Completed=1
2025-11-30 22:36:52,825 - INFO -    Queue 4: 🟢 IDLE, Pending=0, Completed=1
2025-11-30 22:36:52,825 - INFO -    Queue 5: 🟢 IDLE, Pending=2, Completed=1
2025-11-30 22:36:52,825 - INFO -    Queue 6: 🟢 IDLE, Pending=1, Completed=0
2025-11-30 22:36:52,825 - INFO - ============================================================
2025-11-30 22:36:58,218 - INFO - ✅ GPU 4 available: 23.8GB free
2025-11-30 22:36:58,219 - INFO - 🚀 Starting task compete_611028 (Queue 6) on GPU 4
2025-11-30 22:36:58,219 - INFO -    [1/2] [GPU 4] bash /home/hdl/project/fgvr_test_new/scripts/set_hyperparameters.sh --experience...
2025-11-30 22:36:58,395 - INFO -    > === 超参数设置脚本 ===
2025-11-30 22:36:58,395 - INFO -    > 项目根目录: /home/hdl/project/fgvr_test_new
2025-11-30 22:36:58,395 - INFO -    > 超参数文件: /home/hdl/project/fgvr_test_new/configs/hyperparameters.yaml
2025-11-30 22:36:58,395 - INFO -    > 
2025-11-30 22:36:58,395 - INFO -    > 
2025-11-30 22:36:58,396 - INFO -    [2/2] [GPU 4] bash /home/hdl/project/fgvr_test_new/scripts/run_pipeline.sh sun --uni_id compet...
2025-11-30 22:36:58,447 - ERROR -    Command failed: 
2025-11-30 22:36:58,577 - INFO - ✅ GPU 4 available: 23.8GB free
2025-11-30 22:36:58,577 - INFO - 🚀 Starting task compete_431317 (Queue 1) on GPU 4
2025-11-30 22:36:58,578 - INFO -    [1/3] [GPU 4] rm -rf /home/hdl/project/fgvr_test_new/experiments/car196/knowledge_base...
2025-11-30 22:36:58,580 - INFO -    [2/3] [GPU 4] bash /home/hdl/project/fgvr_test_new/scripts/set_hyperparameters.sh --experience...
2025-11-30 22:36:58,723 - INFO -    > === 超参数设置脚本 ===
2025-11-30 22:36:58,723 - INFO -    > 项目根目录: /home/hdl/project/fgvr_test_new
2025-11-30 22:36:58,723 - INFO -    > 超参数文件: /home/hdl/project/fgvr_test_new/configs/hyperparameters.yaml
2025-11-30 22:36:58,723 - INFO -    > 
2025-11-30 22:36:58,723 - INFO -    > 
2025-11-30 22:36:58,723 - INFO -    [3/3] [GPU 4] bash /home/hdl/project/fgvr_test_new/scripts/run_pipeline.sh car --uni_id compet...
2025-11-30 22:36:58,793 - INFO -    > [0;32m[SUCCESS][0m Pipeline 已启动 (完全后台), PID=1676080
2025-11-30 22:36:58,793 - INFO -    > [0;34m[INFO][0m 日志文件: /home/hdl/project/fgvr_test_new/logs/pipeline/car196/pipeline_car(18).log
2025-11-30 22:36:58,793 - INFO -    > 实时查看日志: tail -f '/home/hdl/project/fgvr_test_new/logs/pipeline/car196/pipeline_car(18).log'
2025-11-30 22:36:58,793 - INFO - ✅ Task compete_431317 commands completed, waiting for background process...
2025-11-30 22:37:00,794 - INFO - ✅ Process confirmed: compete_431317 PID=1676108
2025-11-30 22:37:00,794 - INFO - ⏳ Waiting 30s before next task...
