2025-11-30 22:25:34,601 - INFO - 📝 Log file: /home/hdl/project/fgvr_test_new/logs/compete_gpu/compete_gpu(10).log
2025-11-30 22:25:34,700 - INFO - 🖥️ Available GPUs: [0, 1, 2, 3, 4, 5, 6, 7, 8, 9]
2025-11-30 22:25:34,701 - INFO - 📋 Total tasks: 14, Queues: [1, 2, 3, 4, 5, 6]
2025-11-30 22:25:34,701 - INFO -    Queue 1: 5 tasks
2025-11-30 22:25:34,701 - INFO -    Queue 2: 2 tasks
2025-11-30 22:25:34,701 - INFO -    Queue 3: 2 tasks
2025-11-30 22:25:34,701 - INFO -    Queue 4: 1 tasks
2025-11-30 22:25:34,701 - INFO -    Queue 5: 3 tasks
2025-11-30 22:25:34,701 - INFO -    Queue 6: 1 tasks
2025-11-30 22:25:34,701 - INFO - 🏁 Starting GPU competition scheduler
2025-11-30 22:25:34,701 - INFO - ============================================================
2025-11-30 22:25:34,701 - INFO - 📊 Tasks: Pending=14, Running=0, Completed=0, Failed=0
2025-11-30 22:25:34,701 - INFO -    Queue 1: 🟢 IDLE, Pending=5, Completed=0
2025-11-30 22:25:34,701 - INFO -    Queue 2: 🟢 IDLE, Pending=2, Completed=0
2025-11-30 22:25:34,701 - INFO -    Queue 3: 🟢 IDLE, Pending=2, Completed=0
2025-11-30 22:25:34,702 - INFO -    Queue 4: 🟢 IDLE, Pending=1, Completed=0
2025-11-30 22:25:34,702 - INFO -    Queue 5: 🟢 IDLE, Pending=3, Completed=0
2025-11-30 22:25:34,702 - INFO -    Queue 6: 🟢 IDLE, Pending=1, Completed=0
2025-11-30 22:25:34,702 - INFO - ============================================================
2025-11-30 22:25:35,120 - INFO - ✅ GPU 4 available: 23.8GB free
2025-11-30 22:25:35,120 - INFO - 🚀 Starting task compete_327303 (Queue 3) on GPU 4
2025-11-30 22:25:35,121 - INFO -    [1/3] rm -rf /home/hdl/project/fgvr_test_new/experiments/bird200/knowledge_base...
2025-11-30 22:25:35,124 - INFO -    [2/3] bash /home/hdl/project/fgvr_test_new/scripts/set_hyperparameters.sh --experience...
2025-11-30 22:25:35,188 - INFO -    > === 超参数设置脚本 ===
2025-11-30 22:25:35,189 - INFO -    > 项目根目录: /home/hdl/project/fgvr_test_new
2025-11-30 22:25:35,189 - INFO -    > 超参数文件: /home/hdl/project/fgvr_test_new/configs/hyperparameters.yaml
2025-11-30 22:25:35,189 - INFO -    > 
2025-11-30 22:25:35,189 - INFO -    > 
2025-11-30 22:25:35,189 - INFO -    [3/3] CUDA_VISIBLE_DEVICES=4 bash /home/hdl/project/fgvr_test_new/scripts/run_pipeline...
2025-11-30 22:25:35,261 - INFO -    > [0;32m[SUCCESS][0m Pipeline 已启动 (完全后台), PID=1662000
2025-11-30 22:25:35,262 - INFO -    > [0;34m[INFO][0m 日志文件: /home/hdl/project/fgvr_test_new/logs/pipeline/bird200/pipeline_bird(6).log
2025-11-30 22:25:35,262 - INFO -    > 实时查看日志: tail -f '/home/hdl/project/fgvr_test_new/logs/pipeline/bird200/pipeline_bird(6).log'
2025-11-30 22:25:35,262 - INFO - ✅ Task compete_327303 commands completed, waiting for background process...
2025-11-30 22:25:37,263 - INFO - ✅ Process confirmed: compete_327303 PID=1662040
2025-11-30 22:25:37,263 - INFO - ⏳ Waiting 30s before next task...
2025-11-30 22:26:07,428 - INFO - ✅ GPU 6 available: 38.0GB free
2025-11-30 22:26:07,428 - INFO - 🚀 Starting task compete_963243 (Queue 5) on GPU 6
2025-11-30 22:26:07,429 - INFO -    [1/3] rm -rf /home/hdl/project/fgvr_test_new/experiments/dog120/knowledge_base...
2025-11-30 22:26:07,432 - INFO -    [2/3] bash /home/hdl/project/fgvr_test_new/scripts/set_hyperparameters.sh --experience...
2025-11-30 22:26:07,497 - INFO -    > === 超参数设置脚本 ===
2025-11-30 22:26:07,497 - INFO -    > 项目根目录: /home/hdl/project/fgvr_test_new
2025-11-30 22:26:07,498 - INFO -    > 超参数文件: /home/hdl/project/fgvr_test_new/configs/hyperparameters.yaml
2025-11-30 22:26:07,498 - INFO -    > 
2025-11-30 22:26:07,498 - INFO -    > 
2025-11-30 22:26:07,498 - INFO -    [3/3] CUDA_VISIBLE_DEVICES=6 bash /home/hdl/project/fgvr_test_new/scripts/run_pipeline...
2025-11-30 22:26:07,568 - INFO -    > [0;32m[SUCCESS][0m Pipeline 已启动 (完全后台), PID=1662840
2025-11-30 22:26:07,568 - INFO -    > [0;34m[INFO][0m 日志文件: /home/hdl/project/fgvr_test_new/logs/pipeline/dog120/pipeline_dog(18).log
2025-11-30 22:26:07,568 - INFO -    > 实时查看日志: tail -f '/home/hdl/project/fgvr_test_new/logs/pipeline/dog120/pipeline_dog(18).log'
2025-11-30 22:26:07,568 - INFO - ✅ Task compete_963243 commands completed, waiting for background process...
2025-11-30 22:26:09,569 - INFO - ✅ Process confirmed: compete_963243 PID=1662871
2025-11-30 22:26:09,569 - INFO - ⏳ Waiting 30s before next task...
2025-11-30 22:26:39,729 - INFO - ✅ GPU 7 available: 38.2GB free
2025-11-30 22:26:39,729 - INFO - 🚀 Starting task compete_483543 (Queue 1) on GPU 7
2025-11-30 22:26:39,729 - INFO -    [1/3] rm -rf /home/hdl/project/fgvr_test_new/experiments/car196/knowledge_base...
2025-11-30 22:26:39,733 - INFO -    [2/3] bash /home/hdl/project/fgvr_test_new/scripts/set_hyperparameters.sh --experience...
2025-11-30 22:26:39,800 - INFO -    > === 超参数设置脚本 ===
2025-11-30 22:26:39,800 - INFO -    > 项目根目录: /home/hdl/project/fgvr_test_new
2025-11-30 22:26:39,800 - INFO -    > 超参数文件: /home/hdl/project/fgvr_test_new/configs/hyperparameters.yaml
2025-11-30 22:26:39,800 - INFO -    > 
2025-11-30 22:26:39,800 - INFO -    > 
2025-11-30 22:26:39,800 - INFO -    [3/3] CUDA_VISIBLE_DEVICES=7 bash /home/hdl/project/fgvr_test_new/scripts/run_pipeline...
2025-11-30 22:26:39,868 - INFO -    > [0;32m[SUCCESS][0m Pipeline 已启动 (完全后台), PID=1663632
2025-11-30 22:26:39,868 - INFO -    > [0;34m[INFO][0m 日志文件: /home/hdl/project/fgvr_test_new/logs/pipeline/car196/pipeline_car(17).log
2025-11-30 22:26:39,869 - INFO -    > 实时查看日志: tail -f '/home/hdl/project/fgvr_test_new/logs/pipeline/car196/pipeline_car(17).log'
2025-11-30 22:26:39,869 - INFO - ✅ Task compete_483543 commands completed, waiting for background process...
2025-11-30 22:26:41,869 - INFO - ✅ Process confirmed: compete_483543 PID=1663669
2025-11-30 22:26:41,870 - INFO - ⏳ Waiting 30s before next task...
2025-11-30 22:27:12,030 - INFO - ⏳ No GPU available for task compete_954024 (need 20GB)
2025-11-30 22:27:12,176 - INFO - ⏳ No GPU available for task compete_456561 (need 20GB)
2025-11-30 22:27:12,365 - INFO - ⏳ No GPU available for task compete_851174 (need 20GB)
2025-11-30 22:27:12,366 - INFO - 📈 Started 3 task(s) this round
2025-11-30 22:27:12,366 - INFO - ============================================================
2025-11-30 22:27:12,366 - INFO - 📊 Tasks: Pending=11, Running=0, Completed=3, Failed=0
2025-11-30 22:27:12,366 - INFO -    Queue 1: 🔴 BUSY, Pending=4, Completed=1
2025-11-30 22:27:12,366 - INFO -    Queue 2: 🟢 IDLE, Pending=2, Completed=0
2025-11-30 22:27:12,367 - INFO -    Queue 3: 🔴 BUSY, Pending=1, Completed=1
2025-11-30 22:27:12,367 - INFO -    Queue 4: 🟢 IDLE, Pending=1, Completed=0
2025-11-30 22:27:12,367 - INFO -    Queue 5: 🟢 IDLE, Pending=2, Completed=1
2025-11-30 22:27:12,367 - INFO -    Queue 6: 🟢 IDLE, Pending=1, Completed=0
2025-11-30 22:27:12,367 - INFO - ============================================================
2025-11-30 22:27:17,765 - INFO - ✅ GPU 4 available: 23.8GB free
2025-11-30 22:27:17,765 - INFO - 🚀 Starting task compete_954024 (Queue 2) on GPU 4
2025-11-30 22:27:17,766 - INFO -    [1/3] rm -rf /home/hdl/project/fgvr_test_new/experiments/flower102/knowledge_base...
2025-11-30 22:27:17,767 - INFO -    [2/3] bash /home/hdl/project/fgvr_test_new/scripts/set_hyperparameters.sh --experience...
2025-11-30 22:27:17,827 - INFO -    > === 超参数设置脚本 ===
2025-11-30 22:27:17,827 - INFO -    > 项目根目录: /home/hdl/project/fgvr_test_new
2025-11-30 22:27:17,827 - INFO -    > 超参数文件: /home/hdl/project/fgvr_test_new/configs/hyperparameters.yaml
2025-11-30 22:27:17,827 - INFO -    > 
2025-11-30 22:27:17,827 - INFO -    > 
2025-11-30 22:27:17,827 - INFO -    [3/3] CUDA_VISIBLE_DEVICES=4 bash /home/hdl/project/fgvr_test_new/scripts/run_pipeline...
2025-11-30 22:27:17,901 - INFO -    > [0;32m[SUCCESS][0m Pipeline 已启动 (完全后台), PID=1664781
2025-11-30 22:27:17,901 - INFO -    > [0;34m[INFO][0m 日志文件: /home/hdl/project/fgvr_test_new/logs/pipeline/flower102/pipeline_flower(11).
2025-11-30 22:27:17,901 - INFO -    > 实时查看日志: tail -f '/home/hdl/project/fgvr_test_new/logs/pipeline/flower102/pipeline_flower(11).log'
2025-11-30 22:27:17,901 - INFO - ✅ Task compete_954024 commands completed, waiting for background process...
2025-11-30 22:27:19,902 - INFO - ✅ Process confirmed: compete_954024 PID=1664826
2025-11-30 22:27:19,902 - INFO - ⏳ Waiting 30s before next task...
2025-11-30 22:27:50,058 - INFO - ✅ GPU 6 available: 38.0GB free
2025-11-30 22:27:50,058 - INFO - 🚀 Starting task compete_851174 (Queue 6) on GPU 6
2025-11-30 22:27:50,059 - INFO -    [1/2] bash /home/hdl/project/fgvr_test_new/scripts/set_hyperparameters.sh --experience...
2025-11-30 22:27:50,121 - INFO -    > === 超参数设置脚本 ===
2025-11-30 22:27:50,122 - INFO -    > 项目根目录: /home/hdl/project/fgvr_test_new
2025-11-30 22:27:50,122 - INFO -    > 超参数文件: /home/hdl/project/fgvr_test_new/configs/hyperparameters.yaml
2025-11-30 22:27:50,122 - INFO -    > 
2025-11-30 22:27:50,122 - INFO -    > 
2025-11-30 22:27:50,122 - INFO -    [2/2] CUDA_VISIBLE_DEVICES=6 bash /home/hdl/project/fgvr_test_new/scripts/run_pipeline...
2025-11-30 22:27:50,183 - ERROR -    Command failed: 
2025-11-30 22:27:50,332 - INFO - ✅ GPU 6 available: 38.0GB free
2025-11-30 22:27:50,332 - INFO - 🚀 Starting task compete_424174 (Queue 5) on GPU 6
2025-11-30 22:27:50,332 - INFO -    [1/3] rm -rf /home/hdl/project/fgvr_test_new/experiments/dog120/knowledge_base...
2025-11-30 22:27:50,335 - INFO -    [2/3] bash /home/hdl/project/fgvr_test_new/scripts/set_hyperparameters.sh --experience...
2025-11-30 22:27:50,388 - INFO -    > === 超参数设置脚本 ===
2025-11-30 22:27:50,388 - INFO -    > 项目根目录: /home/hdl/project/fgvr_test_new
2025-11-30 22:27:50,388 - INFO -    > 超参数文件: /home/hdl/project/fgvr_test_new/configs/hyperparameters.yaml
2025-11-30 22:27:50,389 - INFO -    > 
2025-11-30 22:27:50,389 - INFO -    > 
2025-11-30 22:27:50,389 - INFO -    [3/3] CUDA_VISIBLE_DEVICES=6 bash /home/hdl/project/fgvr_test_new/scripts/run_pipeline...
2025-11-30 22:27:50,461 - INFO -    > [0;32m[SUCCESS][0m Pipeline 已启动 (完全后台), PID=1665787
2025-11-30 22:27:50,462 - INFO -    > [0;34m[INFO][0m 日志文件: /home/hdl/project/fgvr_test_new/logs/pipeline/dog120/pipeline_dog(19).log
2025-11-30 22:27:50,462 - INFO -    > 实时查看日志: tail -f '/home/hdl/project/fgvr_test_new/logs/pipeline/dog120/pipeline_dog(19).log'
2025-11-30 22:27:50,462 - INFO - ✅ Task compete_424174 commands completed, waiting for background process...
2025-11-30 22:27:52,463 - INFO - ✅ Process confirmed: compete_424174 PID=1665815
2025-11-30 22:27:52,463 - INFO - ⏳ Waiting 30s before next task...
2025-11-30 22:28:22,623 - INFO - ✅ GPU 7 available: 38.2GB free
2025-11-30 22:28:22,623 - INFO - 🚀 Starting task compete_456561 (Queue 4) on GPU 7
2025-11-30 22:28:22,623 - INFO -    [1/2] bash /home/hdl/project/fgvr_test_new/scripts/set_hyperparameters.sh --experience...
2025-11-30 22:28:22,981 - INFO -    > === 超参数设置脚本 ===
2025-11-30 22:28:22,981 - INFO -    > 项目根目录: /home/hdl/project/fgvr_test_new
2025-11-30 22:28:22,981 - INFO -    > 超参数文件: /home/hdl/project/fgvr_test_new/configs/hyperparameters.yaml
2025-11-30 22:28:22,981 - INFO -    > 
2025-11-30 22:28:22,981 - INFO -    > 
2025-11-30 22:28:22,981 - INFO -    [2/2] CUDA_VISIBLE_DEVICES=7 bash /home/hdl/project/fgvr_test_new/scripts/run_pipeline...
2025-11-30 22:28:23,050 - INFO -    > [0;32m[SUCCESS][0m Pipeline 已启动 (完全后台), PID=1667125
2025-11-30 22:28:23,051 - INFO -    > [0;34m[INFO][0m 日志文件: /home/hdl/project/fgvr_test_new/logs/pipeline/imagenet_v2_1000/pipeline_imag
2025-11-30 22:28:23,051 - INFO -    > 实时查看日志: tail -f '/home/hdl/project/fgvr_test_new/logs/pipeline/imagenet_v2_1000/pipeline_imagenet_v2
2025-11-30 22:28:23,051 - INFO - ✅ Task compete_456561 commands completed, waiting for background process...
2025-11-30 22:28:25,052 - INFO - ✅ Process confirmed: compete_456561 PID=1667177
2025-11-30 22:28:25,052 - INFO - ⏳ Waiting 30s before next task...
