2025-11-30 20:37:46,423 - PID:1540394 - INFO - 🚀 GPU Competition Script Started - PID: 1540394
2025-11-30 20:37:46,423 - PID:1540394 - INFO - 📁 Log directory: /home/hdl/project/fgvr_test_new/logs/compete_gpu
2025-11-30 20:37:46,424 - PID:1540394 - INFO - 📄 Log file: /home/hdl/project/fgvr_test_new/logs/compete_gpu/compete_gpu(1).log
2025-11-30 20:37:46,424 - PID:1540394 - INFO - ⚙️  Maximize Resource Utilization: False
2025-11-30 20:37:46,424 - PID:1540394 - INFO - ⏱️  Check interval: 5 seconds
2025-11-30 20:37:46,424 - PID:1540394 - INFO - ⏰ Task wait interval: 60 seconds
2025-11-30 20:37:46,525 - PID:1540394 - INFO - Using all detected GPUs: [0, 1, 2, 3, 4, 5, 6, 7, 8, 9]
2025-11-30 20:37:46,526 - PID:1540394 - INFO - 📋 Task queues setup:
2025-11-30 20:37:46,526 - PID:1540394 - INFO -   Queue 1: 5 tasks
2025-11-30 20:37:46,526 - PID:1540394 - INFO -     Task 1: rm -rf {work_dir}/experiments/car196/knowledge_base -> bash {work_dir}/scripts/set_hyperparameters.sh --experience_number 8 -> CUDA_VISIBLE_DEVICES={available_gpu} bash {work_dir}/scripts/run_pipeline.sh car --uni_id {uni_id}
2025-11-30 20:37:46,526 - PID:1540394 - INFO -     Task 2: rm -rf {work_dir}/experiments/car196/knowledge_base -> bash {work_dir}/scripts/set_hyperparameters.sh --experience_number 5 -> CUDA_VISIBLE_DEVICES={available_gpu} bash {work_dir}/scripts/run_pipeline.sh car --uni_id {uni_id}
2025-11-30 20:37:46,526 - PID:1540394 - INFO -     Task 3: rm -rf {work_dir}/experiments/car196/knowledge_base -> bash {work_dir}/scripts/set_hyperparameters.sh --experience_number 3 -> CUDA_VISIBLE_DEVICES={available_gpu} bash {work_dir}/scripts/run_pipeline.sh car --uni_id {uni_id}
2025-11-30 20:37:46,526 - PID:1540394 - INFO -     Task 4: rm -rf {work_dir}/experiments/car196/knowledge_base -> bash {work_dir}/scripts/set_hyperparameters.sh --experience_number 25 -> CUDA_VISIBLE_DEVICES={available_gpu} bash {work_dir}/scripts/run_pipeline.sh car --uni_id {uni_id}
2025-11-30 20:37:46,526 - PID:1540394 - INFO -     Task 5: rm -rf {work_dir}/experiments/car196/knowledge_base -> bash {work_dir}/scripts/set_hyperparameters.sh --experience_number 50 -> CUDA_VISIBLE_DEVICES={available_gpu} bash {work_dir}/scripts/run_pipeline.sh car --uni_id {uni_id}
2025-11-30 20:37:46,526 - PID:1540394 - INFO -   Queue 2: 4 tasks
2025-11-30 20:37:46,526 - PID:1540394 - INFO -     Task 1: rm -rf {work_dir}/experiments/flower102/knowledge_base -> bash {work_dir}/scripts/set_hyperparameters.sh --experience_number 15 -> CUDA_VISIBLE_DEVICES={available_gpu} bash {work_dir}/scripts/run_pipeline.sh flower --uni_id {uni_id}
2025-11-30 20:37:46,526 - PID:1540394 - INFO -     Task 2: rm -rf {work_dir}/experiments/flower102/knowledge_base -> bash {work_dir}/scripts/set_hyperparameters.sh --experience_number 5 -> CUDA_VISIBLE_DEVICES={available_gpu} bash {work_dir}/scripts/run_pipeline.sh flower --uni_id {uni_id}
2025-11-30 20:37:46,526 - PID:1540394 - INFO -     Task 3: rm -rf {work_dir}/experiments/bird200/knowledge_base -> bash {work_dir}/scripts/set_hyperparameters.sh --experience_number 50 -> CUDA_VISIBLE_DEVICES={available_gpu} bash {work_dir}/scripts/run_pipeline.sh bird --uni_id {uni_id}
2025-11-30 20:37:46,526 - PID:1540394 - INFO -     Task 4: rm -rf {work_dir}/experiments/bird200/knowledge_base -> bash {work_dir}/scripts/set_hyperparameters.sh --experience_number 50 -> CUDA_VISIBLE_DEVICES={available_gpu} bash {work_dir}/scripts/run_pipeline.sh bird --uni_id {uni_id}
2025-11-30 20:37:46,526 - PID:1540394 - INFO - 📋 Created 2 tasks for dynamic GPU allocation
2025-11-30 20:37:46,526 - PID:1540394 - INFO - Starting GPU competition process
2025-11-30 20:37:46,526 - PID:1540394 - INFO - Available GPUs: [0, 1, 2, 3, 4, 5, 6, 7, 8, 9]
2025-11-30 20:37:46,526 - PID:1540394 - INFO - Check interval: 5 seconds
2025-11-30 20:37:46,526 - PID:1540394 - INFO - Log directory: /home/hdl/project/fgvr_test_new/logs/compete_gpu
2025-11-30 20:37:46,526 - PID:1540394 - INFO - Maximize resource utilization: False
2025-11-30 20:37:46,527 - PID:1540394 - INFO - Total tasks: 9
2025-11-30 20:37:46,527 - PID:1540394 - INFO - === Task Status ===
2025-11-30 20:37:46,527 - PID:1540394 - INFO - Total Tasks: 9, Pending=9, Running=0, Completed=0, Failed=0
2025-11-30 20:37:46,527 - PID:1540394 - INFO - === Queue Status ===
2025-11-30 20:37:46,527 - PID:1540394 - INFO - Queue 1: 🟢 IDLE, Pending=5, Running=0, Completed=0, Failed=0
2025-11-30 20:37:46,527 - PID:1540394 - INFO - Queue 2: 🟢 IDLE, Pending=4, Running=0, Completed=0, Failed=0
2025-11-30 20:37:46,527 - PID:1540394 - INFO - === GPU Status ===
2025-11-30 20:37:46,633 - PID:1540394 - ERROR - Failed to get GPU a memory info
2025-11-30 20:37:46,634 - PID:1540394 - ERROR - Failed to get GPU a memory info
2025-11-30 20:37:46,634 - PID:1540394 - INFO - GPU a: Insufficient memory. Available: 0.00GB, Required: 25.00GB
2025-11-30 20:37:46,734 - PID:1540394 - ERROR - Error getting Python processes on GPU a: Command '['nvidia-smi', '--query-compute-apps=pid,process_name', '--format=csv,noheader,nounits', '--id=a']' returned non-zero exit status 6.
2025-11-30 20:37:46,734 - PID:1540394 - INFO - GPU a: Available=0.00GB, User Python Processes=0, Running Tasks=0
2025-11-30 20:37:46,746 - PID:1540394 - ERROR - Failed to get GPU l memory info
2025-11-30 20:37:46,746 - PID:1540394 - INFO - GPU l: Insufficient memory. Available: 0.00GB, Required: 25.00GB
2025-11-30 20:37:46,829 - PID:1540394 - ERROR - Failed to get GPU l memory info
2025-11-30 20:37:46,849 - PID:1540394 - ERROR - Failed to get GPU l memory info
2025-11-30 20:37:46,849 - PID:1540394 - INFO - GPU l: Insufficient memory. Available: 0.00GB, Required: 25.00GB
2025-11-30 20:37:46,849 - PID:1540394 - INFO - No available GPU found for task compete_319504 (requires 25.00GB)
2025-11-30 20:37:46,961 - PID:1540394 - ERROR - Error getting Python processes on GPU l: Command '['nvidia-smi', '--query-compute-apps=pid,process_name', '--format=csv,noheader,nounits', '--id=l']' returned non-zero exit status 6.
2025-11-30 20:37:46,961 - PID:1540394 - INFO - GPU l: Available=0.00GB, User Python Processes=0, Running Tasks=0
2025-11-30 20:37:46,984 - PID:1540394 - ERROR - Failed to get GPU a memory info
2025-11-30 20:37:46,984 - PID:1540394 - INFO - GPU a: Insufficient memory. Available: 0.00GB, Required: 25.00GB
2025-11-30 20:37:47,066 - PID:1540394 - ERROR - Failed to get GPU l memory info
2025-11-30 20:37:47,089 - PID:1540394 - ERROR - Failed to get GPU l memory info
2025-11-30 20:37:47,089 - PID:1540394 - INFO - GPU l: Insufficient memory. Available: 0.00GB, Required: 25.00GB
2025-11-30 20:37:47,172 - PID:1540394 - ERROR - Error getting Python processes on GPU l: Command '['nvidia-smi', '--query-compute-apps=pid,process_name', '--format=csv,noheader,nounits', '--id=l']' returned non-zero exit status 6.
2025-11-30 20:37:47,172 - PID:1540394 - INFO - GPU l: Available=0.00GB, User Python Processes=0, Running Tasks=0
2025-11-30 20:37:47,195 - PID:1540394 - ERROR - Failed to get GPU l memory info
2025-11-30 20:37:47,195 - PID:1540394 - INFO - GPU l: Insufficient memory. Available: 0.00GB, Required: 25.00GB
2025-11-30 20:37:47,196 - PID:1540394 - INFO - No available GPU found for task compete_430007 (requires 25.00GB)
2025-11-30 20:37:47,289 - PID:1540394 - ERROR - Failed to get GPU a memory info
2025-11-30 20:37:47,289 - PID:1540394 - INFO - GPU a: Insufficient memory. Available: 0.00GB, Required: 25.00GB
2025-11-30 20:37:47,382 - PID:1540394 - ERROR - Failed to get GPU l memory info
2025-11-30 20:37:47,382 - PID:1540394 - INFO - GPU l: Insufficient memory. Available: 0.00GB, Required: 25.00GB
2025-11-30 20:37:47,474 - PID:1540394 - ERROR - Failed to get GPU l memory info
2025-11-30 20:37:47,475 - PID:1540394 - INFO - GPU l: Insufficient memory. Available: 0.00GB, Required: 25.00GB
2025-11-30 20:37:47,475 - PID:1540394 - INFO - No available GPU found for task compete_393608 (requires 25.00GB)
2025-11-30 20:37:47,568 - PID:1540394 - ERROR - Failed to get GPU a memory info
2025-11-30 20:37:47,568 - PID:1540394 - INFO - GPU a: Insufficient memory. Available: 0.00GB, Required: 25.00GB
2025-11-30 20:37:47,663 - PID:1540394 - ERROR - Failed to get GPU l memory info
2025-11-30 20:37:47,663 - PID:1540394 - INFO - GPU l: Insufficient memory. Available: 0.00GB, Required: 25.00GB
2025-11-30 20:37:47,804 - PID:1540394 - ERROR - Failed to get GPU l memory info
2025-11-30 20:37:47,804 - PID:1540394 - INFO - GPU l: Insufficient memory. Available: 0.00GB, Required: 25.00GB
2025-11-30 20:37:47,804 - PID:1540394 - INFO - No available GPU found for task compete_167551 (requires 25.00GB)
2025-11-30 20:37:47,898 - PID:1540394 - ERROR - Failed to get GPU a memory info
2025-11-30 20:37:47,898 - PID:1540394 - INFO - GPU a: Insufficient memory. Available: 0.00GB, Required: 25.00GB
2025-11-30 20:37:47,989 - PID:1540394 - ERROR - Failed to get GPU l memory info
2025-11-30 20:37:47,989 - PID:1540394 - INFO - GPU l: Insufficient memory. Available: 0.00GB, Required: 25.00GB
2025-11-30 20:37:48,099 - PID:1540394 - ERROR - Failed to get GPU l memory info
2025-11-30 20:37:48,099 - PID:1540394 - INFO - GPU l: Insufficient memory. Available: 0.00GB, Required: 25.00GB
2025-11-30 20:37:48,099 - PID:1540394 - INFO - No available GPU found for task compete_357070 (requires 25.00GB)
2025-11-30 20:37:48,194 - PID:1540394 - ERROR - Failed to get GPU a memory info
2025-11-30 20:37:48,194 - PID:1540394 - INFO - GPU a: Insufficient memory. Available: 0.00GB, Required: 25.00GB
2025-11-30 20:37:48,297 - PID:1540394 - ERROR - Failed to get GPU l memory info
2025-11-30 20:37:48,297 - PID:1540394 - INFO - GPU l: Insufficient memory. Available: 0.00GB, Required: 25.00GB
2025-11-30 20:37:48,392 - PID:1540394 - ERROR - Failed to get GPU l memory info
2025-11-30 20:37:48,392 - PID:1540394 - INFO - GPU l: Insufficient memory. Available: 0.00GB, Required: 25.00GB
2025-11-30 20:37:48,392 - PID:1540394 - INFO - No available GPU found for task compete_693179 (requires 25.00GB)
2025-11-30 20:37:48,488 - PID:1540394 - ERROR - Failed to get GPU a memory info
2025-11-30 20:37:48,488 - PID:1540394 - INFO - GPU a: Insufficient memory. Available: 0.00GB, Required: 25.00GB
2025-11-30 20:37:48,581 - PID:1540394 - ERROR - Failed to get GPU l memory info
2025-11-30 20:37:48,581 - PID:1540394 - INFO - GPU l: Insufficient memory. Available: 0.00GB, Required: 25.00GB
2025-11-30 20:37:48,672 - PID:1540394 - ERROR - Failed to get GPU l memory info
2025-11-30 20:37:48,672 - PID:1540394 - INFO - GPU l: Insufficient memory. Available: 0.00GB, Required: 25.00GB
2025-11-30 20:37:48,672 - PID:1540394 - INFO - No available GPU found for task compete_549369 (requires 25.00GB)
2025-11-30 20:37:48,765 - PID:1540394 - ERROR - Failed to get GPU a memory info
2025-11-30 20:37:48,765 - PID:1540394 - INFO - GPU a: Insufficient memory. Available: 0.00GB, Required: 25.00GB
2025-11-30 20:37:48,868 - PID:1540394 - ERROR - Failed to get GPU l memory info
2025-11-30 20:37:48,868 - PID:1540394 - INFO - GPU l: Insufficient memory. Available: 0.00GB, Required: 25.00GB
2025-11-30 20:37:48,968 - PID:1540394 - ERROR - Failed to get GPU l memory info
2025-11-30 20:37:48,969 - PID:1540394 - INFO - GPU l: Insufficient memory. Available: 0.00GB, Required: 25.00GB
2025-11-30 20:37:48,969 - PID:1540394 - INFO - No available GPU found for task compete_884183 (requires 25.00GB)
2025-11-30 20:37:49,071 - PID:1540394 - ERROR - Failed to get GPU a memory info
2025-11-30 20:37:49,071 - PID:1540394 - INFO - GPU a: Insufficient memory. Available: 0.00GB, Required: 25.00GB
2025-11-30 20:37:49,165 - PID:1540394 - ERROR - Failed to get GPU l memory info
2025-11-30 20:37:49,165 - PID:1540394 - INFO - GPU l: Insufficient memory. Available: 0.00GB, Required: 25.00GB
2025-11-30 20:37:49,258 - PID:1540394 - ERROR - Failed to get GPU l memory info
2025-11-30 20:37:49,258 - PID:1540394 - INFO - GPU l: Insufficient memory. Available: 0.00GB, Required: 25.00GB
2025-11-30 20:37:49,258 - PID:1540394 - INFO - No available GPU found for task compete_890001 (requires 25.00GB)
2025-11-30 20:37:54,360 - PID:1540394 - ERROR - Failed to get GPU a memory info
2025-11-30 20:37:54,360 - PID:1540394 - INFO - GPU a: Insufficient memory. Available: 0.00GB, Required: 25.00GB
2025-11-30 20:37:54,456 - PID:1540394 - ERROR - Failed to get GPU l memory info
2025-11-30 20:37:54,457 - PID:1540394 - INFO - GPU l: Insufficient memory. Available: 0.00GB, Required: 25.00GB
2025-11-30 20:37:54,554 - PID:1540394 - ERROR - Failed to get GPU l memory info
2025-11-30 20:37:54,554 - PID:1540394 - INFO - GPU l: Insufficient memory. Available: 0.00GB, Required: 25.00GB
2025-11-30 20:37:54,554 - PID:1540394 - INFO - No available GPU found for task compete_319504 (requires 25.00GB)
2025-11-30 20:37:54,650 - PID:1540394 - ERROR - Failed to get GPU a memory info
2025-11-30 20:37:54,650 - PID:1540394 - INFO - GPU a: Insufficient memory. Available: 0.00GB, Required: 25.00GB
2025-11-30 20:37:54,751 - PID:1540394 - ERROR - Failed to get GPU l memory info
2025-11-30 20:37:54,751 - PID:1540394 - INFO - GPU l: Insufficient memory. Available: 0.00GB, Required: 25.00GB
2025-11-30 20:37:54,846 - PID:1540394 - ERROR - Failed to get GPU l memory info
2025-11-30 20:37:54,846 - PID:1540394 - INFO - GPU l: Insufficient memory. Available: 0.00GB, Required: 25.00GB
2025-11-30 20:37:54,846 - PID:1540394 - INFO - No available GPU found for task compete_430007 (requires 25.00GB)
2025-11-30 20:37:54,946 - PID:1540394 - ERROR - Failed to get GPU a memory info
2025-11-30 20:37:54,947 - PID:1540394 - INFO - GPU a: Insufficient memory. Available: 0.00GB, Required: 25.00GB
2025-11-30 20:37:55,047 - PID:1540394 - ERROR - Failed to get GPU l memory info
2025-11-30 20:37:55,047 - PID:1540394 - INFO - GPU l: Insufficient memory. Available: 0.00GB, Required: 25.00GB
2025-11-30 20:37:55,158 - PID:1540394 - ERROR - Failed to get GPU l memory info
2025-11-30 20:37:55,159 - PID:1540394 - INFO - GPU l: Insufficient memory. Available: 0.00GB, Required: 25.00GB
2025-11-30 20:37:55,159 - PID:1540394 - INFO - No available GPU found for task compete_393608 (requires 25.00GB)
2025-11-30 20:37:55,253 - PID:1540394 - ERROR - Failed to get GPU a memory info
2025-11-30 20:37:55,253 - PID:1540394 - INFO - GPU a: Insufficient memory. Available: 0.00GB, Required: 25.00GB
2025-11-30 20:37:55,348 - PID:1540394 - ERROR - Failed to get GPU l memory info
2025-11-30 20:37:55,348 - PID:1540394 - INFO - GPU l: Insufficient memory. Available: 0.00GB, Required: 25.00GB
2025-11-30 20:37:55,443 - PID:1540394 - ERROR - Failed to get GPU l memory info
2025-11-30 20:37:55,444 - PID:1540394 - INFO - GPU l: Insufficient memory. Available: 0.00GB, Required: 25.00GB
2025-11-30 20:37:55,444 - PID:1540394 - INFO - No available GPU found for task compete_167551 (requires 25.00GB)
2025-11-30 20:37:55,537 - PID:1540394 - ERROR - Failed to get GPU a memory info
2025-11-30 20:37:55,537 - PID:1540394 - INFO - GPU a: Insufficient memory. Available: 0.00GB, Required: 25.00GB
2025-11-30 20:37:55,631 - PID:1540394 - ERROR - Failed to get GPU l memory info
2025-11-30 20:37:55,631 - PID:1540394 - INFO - GPU l: Insufficient memory. Available: 0.00GB, Required: 25.00GB
2025-11-30 20:37:55,729 - PID:1540394 - ERROR - Failed to get GPU l memory info
2025-11-30 20:37:55,729 - PID:1540394 - INFO - GPU l: Insufficient memory. Available: 0.00GB, Required: 25.00GB
2025-11-30 20:37:55,729 - PID:1540394 - INFO - No available GPU found for task compete_357070 (requires 25.00GB)
2025-11-30 20:37:55,824 - PID:1540394 - ERROR - Failed to get GPU a memory info
2025-11-30 20:37:55,824 - PID:1540394 - INFO - GPU a: Insufficient memory. Available: 0.00GB, Required: 25.00GB
2025-11-30 20:37:55,939 - PID:1540394 - ERROR - Failed to get GPU l memory info
2025-11-30 20:37:55,939 - PID:1540394 - INFO - GPU l: Insufficient memory. Available: 0.00GB, Required: 25.00GB
2025-11-30 20:37:56,052 - PID:1540394 - ERROR - Failed to get GPU l memory info
2025-11-30 20:37:56,052 - PID:1540394 - INFO - GPU l: Insufficient memory. Available: 0.00GB, Required: 25.00GB
2025-11-30 20:37:56,052 - PID:1540394 - INFO - No available GPU found for task compete_693179 (requires 25.00GB)
2025-11-30 20:37:56,144 - PID:1540394 - ERROR - Failed to get GPU a memory info
2025-11-30 20:37:56,144 - PID:1540394 - INFO - GPU a: Insufficient memory. Available: 0.00GB, Required: 25.00GB
2025-11-30 20:37:56,259 - PID:1540394 - ERROR - Failed to get GPU l memory info
2025-11-30 20:37:56,260 - PID:1540394 - INFO - GPU l: Insufficient memory. Available: 0.00GB, Required: 25.00GB
2025-11-30 20:37:56,358 - PID:1540394 - ERROR - Failed to get GPU l memory info
2025-11-30 20:37:56,358 - PID:1540394 - INFO - GPU l: Insufficient memory. Available: 0.00GB, Required: 25.00GB
2025-11-30 20:37:56,358 - PID:1540394 - INFO - No available GPU found for task compete_549369 (requires 25.00GB)
2025-11-30 20:37:56,453 - PID:1540394 - ERROR - Failed to get GPU a memory info
2025-11-30 20:37:56,453 - PID:1540394 - INFO - GPU a: Insufficient memory. Available: 0.00GB, Required: 25.00GB
2025-11-30 20:37:56,551 - PID:1540394 - ERROR - Failed to get GPU l memory info
2025-11-30 20:37:56,551 - PID:1540394 - INFO - GPU l: Insufficient memory. Available: 0.00GB, Required: 25.00GB
2025-11-30 20:37:56,646 - PID:1540394 - ERROR - Failed to get GPU l memory info
2025-11-30 20:37:56,646 - PID:1540394 - INFO - GPU l: Insufficient memory. Available: 0.00GB, Required: 25.00GB
2025-11-30 20:37:56,646 - PID:1540394 - INFO - No available GPU found for task compete_884183 (requires 25.00GB)
2025-11-30 20:37:56,742 - PID:1540394 - ERROR - Failed to get GPU a memory info
2025-11-30 20:37:56,742 - PID:1540394 - INFO - GPU a: Insufficient memory. Available: 0.00GB, Required: 25.00GB
2025-11-30 20:37:56,835 - PID:1540394 - ERROR - Failed to get GPU l memory info
2025-11-30 20:37:56,835 - PID:1540394 - INFO - GPU l: Insufficient memory. Available: 0.00GB, Required: 25.00GB
2025-11-30 20:37:56,934 - PID:1540394 - ERROR - Failed to get GPU l memory info
2025-11-30 20:37:56,934 - PID:1540394 - INFO - GPU l: Insufficient memory. Available: 0.00GB, Required: 25.00GB
2025-11-30 20:37:56,934 - PID:1540394 - INFO - No available GPU found for task compete_890001 (requires 25.00GB)
2025-11-30 20:37:57,172 - PID:1540394 - INFO - === Task Status ===
2025-11-30 20:37:57,172 - PID:1540394 - INFO - Total Tasks: 9, Pending=9, Running=0, Completed=0, Failed=0
2025-11-30 20:37:57,173 - PID:1540394 - INFO - === Queue Status ===
2025-11-30 20:37:57,173 - PID:1540394 - INFO - Queue 1: 🟢 IDLE, Pending=5, Running=0, Completed=0, Failed=0
2025-11-30 20:37:57,173 - PID:1540394 - INFO - Queue 2: 🟢 IDLE, Pending=4, Running=0, Completed=0, Failed=0
2025-11-30 20:37:57,173 - PID:1540394 - INFO - === GPU Status ===
2025-11-30 20:37:57,268 - PID:1540394 - ERROR - Failed to get GPU a memory info
2025-11-30 20:37:57,369 - PID:1540394 - ERROR - Error getting Python processes on GPU a: Command '['nvidia-smi', '--query-compute-apps=pid,process_name', '--format=csv,noheader,nounits', '--id=a']' returned non-zero exit status 6.
2025-11-30 20:37:57,369 - PID:1540394 - INFO - GPU a: Available=0.00GB, User Python Processes=0, Running Tasks=0
2025-11-30 20:37:57,463 - PID:1540394 - ERROR - Failed to get GPU l memory info
2025-11-30 20:37:57,564 - PID:1540394 - ERROR - Error getting Python processes on GPU l: Command '['nvidia-smi', '--query-compute-apps=pid,process_name', '--format=csv,noheader,nounits', '--id=l']' returned non-zero exit status 6.
2025-11-30 20:37:57,564 - PID:1540394 - INFO - GPU l: Available=0.00GB, User Python Processes=0, Running Tasks=0
2025-11-30 20:37:57,658 - PID:1540394 - ERROR - Failed to get GPU l memory info
2025-11-30 20:37:57,750 - PID:1540394 - ERROR - Error getting Python processes on GPU l: Command '['nvidia-smi', '--query-compute-apps=pid,process_name', '--format=csv,noheader,nounits', '--id=l']' returned non-zero exit status 6.
2025-11-30 20:37:57,750 - PID:1540394 - INFO - GPU l: Available=0.00GB, User Python Processes=0, Running Tasks=0
2025-11-30 20:38:02,070 - PID:1540394 - ERROR - Failed to get GPU a memory info
2025-11-30 20:38:02,071 - PID:1540394 - INFO - GPU a: Insufficient memory. Available: 0.00GB, Required: 25.00GB
2025-11-30 20:38:02,192 - PID:1540394 - ERROR - Failed to get GPU l memory info
2025-11-30 20:38:02,193 - PID:1540394 - INFO - GPU l: Insufficient memory. Available: 0.00GB, Required: 25.00GB
2025-11-30 20:38:02,290 - PID:1540394 - ERROR - Failed to get GPU l memory info
2025-11-30 20:38:02,290 - PID:1540394 - INFO - GPU l: Insufficient memory. Available: 0.00GB, Required: 25.00GB
2025-11-30 20:38:02,290 - PID:1540394 - INFO - No available GPU found for task compete_319504 (requires 25.00GB)
2025-11-30 20:38:02,409 - PID:1540394 - ERROR - Failed to get GPU a memory info
2025-11-30 20:38:02,409 - PID:1540394 - INFO - GPU a: Insufficient memory. Available: 0.00GB, Required: 25.00GB
2025-11-30 20:38:02,508 - PID:1540394 - ERROR - Failed to get GPU l memory info
2025-11-30 20:38:02,508 - PID:1540394 - INFO - GPU l: Insufficient memory. Available: 0.00GB, Required: 25.00GB
2025-11-30 20:38:02,608 - PID:1540394 - ERROR - Failed to get GPU l memory info
2025-11-30 20:38:02,608 - PID:1540394 - INFO - GPU l: Insufficient memory. Available: 0.00GB, Required: 25.00GB
2025-11-30 20:38:02,608 - PID:1540394 - INFO - No available GPU found for task compete_430007 (requires 25.00GB)
2025-11-30 20:38:02,702 - PID:1540394 - ERROR - Failed to get GPU a memory info
2025-11-30 20:38:02,703 - PID:1540394 - INFO - GPU a: Insufficient memory. Available: 0.00GB, Required: 25.00GB
2025-11-30 20:38:02,799 - PID:1540394 - ERROR - Failed to get GPU l memory info
2025-11-30 20:38:02,799 - PID:1540394 - INFO - GPU l: Insufficient memory. Available: 0.00GB, Required: 25.00GB
2025-11-30 20:38:02,894 - PID:1540394 - ERROR - Failed to get GPU l memory info
2025-11-30 20:38:02,894 - PID:1540394 - INFO - GPU l: Insufficient memory. Available: 0.00GB, Required: 25.00GB
2025-11-30 20:38:02,894 - PID:1540394 - INFO - No available GPU found for task compete_393608 (requires 25.00GB)
2025-11-30 20:38:02,991 - PID:1540394 - ERROR - Failed to get GPU a memory info
2025-11-30 20:38:02,991 - PID:1540394 - INFO - GPU a: Insufficient memory. Available: 0.00GB, Required: 25.00GB
2025-11-30 20:38:03,102 - PID:1540394 - ERROR - Failed to get GPU l memory info
2025-11-30 20:38:03,102 - PID:1540394 - INFO - GPU l: Insufficient memory. Available: 0.00GB, Required: 25.00GB
2025-11-30 20:38:03,200 - PID:1540394 - ERROR - Failed to get GPU l memory info
2025-11-30 20:38:03,201 - PID:1540394 - INFO - GPU l: Insufficient memory. Available: 0.00GB, Required: 25.00GB
2025-11-30 20:38:03,201 - PID:1540394 - INFO - No available GPU found for task compete_167551 (requires 25.00GB)
2025-11-30 20:38:03,320 - PID:1540394 - ERROR - Failed to get GPU a memory info
2025-11-30 20:38:03,320 - PID:1540394 - INFO - GPU a: Insufficient memory. Available: 0.00GB, Required: 25.00GB
2025-11-30 20:38:03,424 - PID:1540394 - ERROR - Failed to get GPU l memory info
2025-11-30 20:38:03,424 - PID:1540394 - INFO - GPU l: Insufficient memory. Available: 0.00GB, Required: 25.00GB
2025-11-30 20:38:03,530 - PID:1540394 - ERROR - Failed to get GPU l memory info
2025-11-30 20:38:03,530 - PID:1540394 - INFO - GPU l: Insufficient memory. Available: 0.00GB, Required: 25.00GB
2025-11-30 20:38:03,530 - PID:1540394 - INFO - No available GPU found for task compete_357070 (requires 25.00GB)
2025-11-30 20:38:03,625 - PID:1540394 - ERROR - Failed to get GPU a memory info
2025-11-30 20:38:03,625 - PID:1540394 - INFO - GPU a: Insufficient memory. Available: 0.00GB, Required: 25.00GB
2025-11-30 20:38:03,720 - PID:1540394 - ERROR - Failed to get GPU l memory info
2025-11-30 20:38:03,720 - PID:1540394 - INFO - GPU l: Insufficient memory. Available: 0.00GB, Required: 25.00GB
2025-11-30 20:38:03,816 - PID:1540394 - ERROR - Failed to get GPU l memory info
2025-11-30 20:38:03,816 - PID:1540394 - INFO - GPU l: Insufficient memory. Available: 0.00GB, Required: 25.00GB
2025-11-30 20:38:03,816 - PID:1540394 - INFO - No available GPU found for task compete_693179 (requires 25.00GB)
2025-11-30 20:38:03,908 - PID:1540394 - ERROR - Failed to get GPU a memory info
2025-11-30 20:38:03,909 - PID:1540394 - INFO - GPU a: Insufficient memory. Available: 0.00GB, Required: 25.00GB
2025-11-30 20:38:04,001 - PID:1540394 - ERROR - Failed to get GPU l memory info
2025-11-30 20:38:04,002 - PID:1540394 - INFO - GPU l: Insufficient memory. Available: 0.00GB, Required: 25.00GB
2025-11-30 20:38:04,097 - PID:1540394 - ERROR - Failed to get GPU l memory info
2025-11-30 20:38:04,097 - PID:1540394 - INFO - GPU l: Insufficient memory. Available: 0.00GB, Required: 25.00GB
2025-11-30 20:38:04,097 - PID:1540394 - INFO - No available GPU found for task compete_549369 (requires 25.00GB)
2025-11-30 20:38:04,250 - PID:1540394 - ERROR - Failed to get GPU a memory info
2025-11-30 20:38:04,250 - PID:1540394 - INFO - GPU a: Insufficient memory. Available: 0.00GB, Required: 25.00GB
2025-11-30 20:38:04,345 - PID:1540394 - ERROR - Failed to get GPU l memory info
2025-11-30 20:38:04,345 - PID:1540394 - INFO - GPU l: Insufficient memory. Available: 0.00GB, Required: 25.00GB
2025-11-30 20:38:04,459 - PID:1540394 - ERROR - Failed to get GPU l memory info
2025-11-30 20:38:04,459 - PID:1540394 - INFO - GPU l: Insufficient memory. Available: 0.00GB, Required: 25.00GB
2025-11-30 20:38:04,459 - PID:1540394 - INFO - No available GPU found for task compete_884183 (requires 25.00GB)
2025-11-30 20:38:04,552 - PID:1540394 - ERROR - Failed to get GPU a memory info
2025-11-30 20:38:04,552 - PID:1540394 - INFO - GPU a: Insufficient memory. Available: 0.00GB, Required: 25.00GB
2025-11-30 20:38:04,645 - PID:1540394 - ERROR - Failed to get GPU l memory info
2025-11-30 20:38:04,645 - PID:1540394 - INFO - GPU l: Insufficient memory. Available: 0.00GB, Required: 25.00GB
2025-11-30 20:38:04,740 - PID:1540394 - ERROR - Failed to get GPU l memory info
2025-11-30 20:38:04,740 - PID:1540394 - INFO - GPU l: Insufficient memory. Available: 0.00GB, Required: 25.00GB
2025-11-30 20:38:04,740 - PID:1540394 - INFO - No available GPU found for task compete_890001 (requires 25.00GB)
2025-11-30 20:38:07,750 - PID:1540394 - INFO - === Task Status ===
2025-11-30 20:38:07,750 - PID:1540394 - INFO - Total Tasks: 9, Pending=9, Running=0, Completed=0, Failed=0
2025-11-30 20:38:07,751 - PID:1540394 - INFO - === Queue Status ===
2025-11-30 20:38:07,751 - PID:1540394 - INFO - Queue 1: 🟢 IDLE, Pending=5, Running=0, Completed=0, Failed=0
2025-11-30 20:38:07,751 - PID:1540394 - INFO - Queue 2: 🟢 IDLE, Pending=4, Running=0, Completed=0, Failed=0
2025-11-30 20:38:07,751 - PID:1540394 - INFO - === GPU Status ===
2025-11-30 20:38:07,854 - PID:1540394 - ERROR - Failed to get GPU a memory info
2025-11-30 20:38:07,949 - PID:1540394 - ERROR - Error getting Python processes on GPU a: Command '['nvidia-smi', '--query-compute-apps=pid,process_name', '--format=csv,noheader,nounits', '--id=a']' returned non-zero exit status 6.
2025-11-30 20:38:07,949 - PID:1540394 - INFO - GPU a: Available=0.00GB, User Python Processes=0, Running Tasks=0
2025-11-30 20:38:08,045 - PID:1540394 - ERROR - Failed to get GPU l memory info
2025-11-30 20:38:08,140 - PID:1540394 - ERROR - Error getting Python processes on GPU l: Command '['nvidia-smi', '--query-compute-apps=pid,process_name', '--format=csv,noheader,nounits', '--id=l']' returned non-zero exit status 6.
2025-11-30 20:38:08,140 - PID:1540394 - INFO - GPU l: Available=0.00GB, User Python Processes=0, Running Tasks=0
2025-11-30 20:38:08,283 - PID:1540394 - ERROR - Failed to get GPU l memory info
2025-11-30 20:38:08,386 - PID:1540394 - ERROR - Error getting Python processes on GPU l: Command '['nvidia-smi', '--query-compute-apps=pid,process_name', '--format=csv,noheader,nounits', '--id=l']' returned non-zero exit status 6.
2025-11-30 20:38:08,387 - PID:1540394 - INFO - GPU l: Available=0.00GB, User Python Processes=0, Running Tasks=0
2025-11-30 20:38:09,838 - PID:1540394 - ERROR - Failed to get GPU a memory info
2025-11-30 20:38:09,838 - PID:1540394 - INFO - GPU a: Insufficient memory. Available: 0.00GB, Required: 25.00GB
2025-11-30 20:38:09,933 - PID:1540394 - ERROR - Failed to get GPU l memory info
2025-11-30 20:38:09,933 - PID:1540394 - INFO - GPU l: Insufficient memory. Available: 0.00GB, Required: 25.00GB
2025-11-30 20:38:10,027 - PID:1540394 - ERROR - Failed to get GPU l memory info
2025-11-30 20:38:10,027 - PID:1540394 - INFO - GPU l: Insufficient memory. Available: 0.00GB, Required: 25.00GB
2025-11-30 20:38:10,028 - PID:1540394 - INFO - No available GPU found for task compete_319504 (requires 25.00GB)
2025-11-30 20:38:10,121 - PID:1540394 - ERROR - Failed to get GPU a memory info
2025-11-30 20:38:10,121 - PID:1540394 - INFO - GPU a: Insufficient memory. Available: 0.00GB, Required: 25.00GB
2025-11-30 20:38:10,215 - PID:1540394 - ERROR - Failed to get GPU l memory info
2025-11-30 20:38:10,215 - PID:1540394 - INFO - GPU l: Insufficient memory. Available: 0.00GB, Required: 25.00GB
2025-11-30 20:38:10,346 - PID:1540394 - ERROR - Failed to get GPU l memory info
2025-11-30 20:38:10,346 - PID:1540394 - INFO - GPU l: Insufficient memory. Available: 0.00GB, Required: 25.00GB
2025-11-30 20:38:10,346 - PID:1540394 - INFO - No available GPU found for task compete_430007 (requires 25.00GB)
2025-11-30 20:38:10,457 - PID:1540394 - ERROR - Failed to get GPU a memory info
2025-11-30 20:38:10,457 - PID:1540394 - INFO - GPU a: Insufficient memory. Available: 0.00GB, Required: 25.00GB
2025-11-30 20:38:10,566 - PID:1540394 - ERROR - Failed to get GPU l memory info
2025-11-30 20:38:10,566 - PID:1540394 - INFO - GPU l: Insufficient memory. Available: 0.00GB, Required: 25.00GB
2025-11-30 20:38:10,662 - PID:1540394 - ERROR - Failed to get GPU l memory info
2025-11-30 20:38:10,662 - PID:1540394 - INFO - GPU l: Insufficient memory. Available: 0.00GB, Required: 25.00GB
2025-11-30 20:38:10,663 - PID:1540394 - INFO - No available GPU found for task compete_393608 (requires 25.00GB)
2025-11-30 20:38:10,757 - PID:1540394 - ERROR - Failed to get GPU a memory info
2025-11-30 20:38:10,757 - PID:1540394 - INFO - GPU a: Insufficient memory. Available: 0.00GB, Required: 25.00GB
2025-11-30 20:38:10,851 - PID:1540394 - ERROR - Failed to get GPU l memory info
2025-11-30 20:38:10,851 - PID:1540394 - INFO - GPU l: Insufficient memory. Available: 0.00GB, Required: 25.00GB
2025-11-30 20:38:10,945 - PID:1540394 - ERROR - Failed to get GPU l memory info
2025-11-30 20:38:10,946 - PID:1540394 - INFO - GPU l: Insufficient memory. Available: 0.00GB, Required: 25.00GB
2025-11-30 20:38:10,946 - PID:1540394 - INFO - No available GPU found for task compete_167551 (requires 25.00GB)
2025-11-30 20:38:11,039 - PID:1540394 - ERROR - Failed to get GPU a memory info
2025-11-30 20:38:11,040 - PID:1540394 - INFO - GPU a: Insufficient memory. Available: 0.00GB, Required: 25.00GB
2025-11-30 20:38:11,133 - PID:1540394 - ERROR - Failed to get GPU l memory info
2025-11-30 20:38:11,134 - PID:1540394 - INFO - GPU l: Insufficient memory. Available: 0.00GB, Required: 25.00GB
2025-11-30 20:38:11,228 - PID:1540394 - ERROR - Failed to get GPU l memory info
2025-11-30 20:38:11,228 - PID:1540394 - INFO - GPU l: Insufficient memory. Available: 0.00GB, Required: 25.00GB
2025-11-30 20:38:11,228 - PID:1540394 - INFO - No available GPU found for task compete_357070 (requires 25.00GB)
2025-11-30 20:38:11,324 - PID:1540394 - ERROR - Failed to get GPU a memory info
2025-11-30 20:38:11,324 - PID:1540394 - INFO - GPU a: Insufficient memory. Available: 0.00GB, Required: 25.00GB
2025-11-30 20:38:11,441 - PID:1540394 - ERROR - Failed to get GPU l memory info
2025-11-30 20:38:11,441 - PID:1540394 - INFO - GPU l: Insufficient memory. Available: 0.00GB, Required: 25.00GB
2025-11-30 20:38:11,535 - PID:1540394 - ERROR - Failed to get GPU l memory info
2025-11-30 20:38:11,535 - PID:1540394 - INFO - GPU l: Insufficient memory. Available: 0.00GB, Required: 25.00GB
2025-11-30 20:38:11,535 - PID:1540394 - INFO - No available GPU found for task compete_693179 (requires 25.00GB)
2025-11-30 20:38:11,630 - PID:1540394 - ERROR - Failed to get GPU a memory info
2025-11-30 20:38:11,630 - PID:1540394 - INFO - GPU a: Insufficient memory. Available: 0.00GB, Required: 25.00GB
2025-11-30 20:38:11,724 - PID:1540394 - ERROR - Failed to get GPU l memory info
2025-11-30 20:38:11,725 - PID:1540394 - INFO - GPU l: Insufficient memory. Available: 0.00GB, Required: 25.00GB
2025-11-30 20:38:11,817 - PID:1540394 - ERROR - Failed to get GPU l memory info
2025-11-30 20:38:11,818 - PID:1540394 - INFO - GPU l: Insufficient memory. Available: 0.00GB, Required: 25.00GB
2025-11-30 20:38:11,818 - PID:1540394 - INFO - No available GPU found for task compete_549369 (requires 25.00GB)
2025-11-30 20:38:11,914 - PID:1540394 - ERROR - Failed to get GPU a memory info
2025-11-30 20:38:11,915 - PID:1540394 - INFO - GPU a: Insufficient memory. Available: 0.00GB, Required: 25.00GB
2025-11-30 20:38:12,009 - PID:1540394 - ERROR - Failed to get GPU l memory info
2025-11-30 20:38:12,009 - PID:1540394 - INFO - GPU l: Insufficient memory. Available: 0.00GB, Required: 25.00GB
2025-11-30 20:38:12,103 - PID:1540394 - ERROR - Failed to get GPU l memory info
2025-11-30 20:38:12,104 - PID:1540394 - INFO - GPU l: Insufficient memory. Available: 0.00GB, Required: 25.00GB
2025-11-30 20:38:12,104 - PID:1540394 - INFO - No available GPU found for task compete_884183 (requires 25.00GB)
2025-11-30 20:38:12,198 - PID:1540394 - ERROR - Failed to get GPU a memory info
2025-11-30 20:38:12,199 - PID:1540394 - INFO - GPU a: Insufficient memory. Available: 0.00GB, Required: 25.00GB
2025-11-30 20:38:12,302 - PID:1540394 - ERROR - Failed to get GPU l memory info
2025-11-30 20:38:12,302 - PID:1540394 - INFO - GPU l: Insufficient memory. Available: 0.00GB, Required: 25.00GB
2025-11-30 20:38:12,432 - PID:1540394 - ERROR - Failed to get GPU l memory info
2025-11-30 20:38:12,433 - PID:1540394 - INFO - GPU l: Insufficient memory. Available: 0.00GB, Required: 25.00GB
2025-11-30 20:38:12,433 - PID:1540394 - INFO - No available GPU found for task compete_890001 (requires 25.00GB)
2025-11-30 20:38:17,531 - PID:1540394 - ERROR - Failed to get GPU a memory info
2025-11-30 20:38:17,531 - PID:1540394 - INFO - GPU a: Insufficient memory. Available: 0.00GB, Required: 25.00GB
2025-11-30 20:38:17,627 - PID:1540394 - ERROR - Failed to get GPU l memory info
2025-11-30 20:38:17,627 - PID:1540394 - INFO - GPU l: Insufficient memory. Available: 0.00GB, Required: 25.00GB
2025-11-30 20:38:17,748 - PID:1540394 - ERROR - Failed to get GPU l memory info
2025-11-30 20:38:17,749 - PID:1540394 - INFO - GPU l: Insufficient memory. Available: 0.00GB, Required: 25.00GB
2025-11-30 20:38:17,749 - PID:1540394 - INFO - No available GPU found for task compete_319504 (requires 25.00GB)
2025-11-30 20:38:17,848 - PID:1540394 - ERROR - Failed to get GPU a memory info
2025-11-30 20:38:17,848 - PID:1540394 - INFO - GPU a: Insufficient memory. Available: 0.00GB, Required: 25.00GB
2025-11-30 20:38:17,943 - PID:1540394 - ERROR - Failed to get GPU l memory info
2025-11-30 20:38:17,943 - PID:1540394 - INFO - GPU l: Insufficient memory. Available: 0.00GB, Required: 25.00GB
2025-11-30 20:38:18,042 - PID:1540394 - ERROR - Failed to get GPU l memory info
2025-11-30 20:38:18,042 - PID:1540394 - INFO - GPU l: Insufficient memory. Available: 0.00GB, Required: 25.00GB
2025-11-30 20:38:18,042 - PID:1540394 - INFO - No available GPU found for task compete_430007 (requires 25.00GB)
2025-11-30 20:38:18,135 - PID:1540394 - ERROR - Failed to get GPU a memory info
2025-11-30 20:38:18,135 - PID:1540394 - INFO - GPU a: Insufficient memory. Available: 0.00GB, Required: 25.00GB
2025-11-30 20:38:18,230 - PID:1540394 - ERROR - Failed to get GPU l memory info
2025-11-30 20:38:18,231 - PID:1540394 - INFO - GPU l: Insufficient memory. Available: 0.00GB, Required: 25.00GB
2025-11-30 20:38:18,324 - PID:1540394 - ERROR - Failed to get GPU l memory info
2025-11-30 20:38:18,324 - PID:1540394 - INFO - GPU l: Insufficient memory. Available: 0.00GB, Required: 25.00GB
2025-11-30 20:38:18,324 - PID:1540394 - INFO - No available GPU found for task compete_393608 (requires 25.00GB)
2025-11-30 20:38:18,387 - PID:1540394 - INFO - === Task Status ===
2025-11-30 20:38:18,387 - PID:1540394 - INFO - Total Tasks: 9, Pending=9, Running=0, Completed=0, Failed=0
2025-11-30 20:38:18,387 - PID:1540394 - INFO - === Queue Status ===
2025-11-30 20:38:18,387 - PID:1540394 - INFO - Queue 1: 🟢 IDLE, Pending=5, Running=0, Completed=0, Failed=0
2025-11-30 20:38:18,388 - PID:1540394 - INFO - Queue 2: 🟢 IDLE, Pending=4, Running=0, Completed=0, Failed=0
2025-11-30 20:38:18,388 - PID:1540394 - INFO - === GPU Status ===
2025-11-30 20:38:18,420 - PID:1540394 - ERROR - Failed to get GPU a memory info
2025-11-30 20:38:18,421 - PID:1540394 - INFO - GPU a: Insufficient memory. Available: 0.00GB, Required: 25.00GB
2025-11-30 20:38:18,538 - PID:1540394 - ERROR - Failed to get GPU a memory info
2025-11-30 20:38:18,595 - PID:1540394 - ERROR - Failed to get GPU l memory info
2025-11-30 20:38:18,596 - PID:1540394 - INFO - GPU l: Insufficient memory. Available: 0.00GB, Required: 25.00GB
2025-11-30 20:38:18,669 - PID:1540394 - ERROR - Error getting Python processes on GPU a: Command '['nvidia-smi', '--query-compute-apps=pid,process_name', '--format=csv,noheader,nounits', '--id=a']' returned non-zero exit status 6.
2025-11-30 20:38:18,669 - PID:1540394 - INFO - GPU a: Available=0.00GB, User Python Processes=0, Running Tasks=0
2025-11-30 20:38:18,739 - PID:1540394 - ERROR - Failed to get GPU l memory info
2025-11-30 20:38:18,740 - PID:1540394 - INFO - GPU l: Insufficient memory. Available: 0.00GB, Required: 25.00GB
2025-11-30 20:38:18,740 - PID:1540394 - INFO - No available GPU found for task compete_167551 (requires 25.00GB)
2025-11-30 20:38:18,831 - PID:1540394 - ERROR - Failed to get GPU l memory info
2025-11-30 20:38:18,855 - PID:1540394 - ERROR - Failed to get GPU a memory info
2025-11-30 20:38:18,855 - PID:1540394 - INFO - GPU a: Insufficient memory. Available: 0.00GB, Required: 25.00GB
2025-11-30 20:38:18,939 - PID:1540394 - ERROR - Error getting Python processes on GPU l: Command '['nvidia-smi', '--query-compute-apps=pid,process_name', '--format=csv,noheader,nounits', '--id=l']' returned non-zero exit status 6.
2025-11-30 20:38:18,940 - PID:1540394 - INFO - GPU l: Available=0.00GB, User Python Processes=0, Running Tasks=0
2025-11-30 20:38:18,964 - PID:1540394 - ERROR - Failed to get GPU l memory info
2025-11-30 20:38:18,965 - PID:1540394 - INFO - GPU l: Insufficient memory. Available: 0.00GB, Required: 25.00GB
2025-11-30 20:38:19,050 - PID:1540394 - ERROR - Failed to get GPU l memory info
2025-11-30 20:38:19,075 - PID:1540394 - ERROR - Failed to get GPU l memory info
2025-11-30 20:38:19,075 - PID:1540394 - INFO - GPU l: Insufficient memory. Available: 0.00GB, Required: 25.00GB
2025-11-30 20:38:19,075 - PID:1540394 - INFO - No available GPU found for task compete_357070 (requires 25.00GB)
2025-11-30 20:38:19,158 - PID:1540394 - ERROR - Error getting Python processes on GPU l: Command '['nvidia-smi', '--query-compute-apps=pid,process_name', '--format=csv,noheader,nounits', '--id=l']' returned non-zero exit status 6.
2025-11-30 20:38:19,159 - PID:1540394 - INFO - GPU l: Available=0.00GB, User Python Processes=0, Running Tasks=0
2025-11-30 20:38:19,184 - PID:1540394 - ERROR - Failed to get GPU a memory info
2025-11-30 20:38:19,184 - PID:1540394 - INFO - GPU a: Insufficient memory. Available: 0.00GB, Required: 25.00GB
2025-11-30 20:38:19,280 - PID:1540394 - ERROR - Failed to get GPU l memory info
2025-11-30 20:38:19,280 - PID:1540394 - INFO - GPU l: Insufficient memory. Available: 0.00GB, Required: 25.00GB
2025-11-30 20:38:19,375 - PID:1540394 - ERROR - Failed to get GPU l memory info
2025-11-30 20:38:19,376 - PID:1540394 - INFO - GPU l: Insufficient memory. Available: 0.00GB, Required: 25.00GB
2025-11-30 20:38:19,376 - PID:1540394 - INFO - No available GPU found for task compete_693179 (requires 25.00GB)
2025-11-30 20:38:19,471 - PID:1540394 - ERROR - Failed to get GPU a memory info
2025-11-30 20:38:19,472 - PID:1540394 - INFO - GPU a: Insufficient memory. Available: 0.00GB, Required: 25.00GB
2025-11-30 20:38:19,570 - PID:1540394 - ERROR - Failed to get GPU l memory info
2025-11-30 20:38:19,571 - PID:1540394 - INFO - GPU l: Insufficient memory. Available: 0.00GB, Required: 25.00GB
2025-11-30 20:38:19,668 - PID:1540394 - ERROR - Failed to get GPU l memory info
2025-11-30 20:38:19,668 - PID:1540394 - INFO - GPU l: Insufficient memory. Available: 0.00GB, Required: 25.00GB
2025-11-30 20:38:19,668 - PID:1540394 - INFO - No available GPU found for task compete_549369 (requires 25.00GB)
2025-11-30 20:38:19,786 - PID:1540394 - ERROR - Failed to get GPU a memory info
2025-11-30 20:38:19,786 - PID:1540394 - INFO - GPU a: Insufficient memory. Available: 0.00GB, Required: 25.00GB
2025-11-30 20:38:19,884 - PID:1540394 - ERROR - Failed to get GPU l memory info
2025-11-30 20:38:19,884 - PID:1540394 - INFO - GPU l: Insufficient memory. Available: 0.00GB, Required: 25.00GB
2025-11-30 20:38:19,981 - PID:1540394 - ERROR - Failed to get GPU l memory info
2025-11-30 20:38:19,981 - PID:1540394 - INFO - GPU l: Insufficient memory. Available: 0.00GB, Required: 25.00GB
2025-11-30 20:38:19,982 - PID:1540394 - INFO - No available GPU found for task compete_884183 (requires 25.00GB)
2025-11-30 20:38:20,084 - PID:1540394 - ERROR - Failed to get GPU a memory info
2025-11-30 20:38:20,084 - PID:1540394 - INFO - GPU a: Insufficient memory. Available: 0.00GB, Required: 25.00GB
2025-11-30 20:38:20,181 - PID:1540394 - ERROR - Failed to get GPU l memory info
2025-11-30 20:38:20,181 - PID:1540394 - INFO - GPU l: Insufficient memory. Available: 0.00GB, Required: 25.00GB
2025-11-30 20:38:20,276 - PID:1540394 - ERROR - Failed to get GPU l memory info
2025-11-30 20:38:20,276 - PID:1540394 - INFO - GPU l: Insufficient memory. Available: 0.00GB, Required: 25.00GB
2025-11-30 20:38:20,276 - PID:1540394 - INFO - No available GPU found for task compete_890001 (requires 25.00GB)
2025-11-30 20:38:25,377 - PID:1540394 - ERROR - Failed to get GPU a memory info
2025-11-30 20:38:25,377 - PID:1540394 - INFO - GPU a: Insufficient memory. Available: 0.00GB, Required: 25.00GB
2025-11-30 20:38:25,475 - PID:1540394 - ERROR - Failed to get GPU l memory info
2025-11-30 20:38:25,475 - PID:1540394 - INFO - GPU l: Insufficient memory. Available: 0.00GB, Required: 25.00GB
2025-11-30 20:38:25,571 - PID:1540394 - ERROR - Failed to get GPU l memory info
2025-11-30 20:38:25,571 - PID:1540394 - INFO - GPU l: Insufficient memory. Available: 0.00GB, Required: 25.00GB
2025-11-30 20:38:25,571 - PID:1540394 - INFO - No available GPU found for task compete_319504 (requires 25.00GB)
2025-11-30 20:38:25,671 - PID:1540394 - ERROR - Failed to get GPU a memory info
2025-11-30 20:38:25,672 - PID:1540394 - INFO - GPU a: Insufficient memory. Available: 0.00GB, Required: 25.00GB
2025-11-30 20:38:25,766 - PID:1540394 - ERROR - Failed to get GPU l memory info
2025-11-30 20:38:25,767 - PID:1540394 - INFO - GPU l: Insufficient memory. Available: 0.00GB, Required: 25.00GB
2025-11-30 20:38:25,884 - PID:1540394 - ERROR - Failed to get GPU l memory info
2025-11-30 20:38:25,884 - PID:1540394 - INFO - GPU l: Insufficient memory. Available: 0.00GB, Required: 25.00GB
2025-11-30 20:38:25,884 - PID:1540394 - INFO - No available GPU found for task compete_430007 (requires 25.00GB)
2025-11-30 20:38:25,993 - PID:1540394 - ERROR - Failed to get GPU a memory info
2025-11-30 20:38:25,993 - PID:1540394 - INFO - GPU a: Insufficient memory. Available: 0.00GB, Required: 25.00GB
2025-11-30 20:38:26,090 - PID:1540394 - ERROR - Failed to get GPU l memory info
2025-11-30 20:38:26,090 - PID:1540394 - INFO - GPU l: Insufficient memory. Available: 0.00GB, Required: 25.00GB
2025-11-30 20:38:26,197 - PID:1540394 - ERROR - Failed to get GPU l memory info
2025-11-30 20:38:26,197 - PID:1540394 - INFO - GPU l: Insufficient memory. Available: 0.00GB, Required: 25.00GB
2025-11-30 20:38:26,197 - PID:1540394 - INFO - No available GPU found for task compete_393608 (requires 25.00GB)
2025-11-30 20:38:26,293 - PID:1540394 - ERROR - Failed to get GPU a memory info
2025-11-30 20:38:26,293 - PID:1540394 - INFO - GPU a: Insufficient memory. Available: 0.00GB, Required: 25.00GB
2025-11-30 20:38:26,390 - PID:1540394 - ERROR - Failed to get GPU l memory info
2025-11-30 20:38:26,390 - PID:1540394 - INFO - GPU l: Insufficient memory. Available: 0.00GB, Required: 25.00GB
2025-11-30 20:38:26,487 - PID:1540394 - ERROR - Failed to get GPU l memory info
2025-11-30 20:38:26,487 - PID:1540394 - INFO - GPU l: Insufficient memory. Available: 0.00GB, Required: 25.00GB
2025-11-30 20:38:26,487 - PID:1540394 - INFO - No available GPU found for task compete_167551 (requires 25.00GB)
2025-11-30 20:38:26,584 - PID:1540394 - ERROR - Failed to get GPU a memory info
2025-11-30 20:38:26,584 - PID:1540394 - INFO - GPU a: Insufficient memory. Available: 0.00GB, Required: 25.00GB
2025-11-30 20:38:26,692 - PID:1540394 - ERROR - Failed to get GPU l memory info
2025-11-30 20:38:26,692 - PID:1540394 - INFO - GPU l: Insufficient memory. Available: 0.00GB, Required: 25.00GB
2025-11-30 20:38:26,818 - PID:1540394 - ERROR - Failed to get GPU l memory info
2025-11-30 20:38:26,818 - PID:1540394 - INFO - GPU l: Insufficient memory. Available: 0.00GB, Required: 25.00GB
2025-11-30 20:38:26,818 - PID:1540394 - INFO - No available GPU found for task compete_357070 (requires 25.00GB)
2025-11-30 20:38:26,919 - PID:1540394 - ERROR - Failed to get GPU a memory info
2025-11-30 20:38:26,919 - PID:1540394 - INFO - GPU a: Insufficient memory. Available: 0.00GB, Required: 25.00GB
2025-11-30 20:38:27,029 - PID:1540394 - ERROR - Failed to get GPU l memory info
2025-11-30 20:38:27,030 - PID:1540394 - INFO - GPU l: Insufficient memory. Available: 0.00GB, Required: 25.00GB
2025-11-30 20:38:27,129 - PID:1540394 - ERROR - Failed to get GPU l memory info
2025-11-30 20:38:27,129 - PID:1540394 - INFO - GPU l: Insufficient memory. Available: 0.00GB, Required: 25.00GB
2025-11-30 20:38:27,129 - PID:1540394 - INFO - No available GPU found for task compete_693179 (requires 25.00GB)
2025-11-30 20:38:27,223 - PID:1540394 - ERROR - Failed to get GPU a memory info
2025-11-30 20:38:27,223 - PID:1540394 - INFO - GPU a: Insufficient memory. Available: 0.00GB, Required: 25.00GB
2025-11-30 20:38:27,319 - PID:1540394 - ERROR - Failed to get GPU l memory info
2025-11-30 20:38:27,319 - PID:1540394 - INFO - GPU l: Insufficient memory. Available: 0.00GB, Required: 25.00GB
2025-11-30 20:38:27,424 - PID:1540394 - ERROR - Failed to get GPU l memory info
2025-11-30 20:38:27,424 - PID:1540394 - INFO - GPU l: Insufficient memory. Available: 0.00GB, Required: 25.00GB
2025-11-30 20:38:27,424 - PID:1540394 - INFO - No available GPU found for task compete_549369 (requires 25.00GB)
2025-11-30 20:38:27,520 - PID:1540394 - ERROR - Failed to get GPU a memory info
2025-11-30 20:38:27,520 - PID:1540394 - INFO - GPU a: Insufficient memory. Available: 0.00GB, Required: 25.00GB
2025-11-30 20:38:27,614 - PID:1540394 - ERROR - Failed to get GPU l memory info
2025-11-30 20:38:27,615 - PID:1540394 - INFO - GPU l: Insufficient memory. Available: 0.00GB, Required: 25.00GB
2025-11-30 20:38:27,712 - PID:1540394 - ERROR - Failed to get GPU l memory info
2025-11-30 20:38:27,712 - PID:1540394 - INFO - GPU l: Insufficient memory. Available: 0.00GB, Required: 25.00GB
2025-11-30 20:38:27,712 - PID:1540394 - INFO - No available GPU found for task compete_884183 (requires 25.00GB)
2025-11-30 20:38:27,807 - PID:1540394 - ERROR - Failed to get GPU a memory info
2025-11-30 20:38:27,807 - PID:1540394 - INFO - GPU a: Insufficient memory. Available: 0.00GB, Required: 25.00GB
2025-11-30 20:38:27,924 - PID:1540394 - ERROR - Failed to get GPU l memory info
2025-11-30 20:38:27,924 - PID:1540394 - INFO - GPU l: Insufficient memory. Available: 0.00GB, Required: 25.00GB
2025-11-30 20:38:28,019 - PID:1540394 - ERROR - Failed to get GPU l memory info
2025-11-30 20:38:28,019 - PID:1540394 - INFO - GPU l: Insufficient memory. Available: 0.00GB, Required: 25.00GB
2025-11-30 20:38:28,019 - PID:1540394 - INFO - No available GPU found for task compete_890001 (requires 25.00GB)
2025-11-30 20:38:29,159 - PID:1540394 - INFO - === Task Status ===
2025-11-30 20:38:29,159 - PID:1540394 - INFO - Total Tasks: 9, Pending=9, Running=0, Completed=0, Failed=0
2025-11-30 20:38:29,159 - PID:1540394 - INFO - === Queue Status ===
2025-11-30 20:38:29,159 - PID:1540394 - INFO - Queue 1: 🟢 IDLE, Pending=5, Running=0, Completed=0, Failed=0
2025-11-30 20:38:29,160 - PID:1540394 - INFO - Queue 2: 🟢 IDLE, Pending=4, Running=0, Completed=0, Failed=0
2025-11-30 20:38:29,160 - PID:1540394 - INFO - === GPU Status ===
2025-11-30 20:38:29,258 - PID:1540394 - ERROR - Failed to get GPU a memory info
2025-11-30 20:38:29,354 - PID:1540394 - ERROR - Error getting Python processes on GPU a: Command '['nvidia-smi', '--query-compute-apps=pid,process_name', '--format=csv,noheader,nounits', '--id=a']' returned non-zero exit status 6.
2025-11-30 20:38:29,355 - PID:1540394 - INFO - GPU a: Available=0.00GB, User Python Processes=0, Running Tasks=0
2025-11-30 20:38:29,451 - PID:1540394 - ERROR - Failed to get GPU l memory info
2025-11-30 20:38:29,545 - PID:1540394 - ERROR - Error getting Python processes on GPU l: Command '['nvidia-smi', '--query-compute-apps=pid,process_name', '--format=csv,noheader,nounits', '--id=l']' returned non-zero exit status 6.
2025-11-30 20:38:29,545 - PID:1540394 - INFO - GPU l: Available=0.00GB, User Python Processes=0, Running Tasks=0
2025-11-30 20:38:29,644 - PID:1540394 - ERROR - Failed to get GPU l memory info
2025-11-30 20:38:29,740 - PID:1540394 - ERROR - Error getting Python processes on GPU l: Command '['nvidia-smi', '--query-compute-apps=pid,process_name', '--format=csv,noheader,nounits', '--id=l']' returned non-zero exit status 6.
2025-11-30 20:38:29,740 - PID:1540394 - INFO - GPU l: Available=0.00GB, User Python Processes=0, Running Tasks=0
2025-11-30 20:38:33,134 - PID:1540394 - ERROR - Failed to get GPU a memory info
2025-11-30 20:38:33,135 - PID:1540394 - INFO - GPU a: Insufficient memory. Available: 0.00GB, Required: 25.00GB
2025-11-30 20:38:33,229 - PID:1540394 - ERROR - Failed to get GPU l memory info
2025-11-30 20:38:33,229 - PID:1540394 - INFO - GPU l: Insufficient memory. Available: 0.00GB, Required: 25.00GB
2025-11-30 20:38:33,321 - PID:1540394 - ERROR - Failed to get GPU l memory info
2025-11-30 20:38:33,321 - PID:1540394 - INFO - GPU l: Insufficient memory. Available: 0.00GB, Required: 25.00GB
2025-11-30 20:38:33,321 - PID:1540394 - INFO - No available GPU found for task compete_319504 (requires 25.00GB)
2025-11-30 20:38:33,416 - PID:1540394 - ERROR - Failed to get GPU a memory info
2025-11-30 20:38:33,416 - PID:1540394 - INFO - GPU a: Insufficient memory. Available: 0.00GB, Required: 25.00GB
2025-11-30 20:38:33,510 - PID:1540394 - ERROR - Failed to get GPU l memory info
2025-11-30 20:38:33,510 - PID:1540394 - INFO - GPU l: Insufficient memory. Available: 0.00GB, Required: 25.00GB
2025-11-30 20:38:33,602 - PID:1540394 - ERROR - Failed to get GPU l memory info
2025-11-30 20:38:33,603 - PID:1540394 - INFO - GPU l: Insufficient memory. Available: 0.00GB, Required: 25.00GB
2025-11-30 20:38:33,603 - PID:1540394 - INFO - No available GPU found for task compete_430007 (requires 25.00GB)
2025-11-30 20:38:33,697 - PID:1540394 - ERROR - Failed to get GPU a memory info
2025-11-30 20:38:33,697 - PID:1540394 - INFO - GPU a: Insufficient memory. Available: 0.00GB, Required: 25.00GB
2025-11-30 20:38:33,791 - PID:1540394 - ERROR - Failed to get GPU l memory info
2025-11-30 20:38:33,792 - PID:1540394 - INFO - GPU l: Insufficient memory. Available: 0.00GB, Required: 25.00GB
2025-11-30 20:38:33,893 - PID:1540394 - ERROR - Failed to get GPU l memory info
2025-11-30 20:38:33,893 - PID:1540394 - INFO - GPU l: Insufficient memory. Available: 0.00GB, Required: 25.00GB
2025-11-30 20:38:33,893 - PID:1540394 - INFO - No available GPU found for task compete_393608 (requires 25.00GB)
2025-11-30 20:38:33,984 - PID:1540394 - ERROR - Failed to get GPU a memory info
2025-11-30 20:38:33,985 - PID:1540394 - INFO - GPU a: Insufficient memory. Available: 0.00GB, Required: 25.00GB
2025-11-30 20:38:34,110 - PID:1540394 - ERROR - Failed to get GPU l memory info
2025-11-30 20:38:34,110 - PID:1540394 - INFO - GPU l: Insufficient memory. Available: 0.00GB, Required: 25.00GB
2025-11-30 20:38:34,205 - PID:1540394 - ERROR - Failed to get GPU l memory info
2025-11-30 20:38:34,205 - PID:1540394 - INFO - GPU l: Insufficient memory. Available: 0.00GB, Required: 25.00GB
2025-11-30 20:38:34,205 - PID:1540394 - INFO - No available GPU found for task compete_167551 (requires 25.00GB)
2025-11-30 20:38:34,298 - PID:1540394 - ERROR - Failed to get GPU a memory info
2025-11-30 20:38:34,298 - PID:1540394 - INFO - GPU a: Insufficient memory. Available: 0.00GB, Required: 25.00GB
2025-11-30 20:38:34,392 - PID:1540394 - ERROR - Failed to get GPU l memory info
2025-11-30 20:38:34,392 - PID:1540394 - INFO - GPU l: Insufficient memory. Available: 0.00GB, Required: 25.00GB
2025-11-30 20:38:34,485 - PID:1540394 - ERROR - Failed to get GPU l memory info
2025-11-30 20:38:34,485 - PID:1540394 - INFO - GPU l: Insufficient memory. Available: 0.00GB, Required: 25.00GB
2025-11-30 20:38:34,485 - PID:1540394 - INFO - No available GPU found for task compete_357070 (requires 25.00GB)
2025-11-30 20:38:34,579 - PID:1540394 - ERROR - Failed to get GPU a memory info
2025-11-30 20:38:34,580 - PID:1540394 - INFO - GPU a: Insufficient memory. Available: 0.00GB, Required: 25.00GB
2025-11-30 20:38:34,671 - PID:1540394 - ERROR - Failed to get GPU l memory info
2025-11-30 20:38:34,671 - PID:1540394 - INFO - GPU l: Insufficient memory. Available: 0.00GB, Required: 25.00GB
2025-11-30 20:38:34,767 - PID:1540394 - ERROR - Failed to get GPU l memory info
2025-11-30 20:38:34,767 - PID:1540394 - INFO - GPU l: Insufficient memory. Available: 0.00GB, Required: 25.00GB
2025-11-30 20:38:34,767 - PID:1540394 - INFO - No available GPU found for task compete_693179 (requires 25.00GB)
2025-11-30 20:38:34,864 - PID:1540394 - ERROR - Failed to get GPU a memory info
2025-11-30 20:38:34,864 - PID:1540394 - INFO - GPU a: Insufficient memory. Available: 0.00GB, Required: 25.00GB
2025-11-30 20:38:35,003 - PID:1540394 - ERROR - Failed to get GPU l memory info
2025-11-30 20:38:35,003 - PID:1540394 - INFO - GPU l: Insufficient memory. Available: 0.00GB, Required: 25.00GB
2025-11-30 20:38:35,100 - PID:1540394 - ERROR - Failed to get GPU l memory info
2025-11-30 20:38:35,100 - PID:1540394 - INFO - GPU l: Insufficient memory. Available: 0.00GB, Required: 25.00GB
2025-11-30 20:38:35,100 - PID:1540394 - INFO - No available GPU found for task compete_549369 (requires 25.00GB)
2025-11-30 20:38:35,206 - PID:1540394 - ERROR - Failed to get GPU a memory info
2025-11-30 20:38:35,207 - PID:1540394 - INFO - GPU a: Insufficient memory. Available: 0.00GB, Required: 25.00GB
2025-11-30 20:38:35,308 - PID:1540394 - ERROR - Failed to get GPU l memory info
2025-11-30 20:38:35,309 - PID:1540394 - INFO - GPU l: Insufficient memory. Available: 0.00GB, Required: 25.00GB
2025-11-30 20:38:35,401 - PID:1540394 - ERROR - Failed to get GPU l memory info
2025-11-30 20:38:35,402 - PID:1540394 - INFO - GPU l: Insufficient memory. Available: 0.00GB, Required: 25.00GB
2025-11-30 20:38:35,402 - PID:1540394 - INFO - No available GPU found for task compete_884183 (requires 25.00GB)
2025-11-30 20:38:35,496 - PID:1540394 - ERROR - Failed to get GPU a memory info
2025-11-30 20:38:35,496 - PID:1540394 - INFO - GPU a: Insufficient memory. Available: 0.00GB, Required: 25.00GB
2025-11-30 20:38:35,589 - PID:1540394 - ERROR - Failed to get GPU l memory info
2025-11-30 20:38:35,589 - PID:1540394 - INFO - GPU l: Insufficient memory. Available: 0.00GB, Required: 25.00GB
2025-11-30 20:38:35,684 - PID:1540394 - ERROR - Failed to get GPU l memory info
2025-11-30 20:38:35,684 - PID:1540394 - INFO - GPU l: Insufficient memory. Available: 0.00GB, Required: 25.00GB
2025-11-30 20:38:35,684 - PID:1540394 - INFO - No available GPU found for task compete_890001 (requires 25.00GB)
2025-11-30 20:38:39,741 - PID:1540394 - INFO - === Task Status ===
2025-11-30 20:38:39,741 - PID:1540394 - INFO - Total Tasks: 9, Pending=9, Running=0, Completed=0, Failed=0
2025-11-30 20:38:39,741 - PID:1540394 - INFO - === Queue Status ===
2025-11-30 20:38:39,741 - PID:1540394 - INFO - Queue 1: 🟢 IDLE, Pending=5, Running=0, Completed=0, Failed=0
2025-11-30 20:38:39,741 - PID:1540394 - INFO - Queue 2: 🟢 IDLE, Pending=4, Running=0, Completed=0, Failed=0
2025-11-30 20:38:39,741 - PID:1540394 - INFO - === GPU Status ===
2025-11-30 20:38:39,840 - PID:1540394 - ERROR - Failed to get GPU a memory info
2025-11-30 20:38:39,939 - PID:1540394 - ERROR - Error getting Python processes on GPU a: Command '['nvidia-smi', '--query-compute-apps=pid,process_name', '--format=csv,noheader,nounits', '--id=a']' returned non-zero exit status 6.
2025-11-30 20:38:39,939 - PID:1540394 - INFO - GPU a: Available=0.00GB, User Python Processes=0, Running Tasks=0
2025-11-30 20:38:40,033 - PID:1540394 - ERROR - Failed to get GPU l memory info
2025-11-30 20:38:40,124 - PID:1540394 - ERROR - Error getting Python processes on GPU l: Command '['nvidia-smi', '--query-compute-apps=pid,process_name', '--format=csv,noheader,nounits', '--id=l']' returned non-zero exit status 6.
2025-11-30 20:38:40,124 - PID:1540394 - INFO - GPU l: Available=0.00GB, User Python Processes=0, Running Tasks=0
2025-11-30 20:38:40,239 - PID:1540394 - ERROR - Failed to get GPU l memory info
2025-11-30 20:38:40,337 - PID:1540394 - ERROR - Error getting Python processes on GPU l: Command '['nvidia-smi', '--query-compute-apps=pid,process_name', '--format=csv,noheader,nounits', '--id=l']' returned non-zero exit status 6.
2025-11-30 20:38:40,337 - PID:1540394 - INFO - GPU l: Available=0.00GB, User Python Processes=0, Running Tasks=0
2025-11-30 20:38:40,781 - PID:1540394 - ERROR - Failed to get GPU a memory info
2025-11-30 20:38:40,781 - PID:1540394 - INFO - GPU a: Insufficient memory. Available: 0.00GB, Required: 25.00GB
2025-11-30 20:38:40,876 - PID:1540394 - ERROR - Failed to get GPU l memory info
2025-11-30 20:38:40,876 - PID:1540394 - INFO - GPU l: Insufficient memory. Available: 0.00GB, Required: 25.00GB
2025-11-30 20:38:40,971 - PID:1540394 - ERROR - Failed to get GPU l memory info
2025-11-30 20:38:40,971 - PID:1540394 - INFO - GPU l: Insufficient memory. Available: 0.00GB, Required: 25.00GB
2025-11-30 20:38:40,971 - PID:1540394 - INFO - No available GPU found for task compete_319504 (requires 25.00GB)
2025-11-30 20:38:41,107 - PID:1540394 - ERROR - Failed to get GPU a memory info
2025-11-30 20:38:41,108 - PID:1540394 - INFO - GPU a: Insufficient memory. Available: 0.00GB, Required: 25.00GB
2025-11-30 20:38:41,212 - PID:1540394 - ERROR - Failed to get GPU l memory info
2025-11-30 20:38:41,212 - PID:1540394 - INFO - GPU l: Insufficient memory. Available: 0.00GB, Required: 25.00GB
2025-11-30 20:38:41,327 - PID:1540394 - ERROR - Failed to get GPU l memory info
2025-11-30 20:38:41,327 - PID:1540394 - INFO - GPU l: Insufficient memory. Available: 0.00GB, Required: 25.00GB
2025-11-30 20:38:41,327 - PID:1540394 - INFO - No available GPU found for task compete_430007 (requires 25.00GB)
2025-11-30 20:38:41,420 - PID:1540394 - ERROR - Failed to get GPU a memory info
2025-11-30 20:38:41,420 - PID:1540394 - INFO - GPU a: Insufficient memory. Available: 0.00GB, Required: 25.00GB
2025-11-30 20:38:41,515 - PID:1540394 - ERROR - Failed to get GPU l memory info
2025-11-30 20:38:41,516 - PID:1540394 - INFO - GPU l: Insufficient memory. Available: 0.00GB, Required: 25.00GB
2025-11-30 20:38:41,610 - PID:1540394 - ERROR - Failed to get GPU l memory info
2025-11-30 20:38:41,611 - PID:1540394 - INFO - GPU l: Insufficient memory. Available: 0.00GB, Required: 25.00GB
2025-11-30 20:38:41,611 - PID:1540394 - INFO - No available GPU found for task compete_393608 (requires 25.00GB)
2025-11-30 20:38:41,704 - PID:1540394 - ERROR - Failed to get GPU a memory info
2025-11-30 20:38:41,704 - PID:1540394 - INFO - GPU a: Insufficient memory. Available: 0.00GB, Required: 25.00GB
2025-11-30 20:38:41,800 - PID:1540394 - ERROR - Failed to get GPU l memory info
2025-11-30 20:38:41,800 - PID:1540394 - INFO - GPU l: Insufficient memory. Available: 0.00GB, Required: 25.00GB
2025-11-30 20:38:41,900 - PID:1540394 - ERROR - Failed to get GPU l memory info
2025-11-30 20:38:41,900 - PID:1540394 - INFO - GPU l: Insufficient memory. Available: 0.00GB, Required: 25.00GB
2025-11-30 20:38:41,900 - PID:1540394 - INFO - No available GPU found for task compete_167551 (requires 25.00GB)
2025-11-30 20:38:41,996 - PID:1540394 - ERROR - Failed to get GPU a memory info
2025-11-30 20:38:41,996 - PID:1540394 - INFO - GPU a: Insufficient memory. Available: 0.00GB, Required: 25.00GB
2025-11-30 20:38:42,091 - PID:1540394 - ERROR - Failed to get GPU l memory info
2025-11-30 20:38:42,091 - PID:1540394 - INFO - GPU l: Insufficient memory. Available: 0.00GB, Required: 25.00GB
2025-11-30 20:38:42,301 - PID:1540394 - ERROR - Failed to get GPU l memory info
2025-11-30 20:38:42,301 - PID:1540394 - INFO - GPU l: Insufficient memory. Available: 0.00GB, Required: 25.00GB
2025-11-30 20:38:42,301 - PID:1540394 - INFO - No available GPU found for task compete_357070 (requires 25.00GB)
2025-11-30 20:38:42,413 - PID:1540394 - ERROR - Failed to get GPU a memory info
2025-11-30 20:38:42,413 - PID:1540394 - INFO - GPU a: Insufficient memory. Available: 0.00GB, Required: 25.00GB
2025-11-30 20:38:42,506 - PID:1540394 - ERROR - Failed to get GPU l memory info
2025-11-30 20:38:42,506 - PID:1540394 - INFO - GPU l: Insufficient memory. Available: 0.00GB, Required: 25.00GB
2025-11-30 20:38:42,604 - PID:1540394 - ERROR - Failed to get GPU l memory info
2025-11-30 20:38:42,604 - PID:1540394 - INFO - GPU l: Insufficient memory. Available: 0.00GB, Required: 25.00GB
2025-11-30 20:38:42,604 - PID:1540394 - INFO - No available GPU found for task compete_693179 (requires 25.00GB)
2025-11-30 20:38:42,695 - PID:1540394 - ERROR - Failed to get GPU a memory info
2025-11-30 20:38:42,695 - PID:1540394 - INFO - GPU a: Insufficient memory. Available: 0.00GB, Required: 25.00GB
2025-11-30 20:38:42,790 - PID:1540394 - ERROR - Failed to get GPU l memory info
2025-11-30 20:38:42,791 - PID:1540394 - INFO - GPU l: Insufficient memory. Available: 0.00GB, Required: 25.00GB
2025-11-30 20:38:42,886 - PID:1540394 - ERROR - Failed to get GPU l memory info
2025-11-30 20:38:42,886 - PID:1540394 - INFO - GPU l: Insufficient memory. Available: 0.00GB, Required: 25.00GB
2025-11-30 20:38:42,886 - PID:1540394 - INFO - No available GPU found for task compete_549369 (requires 25.00GB)
2025-11-30 20:38:42,980 - PID:1540394 - ERROR - Failed to get GPU a memory info
2025-11-30 20:38:42,980 - PID:1540394 - INFO - GPU a: Insufficient memory. Available: 0.00GB, Required: 25.00GB
2025-11-30 20:38:43,074 - PID:1540394 - ERROR - Failed to get GPU l memory info
2025-11-30 20:38:43,074 - PID:1540394 - INFO - GPU l: Insufficient memory. Available: 0.00GB, Required: 25.00GB
2025-11-30 20:38:43,216 - PID:1540394 - ERROR - Failed to get GPU l memory info
2025-11-30 20:38:43,217 - PID:1540394 - INFO - GPU l: Insufficient memory. Available: 0.00GB, Required: 25.00GB
2025-11-30 20:38:43,217 - PID:1540394 - INFO - No available GPU found for task compete_884183 (requires 25.00GB)
2025-11-30 20:38:43,330 - PID:1540394 - ERROR - Failed to get GPU a memory info
2025-11-30 20:38:43,330 - PID:1540394 - INFO - GPU a: Insufficient memory. Available: 0.00GB, Required: 25.00GB
2025-11-30 20:38:43,424 - PID:1540394 - ERROR - Failed to get GPU l memory info
2025-11-30 20:38:43,424 - PID:1540394 - INFO - GPU l: Insufficient memory. Available: 0.00GB, Required: 25.00GB
2025-11-30 20:38:43,517 - PID:1540394 - ERROR - Failed to get GPU l memory info
2025-11-30 20:38:43,518 - PID:1540394 - INFO - GPU l: Insufficient memory. Available: 0.00GB, Required: 25.00GB
2025-11-30 20:38:43,518 - PID:1540394 - INFO - No available GPU found for task compete_890001 (requires 25.00GB)
2025-11-30 20:38:48,618 - PID:1540394 - ERROR - Failed to get GPU a memory info
2025-11-30 20:38:48,618 - PID:1540394 - INFO - GPU a: Insufficient memory. Available: 0.00GB, Required: 25.00GB
2025-11-30 20:38:48,714 - PID:1540394 - ERROR - Failed to get GPU l memory info
2025-11-30 20:38:48,714 - PID:1540394 - INFO - GPU l: Insufficient memory. Available: 0.00GB, Required: 25.00GB
2025-11-30 20:38:50,337 - PID:1540394 - INFO - === Task Status ===
