2025-11-30 22:42:36,485 - INFO - 📝 Log file: /home/hdl/project/fgvr_test_new/logs/compete_gpu/compete_gpu(13).log
2025-11-30 22:42:36,611 - INFO - 🖥️ Available GPUs: [0, 1, 2, 3, 4, 5, 6, 7, 8, 9]
2025-11-30 22:42:36,612 - INFO - 📋 Total tasks: 14, Queues: [1, 2, 3, 4, 5, 6]
2025-11-30 22:42:36,612 - INFO -    Queue 1: 5 tasks
2025-11-30 22:42:36,612 - INFO -    Queue 2: 2 tasks
2025-11-30 22:42:36,612 - INFO -    Queue 3: 2 tasks
2025-11-30 22:42:36,612 - INFO -    Queue 4: 1 tasks
2025-11-30 22:42:36,612 - INFO -    Queue 5: 3 tasks
2025-11-30 22:42:36,613 - INFO -    Queue 6: 1 tasks
2025-11-30 22:42:36,613 - INFO - 🏁 Starting GPU competition scheduler
2025-11-30 22:42:36,613 - INFO - ============================================================
2025-11-30 22:42:36,613 - INFO - 📊 Tasks: Pending=14, Running=0, Completed=0, Failed=0
2025-11-30 22:42:36,613 - INFO -    Queue 1: 🟢 IDLE, Pending=5, Completed=0
2025-11-30 22:42:36,613 - INFO -    Queue 2: 🟢 IDLE, Pending=2, Completed=0
2025-11-30 22:42:36,613 - INFO -    Queue 3: 🟢 IDLE, Pending=2, Completed=0
2025-11-30 22:42:36,613 - INFO -    Queue 4: 🟢 IDLE, Pending=1, Completed=0
2025-11-30 22:42:36,613 - INFO -    Queue 5: 🟢 IDLE, Pending=3, Completed=0
2025-11-30 22:42:36,613 - INFO -    Queue 6: 🟢 IDLE, Pending=1, Completed=0
2025-11-30 22:42:36,614 - INFO - ============================================================
2025-11-30 22:42:37,297 - INFO - ✅ GPU 4 available: 23.8GB free
2025-11-30 22:42:37,297 - INFO - 🚀 Starting task compete_789806 (Queue 5) on GPU 4
2025-11-30 22:42:37,297 - INFO -    [1/3] [GPU 4] rm -rf /home/hdl/project/fgvr_test_new/experiments/dog120/knowledge_base...
2025-11-30 22:42:37,301 - INFO -    [2/3] [GPU 4] bash /home/hdl/project/fgvr_test_new/scripts/set_hyperparameters.sh --experience...
2025-11-30 22:42:37,355 - INFO -    > === 超参数设置脚本 ===
2025-11-30 22:42:37,355 - INFO -    > 项目根目录: /home/hdl/project/fgvr_test_new
2025-11-30 22:42:37,355 - INFO -    > 超参数文件: /home/hdl/project/fgvr_test_new/configs/hyperparameters.yaml
2025-11-30 22:42:37,355 - INFO -    > 
2025-11-30 22:42:37,355 - INFO -    > 
2025-11-30 22:42:37,355 - INFO -    [3/3] [GPU 4] bash /home/hdl/project/fgvr_test_new/scripts/run_pipeline.sh dog --uni_id compet...
2025-11-30 22:42:37,427 - INFO -    > [0;32m[SUCCESS][0m Pipeline 已启动 (完全后台), PID=1681695
2025-11-30 22:42:37,427 - INFO -    > [0;34m[INFO][0m 日志文件: /home/hdl/project/fgvr_test_new/logs/pipeline/dog120/pipeline_dog(21).log
2025-11-30 22:42:37,427 - INFO -    > 实时查看日志: tail -f '/home/hdl/project/fgvr_test_new/logs/pipeline/dog120/pipeline_dog(21).log'
2025-11-30 22:42:37,427 - INFO - ✅ Task compete_789806 commands completed, waiting for background process...
2025-11-30 22:42:39,428 - INFO - ✅ Process confirmed: compete_789806 PID=1681735
2025-11-30 22:42:39,428 - INFO - ⏳ Waiting 30s before next task...
2025-11-30 22:43:09,847 - INFO - ✅ GPU 4 available: 23.8GB free
2025-11-30 22:43:09,847 - INFO - 🚀 Starting task compete_113531 (Queue 3) on GPU 4
2025-11-30 22:43:09,847 - INFO -    [1/3] [GPU 4] rm -rf /home/hdl/project/fgvr_test_new/experiments/bird200/knowledge_base...
2025-11-30 22:43:09,851 - INFO -    [2/3] [GPU 4] bash /home/hdl/project/fgvr_test_new/scripts/set_hyperparameters.sh --experience...
2025-11-30 22:43:09,914 - INFO -    > === 超参数设置脚本 ===
2025-11-30 22:43:09,914 - INFO -    > 项目根目录: /home/hdl/project/fgvr_test_new
2025-11-30 22:43:09,914 - INFO -    > 超参数文件: /home/hdl/project/fgvr_test_new/configs/hyperparameters.yaml
2025-11-30 22:43:09,914 - INFO -    > 
2025-11-30 22:43:09,914 - INFO -    > 
2025-11-30 22:43:09,914 - INFO -    [3/3] [GPU 4] bash /home/hdl/project/fgvr_test_new/scripts/run_pipeline.sh bird --uni_id compe...
2025-11-30 22:43:09,981 - INFO -    > [0;32m[SUCCESS][0m Pipeline 已启动 (完全后台), PID=1682680
2025-11-30 22:43:09,981 - INFO -    > [0;34m[INFO][0m 日志文件: /home/hdl/project/fgvr_test_new/logs/pipeline/bird200/pipeline_bird(9).log
2025-11-30 22:43:09,981 - INFO -    > 实时查看日志: tail -f '/home/hdl/project/fgvr_test_new/logs/pipeline/bird200/pipeline_bird(9).log'
2025-11-30 22:43:09,981 - INFO - ✅ Task compete_113531 commands completed, waiting for background process...
2025-11-30 22:43:11,982 - INFO - ✅ Process confirmed: compete_113531 PID=1682720
2025-11-30 22:43:11,982 - INFO - ⏳ Waiting 30s before next task...
2025-11-30 22:43:42,390 - INFO - ✅ GPU 4 available: 23.8GB free
2025-11-30 22:43:42,390 - INFO - 🚀 Starting task compete_254046 (Queue 2) on GPU 4
2025-11-30 22:43:42,390 - INFO -    [1/3] [GPU 4] rm -rf /home/hdl/project/fgvr_test_new/experiments/flower102/knowledge_base...
2025-11-30 22:43:42,393 - INFO -    [2/3] [GPU 4] bash /home/hdl/project/fgvr_test_new/scripts/set_hyperparameters.sh --experience...
2025-11-30 22:43:42,450 - INFO -    > === 超参数设置脚本 ===
2025-11-30 22:43:42,450 - INFO -    > 项目根目录: /home/hdl/project/fgvr_test_new
2025-11-30 22:43:42,450 - INFO -    > 超参数文件: /home/hdl/project/fgvr_test_new/configs/hyperparameters.yaml
2025-11-30 22:43:42,450 - INFO -    > 
2025-11-30 22:43:42,450 - INFO -    > 
2025-11-30 22:43:42,450 - INFO -    [3/3] [GPU 4] bash /home/hdl/project/fgvr_test_new/scripts/run_pipeline.sh flower --uni_id com...
2025-11-30 22:43:42,514 - INFO -    > [0;32m[SUCCESS][0m Pipeline 已启动 (完全后台), PID=1683582
2025-11-30 22:43:42,514 - INFO -    > [0;34m[INFO][0m 日志文件: /home/hdl/project/fgvr_test_new/logs/pipeline/flower102/pipeline_flower(12).
2025-11-30 22:43:42,514 - INFO -    > 实时查看日志: tail -f '/home/hdl/project/fgvr_test_new/logs/pipeline/flower102/pipeline_flower(12).log'
2025-11-30 22:43:42,515 - INFO - ✅ Task compete_254046 commands completed, waiting for background process...
2025-11-30 22:43:44,515 - INFO - ✅ Process confirmed: compete_254046 PID=1683618
2025-11-30 22:43:44,515 - INFO - ⏳ Waiting 30s before next task...
2025-11-30 22:44:14,936 - INFO - ✅ GPU 4 available: 23.8GB free
2025-11-30 22:44:14,936 - INFO - 🚀 Starting task compete_304631 (Queue 6) on GPU 4
2025-11-30 22:44:14,936 - INFO -    [1/2] [GPU 4] bash /home/hdl/project/fgvr_test_new/scripts/set_hyperparameters.sh --experience...
2025-11-30 22:44:15,041 - INFO -    > === 超参数设置脚本 ===
2025-11-30 22:44:15,041 - INFO -    > 项目根目录: /home/hdl/project/fgvr_test_new
2025-11-30 22:44:15,041 - INFO -    > 超参数文件: /home/hdl/project/fgvr_test_new/configs/hyperparameters.yaml
2025-11-30 22:44:15,041 - INFO -    > 
2025-11-30 22:44:15,041 - INFO -    > 
2025-11-30 22:44:15,041 - INFO -    [2/2] [GPU 4] bash /home/hdl/project/fgvr_test_new/scripts/run_pipeline.sh sun397 --uni_id com...
2025-11-30 22:44:15,114 - INFO -    > [0;32m[SUCCESS][0m Pipeline 已启动 (完全后台), PID=1684488
2025-11-30 22:44:15,115 - INFO -    > [0;34m[INFO][0m 日志文件: /home/hdl/project/fgvr_test_new/logs/pipeline/sun397/pipeline_sun397.log
2025-11-30 22:44:15,115 - INFO -    > 实时查看日志: tail -f '/home/hdl/project/fgvr_test_new/logs/pipeline/sun397/pipeline_sun397.log'
2025-11-30 22:44:15,115 - INFO - ✅ Task compete_304631 commands completed, waiting for background process...
2025-11-30 22:44:17,115 - INFO - ✅ Process confirmed: compete_304631 PID=1684534
2025-11-30 22:44:17,116 - INFO - ⏳ Waiting 30s before next task...
2025-11-30 22:44:47,544 - INFO - ✅ GPU 4 available: 23.8GB free
2025-11-30 22:44:47,545 - INFO - 🚀 Starting task compete_375380 (Queue 4) on GPU 4
2025-11-30 22:44:47,545 - INFO -    [1/2] [GPU 4] bash /home/hdl/project/fgvr_test_new/scripts/set_hyperparameters.sh --experience...
2025-11-30 22:44:47,612 - INFO -    > === 超参数设置脚本 ===
2025-11-30 22:44:47,612 - INFO -    > 项目根目录: /home/hdl/project/fgvr_test_new
2025-11-30 22:44:47,612 - INFO -    > 超参数文件: /home/hdl/project/fgvr_test_new/configs/hyperparameters.yaml
2025-11-30 22:44:47,612 - INFO -    > 
2025-11-30 22:44:47,612 - INFO -    > 
2025-11-30 22:44:47,612 - INFO -    [2/2] [GPU 4] bash /home/hdl/project/fgvr_test_new/scripts/run_pipeline.sh imagenet_v2 --uni_i...
2025-11-30 22:44:47,674 - INFO -    > [0;32m[SUCCESS][0m Pipeline 已启动 (完全后台), PID=1685356
2025-11-30 22:44:47,674 - INFO -    > [0;34m[INFO][0m 日志文件: /home/hdl/project/fgvr_test_new/logs/pipeline/imagenet_v2_1000/pipeline_imag
2025-11-30 22:44:47,674 - INFO -    > 实时查看日志: tail -f '/home/hdl/project/fgvr_test_new/logs/pipeline/imagenet_v2_1000/pipeline_imagenet_v2
2025-11-30 22:44:47,674 - INFO - ✅ Task compete_375380 commands completed, waiting for background process...
2025-11-30 22:44:49,675 - INFO - ✅ Process confirmed: compete_375380 PID=1685389
2025-11-30 22:44:49,675 - INFO - ⏳ Waiting 30s before next task...
