2025-11-30 21:05:25,693 - PID:1574668 - INFO - 🚀 GPU Competition Script Started - PID: 1574668
2025-11-30 21:05:25,693 - PID:1574668 - INFO - 📁 Log directory: /home/hdl/project/fgvr_test_new/logs/compete_gpu
2025-11-30 21:05:25,693 - PID:1574668 - INFO - 📄 Log file: /home/hdl/project/fgvr_test_new/logs/compete_gpu/compete_gpu(4).log
2025-11-30 21:05:25,693 - PID:1574668 - INFO - ⚙️  Maximize Resource Utilization: False
2025-11-30 21:05:25,693 - PID:1574668 - INFO - ⏱️  Check interval: 5 seconds
2025-11-30 21:05:25,693 - PID:1574668 - INFO - ⏰ Task wait interval: 60 seconds
2025-11-30 21:05:25,814 - PID:1574668 - INFO - Using all detected GPUs: [0, 1, 2, 3, 4, 5, 6, 7, 8, 9]
2025-11-30 21:05:25,815 - PID:1574668 - INFO - 📋 Task queues setup:
2025-11-30 21:05:25,815 - PID:1574668 - INFO -   Queue 1: 5 tasks
2025-11-30 21:05:25,815 - PID:1574668 - INFO -     Task 1: rm -rf {work_dir}/experiments/car196/knowledge_base -> bash {work_dir}/scripts/set_hyperparameters.sh --experience_number 8 -> CUDA_VISIBLE_DEVICES={available_gpu} bash {work_dir}/scripts/run_pipeline.sh car --uni_id {uni_id}
2025-11-30 21:05:25,816 - PID:1574668 - INFO -     Task 2: rm -rf {work_dir}/experiments/car196/knowledge_base -> bash {work_dir}/scripts/set_hyperparameters.sh --experience_number 5 -> CUDA_VISIBLE_DEVICES={available_gpu} bash {work_dir}/scripts/run_pipeline.sh car --uni_id {uni_id}
2025-11-30 21:05:25,816 - PID:1574668 - INFO -     Task 3: rm -rf {work_dir}/experiments/car196/knowledge_base -> bash {work_dir}/scripts/set_hyperparameters.sh --experience_number 3 -> CUDA_VISIBLE_DEVICES={available_gpu} bash {work_dir}/scripts/run_pipeline.sh car --uni_id {uni_id}
2025-11-30 21:05:25,816 - PID:1574668 - INFO -     Task 4: rm -rf {work_dir}/experiments/car196/knowledge_base -> bash {work_dir}/scripts/set_hyperparameters.sh --experience_number 20 -> CUDA_VISIBLE_DEVICES={available_gpu} bash {work_dir}/scripts/run_pipeline.sh car --uni_id {uni_id}
2025-11-30 21:05:25,816 - PID:1574668 - INFO -     Task 5: rm -rf {work_dir}/experiments/car196/knowledge_base -> bash {work_dir}/scripts/set_hyperparameters.sh --experience_number 50 -> CUDA_VISIBLE_DEVICES={available_gpu} bash {work_dir}/scripts/run_pipeline.sh car --uni_id {uni_id}
2025-11-30 21:05:25,816 - PID:1574668 - INFO -   Queue 2: 2 tasks
2025-11-30 21:05:25,816 - PID:1574668 - INFO -     Task 1: rm -rf {work_dir}/experiments/flower102/knowledge_base -> bash {work_dir}/scripts/set_hyperparameters.sh --experience_number 15 -> CUDA_VISIBLE_DEVICES={available_gpu} bash {work_dir}/scripts/run_pipeline.sh flower --uni_id {uni_id}
2025-11-30 21:05:25,816 - PID:1574668 - INFO -     Task 2: rm -rf {work_dir}/experiments/flower102/knowledge_base -> bash {work_dir}/scripts/set_hyperparameters.sh --experience_number 5 -> CUDA_VISIBLE_DEVICES={available_gpu} bash {work_dir}/scripts/run_pipeline.sh flower --uni_id {uni_id}
2025-11-30 21:05:25,816 - PID:1574668 - INFO -   Queue 3: 2 tasks
2025-11-30 21:05:25,816 - PID:1574668 - INFO -     Task 1: rm -rf {work_dir}/experiments/bird200/knowledge_base -> bash {work_dir}/scripts/set_hyperparameters.sh --experience_number 50 -> CUDA_VISIBLE_DEVICES={available_gpu} bash {work_dir}/scripts/run_pipeline.sh bird --uni_id {uni_id}
2025-11-30 21:05:25,816 - PID:1574668 - INFO -     Task 2: rm -rf {work_dir}/experiments/bird200/knowledge_base -> bash {work_dir}/scripts/set_hyperparameters.sh --experience_number 50 -> CUDA_VISIBLE_DEVICES={available_gpu} bash {work_dir}/scripts/run_pipeline.sh bird --uni_id {uni_id}
2025-11-30 21:05:25,816 - PID:1574668 - INFO -   Queue 4: 1 tasks
2025-11-30 21:05:25,816 - PID:1574668 - INFO -     Task 1: bash {work_dir}/scripts/set_hyperparameters.sh --experience_number 8 -> CUDA_VISIBLE_DEVICES={available_gpu} bash {work_dir}/scripts/run_pipeline.sh imagenet_v2 --uni_id {uni_id}
2025-11-30 21:05:25,816 - PID:1574668 - INFO -   Queue 5: 3 tasks
2025-11-30 21:05:25,816 - PID:1574668 - INFO -     Task 1: rm -rf {work_dir}/experiments/dog120/knowledge_base -> bash {work_dir}/scripts/set_hyperparameters.sh --experience_number 5 -> CUDA_VISIBLE_DEVICES={available_gpu} bash {work_dir}/scripts/run_pipeline.sh dog --uni_id {uni_id}
2025-11-30 21:05:25,816 - PID:1574668 - INFO -     Task 2: rm -rf {work_dir}/experiments/dog120/knowledge_base -> bash {work_dir}/scripts/set_hyperparameters.sh --experience_number 15 -> CUDA_VISIBLE_DEVICES={available_gpu} bash {work_dir}/scripts/run_pipeline.sh dog --uni_id {uni_id}
2025-11-30 21:05:25,816 - PID:1574668 - INFO -     Task 3: rm -rf {work_dir}/experiments/dog120/knowledge_base -> bash {work_dir}/scripts/set_hyperparameters.sh --experience_number 3 -> CUDA_VISIBLE_DEVICES={available_gpu} bash {work_dir}/scripts/run_pipeline.sh dog --uni_id {uni_id}
2025-11-30 21:05:25,816 - PID:1574668 - INFO -   Queue 6: 1 tasks
2025-11-30 21:05:25,816 - PID:1574668 - INFO -     Task 1: bash {work_dir}/scripts/set_hyperparameters.sh --experience_number 8 -> CUDA_VISIBLE_DEVICES={available_gpu} bash {work_dir}/scripts/run_pipeline.sh sun --uni_id {uni_id}
2025-11-30 21:05:25,816 - PID:1574668 - INFO - 📋 Created 6 tasks for dynamic GPU allocation
2025-11-30 21:05:25,816 - PID:1574668 - INFO - Starting GPU competition process
2025-11-30 21:05:25,816 - PID:1574668 - INFO - Available GPUs: [0, 1, 2, 3, 4, 5, 6, 7, 8, 9]
2025-11-30 21:05:25,816 - PID:1574668 - INFO - Check interval: 5 seconds
2025-11-30 21:05:25,816 - PID:1574668 - INFO - Log directory: /home/hdl/project/fgvr_test_new/logs/compete_gpu
2025-11-30 21:05:25,816 - PID:1574668 - INFO - Maximize resource utilization: False
2025-11-30 21:05:25,816 - PID:1574668 - INFO - Total tasks: 14
2025-11-30 21:05:25,816 - PID:1574668 - INFO - === Task Status ===
2025-11-30 21:05:25,817 - PID:1574668 - INFO - Total Tasks: 14, Pending=14, Running=0, Completed=0, Failed=0
2025-11-30 21:05:25,817 - PID:1574668 - INFO - === Queue Status ===
2025-11-30 21:05:25,817 - PID:1574668 - INFO - Queue 1: 🟢 IDLE, Pending=5, Running=0, Completed=0, Failed=0
2025-11-30 21:05:25,817 - PID:1574668 - INFO - Queue 2: 🟢 IDLE, Pending=2, Running=0, Completed=0, Failed=0
2025-11-30 21:05:25,817 - PID:1574668 - INFO - Queue 3: 🟢 IDLE, Pending=2, Running=0, Completed=0, Failed=0
2025-11-30 21:05:25,817 - PID:1574668 - INFO - Queue 4: 🟢 IDLE, Pending=1, Running=0, Completed=0, Failed=0
2025-11-30 21:05:25,817 - PID:1574668 - INFO - Queue 5: 🟢 IDLE, Pending=3, Running=0, Completed=0, Failed=0
2025-11-30 21:05:25,817 - PID:1574668 - INFO - Queue 6: 🟢 IDLE, Pending=1, Running=0, Completed=0, Failed=0
2025-11-30 21:05:25,817 - PID:1574668 - INFO - === GPU Status ===
2025-11-30 21:05:25,851 - PID:1574668 - INFO - GPU 0: Insufficient memory. Available: 5.72GB, Required: 20.00GB
2025-11-30 21:05:25,879 - PID:1574668 - INFO - GPU 0: Available=5.72GB, User Python Processes=0, Running Tasks=0
2025-11-30 21:05:25,881 - PID:1574668 - INFO - GPU 1: Insufficient memory. Available: 4.67GB, Required: 20.00GB
2025-11-30 21:05:25,928 - PID:1574668 - INFO - GPU 2: Insufficient memory. Available: 4.38GB, Required: 20.00GB
2025-11-30 21:05:25,943 - PID:1574668 - INFO - GPU 1: Available=4.67GB, User Python Processes=0, Running Tasks=0
2025-11-30 21:05:25,957 - PID:1574668 - INFO - GPU 3: Insufficient memory. Available: 15.10GB, Required: 20.00GB
2025-11-30 21:05:26,007 - PID:1574668 - INFO - GPU 2: Available=4.38GB, User Python Processes=0, Running Tasks=0
2025-11-30 21:05:26,023 - PID:1574668 - INFO - GPU 4: Available for task compete_282616. Memory: 24.37GB
2025-11-30 21:05:26,023 - PID:1574668 - INFO - 🚀 Starting queue 1 task compete_282616 on GPU 4
2025-11-30 21:05:26,023 - PID:1574668 - INFO - Starting task on GPU 4: rm -rf {work_dir}/experiments/car196/knowledge_base -> bash {work_dir}/scripts/set_hyperparameters.sh --experience_number 8 -> CUDA_VISIBLE_DEVICES={available_gpu} bash {work_dir}/scripts/run_pipeline.sh car --uni_id {uni_id}
2025-11-30 21:05:26,024 - PID:1574668 - INFO - 📈 Started 1 tasks: ['Queue 1']
2025-11-30 21:05:26,024 - PID:1574668 - ERROR - Task failed on GPU 4: rm -rf {work_dir}/experiments/car196/knowledge_base -> bash {work_dir}/scripts/set_hyperparameters.sh --experience_number 8 -> CUDA_VISIBLE_DEVICES={available_gpu} bash {work_dir}/scripts/run_pipeline.sh car --uni_id {uni_id} - Error: name 'dataset' is not defined
2025-11-30 21:05:26,086 - PID:1574668 - INFO - GPU 3: Available=15.10GB, User Python Processes=1, Running Tasks=0
2025-11-30 21:05:26,086 - PID:1574668 - INFO -   User Python PIDs: [1427990]
2025-11-30 21:05:26,161 - PID:1574668 - INFO - GPU 4: Available=24.37GB, User Python Processes=0, Running Tasks=0
2025-11-30 21:05:26,227 - PID:1574668 - INFO - GPU 5: Available=4.16GB, User Python Processes=0, Running Tasks=0
2025-11-30 21:05:26,283 - PID:1574668 - INFO - GPU 6: Available=22.31GB, User Python Processes=0, Running Tasks=0
2025-11-30 21:05:26,346 - PID:1574668 - INFO - GPU 7: Available=28.10GB, User Python Processes=0, Running Tasks=0
2025-11-30 21:05:26,407 - PID:1574668 - INFO - GPU 8: Available=24.89GB, User Python Processes=0, Running Tasks=0
2025-11-30 21:05:26,468 - PID:1574668 - INFO - GPU 9: Available=13.00GB, User Python Processes=0, Running Tasks=0
2025-11-30 21:05:36,468 - PID:1574668 - INFO - === Task Status ===
2025-11-30 21:05:36,468 - PID:1574668 - INFO - Total Tasks: 14, Pending=13, Running=0, Completed=0, Failed=1
2025-11-30 21:05:36,468 - PID:1574668 - INFO - === Queue Status ===
2025-11-30 21:05:36,468 - PID:1574668 - INFO - Queue 1: 🟢 IDLE, Pending=4, Running=0, Completed=0, Failed=1
2025-11-30 21:05:36,468 - PID:1574668 - INFO - Queue 2: 🟢 IDLE, Pending=2, Running=0, Completed=0, Failed=0
2025-11-30 21:05:36,469 - PID:1574668 - INFO - Queue 3: 🟢 IDLE, Pending=2, Running=0, Completed=0, Failed=0
2025-11-30 21:05:36,469 - PID:1574668 - INFO - Queue 4: 🟢 IDLE, Pending=1, Running=0, Completed=0, Failed=0
2025-11-30 21:05:36,469 - PID:1574668 - INFO - Queue 5: 🟢 IDLE, Pending=3, Running=0, Completed=0, Failed=0
2025-11-30 21:05:36,469 - PID:1574668 - INFO - Queue 6: 🟢 IDLE, Pending=1, Running=0, Completed=0, Failed=0
2025-11-30 21:05:36,469 - PID:1574668 - INFO - === GPU Status ===
2025-11-30 21:05:36,523 - PID:1574668 - INFO - GPU 0: Available=5.72GB, User Python Processes=0, Running Tasks=0
2025-11-30 21:05:36,581 - PID:1574668 - INFO - GPU 1: Available=4.67GB, User Python Processes=0, Running Tasks=0
2025-11-30 21:05:36,638 - PID:1574668 - INFO - GPU 2: Available=4.38GB, User Python Processes=0, Running Tasks=0
2025-11-30 21:05:36,700 - PID:1574668 - INFO - GPU 3: Available=15.10GB, User Python Processes=1, Running Tasks=0
2025-11-30 21:05:36,700 - PID:1574668 - INFO -   User Python PIDs: [1427990]
2025-11-30 21:05:36,758 - PID:1574668 - INFO - GPU 4: Available=24.37GB, User Python Processes=0, Running Tasks=0
2025-11-30 21:05:36,815 - PID:1574668 - INFO - GPU 5: Available=4.16GB, User Python Processes=0, Running Tasks=0
2025-11-30 21:05:36,871 - PID:1574668 - INFO - GPU 6: Available=22.31GB, User Python Processes=0, Running Tasks=0
2025-11-30 21:05:36,922 - PID:1574668 - INFO - GPU 7: Available=28.10GB, User Python Processes=0, Running Tasks=0
2025-11-30 21:05:37,009 - PID:1574668 - INFO - GPU 8: Available=24.89GB, User Python Processes=0, Running Tasks=0
2025-11-30 21:05:37,073 - PID:1574668 - INFO - GPU 9: Available=13.00GB, User Python Processes=0, Running Tasks=0
2025-11-30 21:05:47,073 - PID:1574668 - INFO - === Task Status ===
2025-11-30 21:05:47,073 - PID:1574668 - INFO - Total Tasks: 14, Pending=13, Running=0, Completed=0, Failed=1
2025-11-30 21:05:47,073 - PID:1574668 - INFO - === Queue Status ===
2025-11-30 21:05:47,073 - PID:1574668 - INFO - Queue 1: 🟢 IDLE, Pending=4, Running=0, Completed=0, Failed=1
2025-11-30 21:05:47,073 - PID:1574668 - INFO - Queue 2: 🟢 IDLE, Pending=2, Running=0, Completed=0, Failed=0
2025-11-30 21:05:47,073 - PID:1574668 - INFO - Queue 3: 🟢 IDLE, Pending=2, Running=0, Completed=0, Failed=0
2025-11-30 21:05:47,074 - PID:1574668 - INFO - Queue 4: 🟢 IDLE, Pending=1, Running=0, Completed=0, Failed=0
2025-11-30 21:05:47,074 - PID:1574668 - INFO - Queue 5: 🟢 IDLE, Pending=3, Running=0, Completed=0, Failed=0
2025-11-30 21:05:47,074 - PID:1574668 - INFO - Queue 6: 🟢 IDLE, Pending=1, Running=0, Completed=0, Failed=0
2025-11-30 21:05:47,074 - PID:1574668 - INFO - === GPU Status ===
2025-11-30 21:05:47,135 - PID:1574668 - INFO - GPU 0: Available=5.72GB, User Python Processes=0, Running Tasks=0
2025-11-30 21:05:47,190 - PID:1574668 - INFO - GPU 1: Available=4.67GB, User Python Processes=0, Running Tasks=0
2025-11-30 21:05:47,284 - PID:1574668 - INFO - GPU 2: Available=4.38GB, User Python Processes=0, Running Tasks=0
2025-11-30 21:05:47,360 - PID:1574668 - INFO - GPU 3: Available=12.09GB, User Python Processes=1, Running Tasks=0
2025-11-30 21:05:47,360 - PID:1574668 - INFO -   User Python PIDs: [1427990]
2025-11-30 21:05:47,419 - PID:1574668 - INFO - GPU 4: Available=24.37GB, User Python Processes=0, Running Tasks=0
2025-11-30 21:05:47,486 - PID:1574668 - INFO - GPU 5: Available=4.16GB, User Python Processes=0, Running Tasks=0
2025-11-30 21:05:47,542 - PID:1574668 - INFO - GPU 6: Available=22.31GB, User Python Processes=0, Running Tasks=0
2025-11-30 21:05:47,600 - PID:1574668 - INFO - GPU 7: Available=28.10GB, User Python Processes=0, Running Tasks=0
2025-11-30 21:05:47,652 - PID:1574668 - INFO - GPU 8: Available=24.89GB, User Python Processes=0, Running Tasks=0
2025-11-30 21:05:47,703 - PID:1574668 - INFO - GPU 9: Available=13.00GB, User Python Processes=0, Running Tasks=0
2025-11-30 21:05:57,704 - PID:1574668 - INFO - === Task Status ===
2025-11-30 21:05:57,704 - PID:1574668 - INFO - Total Tasks: 14, Pending=13, Running=0, Completed=0, Failed=1
2025-11-30 21:05:57,704 - PID:1574668 - INFO - === Queue Status ===
2025-11-30 21:05:57,704 - PID:1574668 - INFO - Queue 1: 🟢 IDLE, Pending=4, Running=0, Completed=0, Failed=1
2025-11-30 21:05:57,704 - PID:1574668 - INFO - Queue 2: 🟢 IDLE, Pending=2, Running=0, Completed=0, Failed=0
2025-11-30 21:05:57,705 - PID:1574668 - INFO - Queue 3: 🟢 IDLE, Pending=2, Running=0, Completed=0, Failed=0
2025-11-30 21:05:57,705 - PID:1574668 - INFO - Queue 4: 🟢 IDLE, Pending=1, Running=0, Completed=0, Failed=0
2025-11-30 21:05:57,705 - PID:1574668 - INFO - Queue 5: 🟢 IDLE, Pending=3, Running=0, Completed=0, Failed=0
2025-11-30 21:05:57,705 - PID:1574668 - INFO - Queue 6: 🟢 IDLE, Pending=1, Running=0, Completed=0, Failed=0
2025-11-30 21:05:57,705 - PID:1574668 - INFO - === GPU Status ===
2025-11-30 21:05:57,767 - PID:1574668 - INFO - GPU 0: Available=5.72GB, User Python Processes=0, Running Tasks=0
2025-11-30 21:05:57,819 - PID:1574668 - INFO - GPU 1: Available=4.67GB, User Python Processes=0, Running Tasks=0
2025-11-30 21:05:57,875 - PID:1574668 - INFO - GPU 2: Available=4.38GB, User Python Processes=0, Running Tasks=0
2025-11-30 21:05:57,925 - PID:1574668 - INFO - GPU 3: Available=12.09GB, User Python Processes=1, Running Tasks=0
2025-11-30 21:05:57,925 - PID:1574668 - INFO -   User Python PIDs: [1427990]
2025-11-30 21:05:57,974 - PID:1574668 - INFO - GPU 4: Available=24.37GB, User Python Processes=0, Running Tasks=0
2025-11-30 21:05:58,030 - PID:1574668 - INFO - GPU 5: Available=4.16GB, User Python Processes=0, Running Tasks=0
2025-11-30 21:05:58,086 - PID:1574668 - INFO - GPU 6: Available=22.31GB, User Python Processes=0, Running Tasks=0
2025-11-30 21:05:58,139 - PID:1574668 - INFO - GPU 7: Available=28.10GB, User Python Processes=0, Running Tasks=0
2025-11-30 21:05:58,187 - PID:1574668 - INFO - GPU 8: Available=24.89GB, User Python Processes=0, Running Tasks=0
2025-11-30 21:05:58,253 - PID:1574668 - INFO - GPU 9: Available=13.00GB, User Python Processes=0, Running Tasks=0
2025-11-30 21:06:08,253 - PID:1574668 - INFO - === Task Status ===
2025-11-30 21:06:08,254 - PID:1574668 - INFO - Total Tasks: 14, Pending=13, Running=0, Completed=0, Failed=1
2025-11-30 21:06:08,254 - PID:1574668 - INFO - === Queue Status ===
2025-11-30 21:06:08,254 - PID:1574668 - INFO - Queue 1: 🟢 IDLE, Pending=4, Running=0, Completed=0, Failed=1
2025-11-30 21:06:08,254 - PID:1574668 - INFO - Queue 2: 🟢 IDLE, Pending=2, Running=0, Completed=0, Failed=0
2025-11-30 21:06:08,254 - PID:1574668 - INFO - Queue 3: 🟢 IDLE, Pending=2, Running=0, Completed=0, Failed=0
2025-11-30 21:06:08,254 - PID:1574668 - INFO - Queue 4: 🟢 IDLE, Pending=1, Running=0, Completed=0, Failed=0
2025-11-30 21:06:08,254 - PID:1574668 - INFO - Queue 5: 🟢 IDLE, Pending=3, Running=0, Completed=0, Failed=0
2025-11-30 21:06:08,254 - PID:1574668 - INFO - Queue 6: 🟢 IDLE, Pending=1, Running=0, Completed=0, Failed=0
2025-11-30 21:06:08,254 - PID:1574668 - INFO - === GPU Status ===
2025-11-30 21:06:08,309 - PID:1574668 - INFO - GPU 0: Available=5.72GB, User Python Processes=0, Running Tasks=0
2025-11-30 21:06:08,362 - PID:1574668 - INFO - GPU 1: Available=4.67GB, User Python Processes=0, Running Tasks=0
2025-11-30 21:06:08,418 - PID:1574668 - INFO - GPU 2: Available=4.38GB, User Python Processes=0, Running Tasks=0
2025-11-30 21:06:08,490 - PID:1574668 - INFO - GPU 3: Available=16.37GB, User Python Processes=1, Running Tasks=0
2025-11-30 21:06:08,490 - PID:1574668 - INFO -   User Python PIDs: [1427990]
2025-11-30 21:06:08,540 - PID:1574668 - INFO - GPU 4: Available=24.37GB, User Python Processes=0, Running Tasks=0
2025-11-30 21:06:08,597 - PID:1574668 - INFO - GPU 5: Available=4.16GB, User Python Processes=0, Running Tasks=0
2025-11-30 21:06:08,649 - PID:1574668 - INFO - GPU 6: Available=22.31GB, User Python Processes=0, Running Tasks=0
2025-11-30 21:06:08,699 - PID:1574668 - INFO - GPU 7: Available=28.10GB, User Python Processes=0, Running Tasks=0
2025-11-30 21:06:08,748 - PID:1574668 - INFO - GPU 8: Available=24.89GB, User Python Processes=0, Running Tasks=0
2025-11-30 21:06:08,798 - PID:1574668 - INFO - GPU 9: Available=13.00GB, User Python Processes=0, Running Tasks=0
2025-11-30 21:06:18,798 - PID:1574668 - INFO - === Task Status ===
2025-11-30 21:06:18,798 - PID:1574668 - INFO - Total Tasks: 14, Pending=13, Running=0, Completed=0, Failed=1
2025-11-30 21:06:18,798 - PID:1574668 - INFO - === Queue Status ===
2025-11-30 21:06:18,798 - PID:1574668 - INFO - Queue 1: 🟢 IDLE, Pending=4, Running=0, Completed=0, Failed=1
2025-11-30 21:06:18,799 - PID:1574668 - INFO - Queue 2: 🟢 IDLE, Pending=2, Running=0, Completed=0, Failed=0
2025-11-30 21:06:18,799 - PID:1574668 - INFO - Queue 3: 🟢 IDLE, Pending=2, Running=0, Completed=0, Failed=0
2025-11-30 21:06:18,799 - PID:1574668 - INFO - Queue 4: 🟢 IDLE, Pending=1, Running=0, Completed=0, Failed=0
2025-11-30 21:06:18,799 - PID:1574668 - INFO - Queue 5: 🟢 IDLE, Pending=3, Running=0, Completed=0, Failed=0
2025-11-30 21:06:18,799 - PID:1574668 - INFO - Queue 6: 🟢 IDLE, Pending=1, Running=0, Completed=0, Failed=0
2025-11-30 21:06:18,799 - PID:1574668 - INFO - === GPU Status ===
2025-11-30 21:06:18,853 - PID:1574668 - INFO - GPU 0: Available=5.72GB, User Python Processes=0, Running Tasks=0
2025-11-30 21:06:18,910 - PID:1574668 - INFO - GPU 1: Available=4.67GB, User Python Processes=0, Running Tasks=0
2025-11-30 21:06:18,968 - PID:1574668 - INFO - GPU 2: Available=4.38GB, User Python Processes=0, Running Tasks=0
2025-11-30 21:06:19,015 - PID:1574668 - INFO - GPU 3: Available=16.37GB, User Python Processes=1, Running Tasks=0
2025-11-30 21:06:19,015 - PID:1574668 - INFO -   User Python PIDs: [1427990]
2025-11-30 21:06:19,077 - PID:1574668 - INFO - GPU 4: Available=24.37GB, User Python Processes=0, Running Tasks=0
2025-11-30 21:06:19,136 - PID:1574668 - INFO - GPU 5: Available=4.16GB, User Python Processes=0, Running Tasks=0
2025-11-30 21:06:19,196 - PID:1574668 - INFO - GPU 6: Available=22.31GB, User Python Processes=0, Running Tasks=0
2025-11-30 21:06:19,253 - PID:1574668 - INFO - GPU 7: Available=28.10GB, User Python Processes=0, Running Tasks=0
2025-11-30 21:06:19,306 - PID:1574668 - INFO - GPU 8: Available=24.89GB, User Python Processes=0, Running Tasks=0
2025-11-30 21:06:19,367 - PID:1574668 - INFO - GPU 9: Available=13.00GB, User Python Processes=0, Running Tasks=0
2025-11-30 21:06:28,062 - PID:1574668 - INFO - GPU 0: Insufficient memory. Available: 5.72GB, Required: 20.00GB
2025-11-30 21:06:28,113 - PID:1574668 - INFO - GPU 1: Insufficient memory. Available: 4.67GB, Required: 20.00GB
2025-11-30 21:06:28,149 - PID:1574668 - INFO - GPU 2: Insufficient memory. Available: 4.38GB, Required: 20.00GB
2025-11-30 21:06:28,175 - PID:1574668 - INFO - GPU 3: Insufficient memory. Available: 16.37GB, Required: 20.00GB
2025-11-30 21:06:28,266 - PID:1574668 - INFO - GPU 4: Available for task compete_418595. Memory: 24.37GB
2025-11-30 21:06:28,266 - PID:1574668 - INFO - 🚀 Starting queue 1 task compete_418595 on GPU 4
2025-11-30 21:06:28,267 - PID:1574668 - INFO - Starting task on GPU 4: rm -rf {work_dir}/experiments/car196/knowledge_base -> bash {work_dir}/scripts/set_hyperparameters.sh --experience_number 5 -> CUDA_VISIBLE_DEVICES={available_gpu} bash {work_dir}/scripts/run_pipeline.sh car --uni_id {uni_id}
2025-11-30 21:06:28,267 - PID:1574668 - INFO - 📈 Started 1 tasks: ['Queue 1']
2025-11-30 21:06:28,267 - PID:1574668 - ERROR - Task failed on GPU 4: rm -rf {work_dir}/experiments/car196/knowledge_base -> bash {work_dir}/scripts/set_hyperparameters.sh --experience_number 5 -> CUDA_VISIBLE_DEVICES={available_gpu} bash {work_dir}/scripts/run_pipeline.sh car --uni_id {uni_id} - Error: name 'dataset' is not defined
2025-11-30 21:06:29,368 - PID:1574668 - INFO - === Task Status ===
2025-11-30 21:06:29,368 - PID:1574668 - INFO - Total Tasks: 14, Pending=12, Running=0, Completed=0, Failed=2
2025-11-30 21:06:29,368 - PID:1574668 - INFO - === Queue Status ===
2025-11-30 21:06:29,368 - PID:1574668 - INFO - Queue 1: 🟢 IDLE, Pending=3, Running=0, Completed=0, Failed=2
2025-11-30 21:06:29,368 - PID:1574668 - INFO - Queue 2: 🟢 IDLE, Pending=2, Running=0, Completed=0, Failed=0
2025-11-30 21:06:29,368 - PID:1574668 - INFO - Queue 3: 🟢 IDLE, Pending=2, Running=0, Completed=0, Failed=0
2025-11-30 21:06:29,368 - PID:1574668 - INFO - Queue 4: 🟢 IDLE, Pending=1, Running=0, Completed=0, Failed=0
2025-11-30 21:06:29,368 - PID:1574668 - INFO - Queue 5: 🟢 IDLE, Pending=3, Running=0, Completed=0, Failed=0
2025-11-30 21:06:29,368 - PID:1574668 - INFO - Queue 6: 🟢 IDLE, Pending=1, Running=0, Completed=0, Failed=0
2025-11-30 21:06:29,369 - PID:1574668 - INFO - === GPU Status ===
2025-11-30 21:06:29,421 - PID:1574668 - INFO - GPU 0: Available=5.72GB, User Python Processes=0, Running Tasks=0
2025-11-30 21:06:29,477 - PID:1574668 - INFO - GPU 1: Available=4.67GB, User Python Processes=0, Running Tasks=0
2025-11-30 21:06:29,554 - PID:1574668 - INFO - GPU 2: Available=4.38GB, User Python Processes=0, Running Tasks=0
2025-11-30 21:06:29,619 - PID:1574668 - INFO - GPU 3: Available=4.97GB, User Python Processes=1, Running Tasks=0
2025-11-30 21:06:29,620 - PID:1574668 - INFO -   User Python PIDs: [1427990]
2025-11-30 21:06:29,679 - PID:1574668 - INFO - GPU 4: Available=24.37GB, User Python Processes=0, Running Tasks=0
2025-11-30 21:06:29,742 - PID:1574668 - INFO - GPU 5: Available=4.16GB, User Python Processes=0, Running Tasks=0
2025-11-30 21:06:29,800 - PID:1574668 - INFO - GPU 6: Available=22.31GB, User Python Processes=0, Running Tasks=0
2025-11-30 21:06:29,854 - PID:1574668 - INFO - GPU 7: Available=28.10GB, User Python Processes=0, Running Tasks=0
2025-11-30 21:06:29,905 - PID:1574668 - INFO - GPU 8: Available=24.89GB, User Python Processes=0, Running Tasks=0
2025-11-30 21:06:29,985 - PID:1574668 - INFO - GPU 9: Available=13.00GB, User Python Processes=0, Running Tasks=0
2025-11-30 21:06:39,985 - PID:1574668 - INFO - === Task Status ===
2025-11-30 21:06:39,985 - PID:1574668 - INFO - Total Tasks: 14, Pending=12, Running=0, Completed=0, Failed=2
2025-11-30 21:06:39,985 - PID:1574668 - INFO - === Queue Status ===
2025-11-30 21:06:39,985 - PID:1574668 - INFO - Queue 1: 🟢 IDLE, Pending=3, Running=0, Completed=0, Failed=2
2025-11-30 21:06:39,985 - PID:1574668 - INFO - Queue 2: 🟢 IDLE, Pending=2, Running=0, Completed=0, Failed=0
2025-11-30 21:06:39,986 - PID:1574668 - INFO - Queue 3: 🟢 IDLE, Pending=2, Running=0, Completed=0, Failed=0
2025-11-30 21:06:39,986 - PID:1574668 - INFO - Queue 4: 🟢 IDLE, Pending=1, Running=0, Completed=0, Failed=0
2025-11-30 21:06:39,986 - PID:1574668 - INFO - Queue 5: 🟢 IDLE, Pending=3, Running=0, Completed=0, Failed=0
2025-11-30 21:06:39,986 - PID:1574668 - INFO - Queue 6: 🟢 IDLE, Pending=1, Running=0, Completed=0, Failed=0
2025-11-30 21:06:39,986 - PID:1574668 - INFO - === GPU Status ===
2025-11-30 21:06:40,045 - PID:1574668 - INFO - GPU 0: Available=5.72GB, User Python Processes=0, Running Tasks=0
2025-11-30 21:06:40,145 - PID:1574668 - INFO - GPU 1: Available=4.67GB, User Python Processes=0, Running Tasks=0
2025-11-30 21:06:40,223 - PID:1574668 - INFO - GPU 2: Available=4.38GB, User Python Processes=0, Running Tasks=0
2025-11-30 21:06:40,292 - PID:1574668 - INFO - GPU 3: Available=4.96GB, User Python Processes=1, Running Tasks=0
2025-11-30 21:06:40,293 - PID:1574668 - INFO -   User Python PIDs: [1427990]
2025-11-30 21:06:40,369 - PID:1574668 - INFO - GPU 4: Available=24.37GB, User Python Processes=0, Running Tasks=0
2025-11-30 21:06:40,440 - PID:1574668 - INFO - GPU 5: Available=4.16GB, User Python Processes=0, Running Tasks=0
2025-11-30 21:06:40,507 - PID:1574668 - INFO - GPU 6: Available=22.31GB, User Python Processes=0, Running Tasks=0
2025-11-30 21:06:40,579 - PID:1574668 - INFO - GPU 7: Available=28.10GB, User Python Processes=0, Running Tasks=0
2025-11-30 21:06:40,632 - PID:1574668 - INFO - GPU 8: Available=24.89GB, User Python Processes=0, Running Tasks=0
2025-11-30 21:06:40,695 - PID:1574668 - INFO - GPU 9: Available=13.00GB, User Python Processes=0, Running Tasks=0
2025-11-30 21:06:50,695 - PID:1574668 - INFO - === Task Status ===
2025-11-30 21:06:50,696 - PID:1574668 - INFO - Total Tasks: 14, Pending=12, Running=0, Completed=0, Failed=2
2025-11-30 21:06:50,696 - PID:1574668 - INFO - === Queue Status ===
2025-11-30 21:06:50,696 - PID:1574668 - INFO - Queue 1: 🟢 IDLE, Pending=3, Running=0, Completed=0, Failed=2
2025-11-30 21:06:50,696 - PID:1574668 - INFO - Queue 2: 🟢 IDLE, Pending=2, Running=0, Completed=0, Failed=0
2025-11-30 21:06:50,696 - PID:1574668 - INFO - Queue 3: 🟢 IDLE, Pending=2, Running=0, Completed=0, Failed=0
2025-11-30 21:06:50,696 - PID:1574668 - INFO - Queue 4: 🟢 IDLE, Pending=1, Running=0, Completed=0, Failed=0
2025-11-30 21:06:50,696 - PID:1574668 - INFO - Queue 5: 🟢 IDLE, Pending=3, Running=0, Completed=0, Failed=0
2025-11-30 21:06:50,696 - PID:1574668 - INFO - Queue 6: 🟢 IDLE, Pending=1, Running=0, Completed=0, Failed=0
2025-11-30 21:06:50,696 - PID:1574668 - INFO - === GPU Status ===
2025-11-30 21:06:50,754 - PID:1574668 - INFO - GPU 0: Available=5.72GB, User Python Processes=0, Running Tasks=0
2025-11-30 21:06:50,809 - PID:1574668 - INFO - GPU 1: Available=4.67GB, User Python Processes=0, Running Tasks=0
2025-11-30 21:06:50,867 - PID:1574668 - INFO - GPU 2: Available=4.38GB, User Python Processes=0, Running Tasks=0
2025-11-30 21:06:50,920 - PID:1574668 - INFO - GPU 3: Available=4.96GB, User Python Processes=1, Running Tasks=0
2025-11-30 21:06:50,920 - PID:1574668 - INFO -   User Python PIDs: [1427990]
2025-11-30 21:06:50,991 - PID:1574668 - INFO - GPU 4: Available=24.37GB, User Python Processes=0, Running Tasks=0
2025-11-30 21:06:51,087 - PID:1574668 - INFO - GPU 5: Available=4.16GB, User Python Processes=0, Running Tasks=0
2025-11-30 21:06:51,140 - PID:1574668 - INFO - GPU 6: Available=22.31GB, User Python Processes=0, Running Tasks=0
2025-11-30 21:06:51,196 - PID:1574668 - INFO - GPU 7: Available=28.10GB, User Python Processes=0, Running Tasks=0
2025-11-30 21:06:51,260 - PID:1574668 - INFO - GPU 8: Available=24.89GB, User Python Processes=0, Running Tasks=0
2025-11-30 21:06:51,317 - PID:1574668 - INFO - GPU 9: Available=13.00GB, User Python Processes=0, Running Tasks=0
2025-11-30 21:07:01,318 - PID:1574668 - INFO - === Task Status ===
2025-11-30 21:07:01,318 - PID:1574668 - INFO - Total Tasks: 14, Pending=12, Running=0, Completed=0, Failed=2
2025-11-30 21:07:01,318 - PID:1574668 - INFO - === Queue Status ===
2025-11-30 21:07:01,318 - PID:1574668 - INFO - Queue 1: 🟢 IDLE, Pending=3, Running=0, Completed=0, Failed=2
2025-11-30 21:07:01,318 - PID:1574668 - INFO - Queue 2: 🟢 IDLE, Pending=2, Running=0, Completed=0, Failed=0
2025-11-30 21:07:01,318 - PID:1574668 - INFO - Queue 3: 🟢 IDLE, Pending=2, Running=0, Completed=0, Failed=0
2025-11-30 21:07:01,319 - PID:1574668 - INFO - Queue 4: 🟢 IDLE, Pending=1, Running=0, Completed=0, Failed=0
2025-11-30 21:07:01,319 - PID:1574668 - INFO - Queue 5: 🟢 IDLE, Pending=3, Running=0, Completed=0, Failed=0
2025-11-30 21:07:01,319 - PID:1574668 - INFO - Queue 6: 🟢 IDLE, Pending=1, Running=0, Completed=0, Failed=0
2025-11-30 21:07:01,319 - PID:1574668 - INFO - === GPU Status ===
2025-11-30 21:07:01,382 - PID:1574668 - INFO - GPU 0: Available=5.72GB, User Python Processes=0, Running Tasks=0
2025-11-30 21:07:01,444 - PID:1574668 - INFO - GPU 1: Available=4.67GB, User Python Processes=0, Running Tasks=0
2025-11-30 21:07:01,510 - PID:1574668 - INFO - GPU 2: Available=4.38GB, User Python Processes=0, Running Tasks=0
2025-11-30 21:07:01,567 - PID:1574668 - INFO - GPU 3: Available=6.62GB, User Python Processes=1, Running Tasks=0
2025-11-30 21:07:01,567 - PID:1574668 - INFO -   User Python PIDs: [1427990]
2025-11-30 21:07:01,621 - PID:1574668 - INFO - GPU 4: Available=24.37GB, User Python Processes=0, Running Tasks=0
2025-11-30 21:07:01,692 - PID:1574668 - INFO - GPU 5: Available=4.16GB, User Python Processes=0, Running Tasks=0
2025-11-30 21:07:01,783 - PID:1574668 - INFO - GPU 6: Available=22.31GB, User Python Processes=0, Running Tasks=0
2025-11-30 21:07:01,834 - PID:1574668 - INFO - GPU 7: Available=28.10GB, User Python Processes=0, Running Tasks=0
2025-11-30 21:07:01,886 - PID:1574668 - INFO - GPU 8: Available=24.89GB, User Python Processes=0, Running Tasks=0
2025-11-30 21:07:01,939 - PID:1574668 - INFO - GPU 9: Available=13.00GB, User Python Processes=0, Running Tasks=0
2025-11-30 21:07:11,940 - PID:1574668 - INFO - === Task Status ===
2025-11-30 21:07:11,940 - PID:1574668 - INFO - Total Tasks: 14, Pending=12, Running=0, Completed=0, Failed=2
2025-11-30 21:07:11,940 - PID:1574668 - INFO - === Queue Status ===
2025-11-30 21:07:11,940 - PID:1574668 - INFO - Queue 1: 🟢 IDLE, Pending=3, Running=0, Completed=0, Failed=2
2025-11-30 21:07:11,940 - PID:1574668 - INFO - Queue 2: 🟢 IDLE, Pending=2, Running=0, Completed=0, Failed=0
2025-11-30 21:07:11,941 - PID:1574668 - INFO - Queue 3: 🟢 IDLE, Pending=2, Running=0, Completed=0, Failed=0
2025-11-30 21:07:11,941 - PID:1574668 - INFO - Queue 4: 🟢 IDLE, Pending=1, Running=0, Completed=0, Failed=0
2025-11-30 21:07:11,941 - PID:1574668 - INFO - Queue 5: 🟢 IDLE, Pending=3, Running=0, Completed=0, Failed=0
2025-11-30 21:07:11,941 - PID:1574668 - INFO - Queue 6: 🟢 IDLE, Pending=1, Running=0, Completed=0, Failed=0
2025-11-30 21:07:11,941 - PID:1574668 - INFO - === GPU Status ===
2025-11-30 21:07:12,009 - PID:1574668 - INFO - GPU 0: Available=5.72GB, User Python Processes=0, Running Tasks=0
2025-11-30 21:07:12,075 - PID:1574668 - INFO - GPU 1: Available=4.67GB, User Python Processes=0, Running Tasks=0
2025-11-30 21:07:12,134 - PID:1574668 - INFO - GPU 2: Available=4.38GB, User Python Processes=0, Running Tasks=0
2025-11-30 21:07:12,196 - PID:1574668 - INFO - GPU 3: Available=6.62GB, User Python Processes=1, Running Tasks=0
2025-11-30 21:07:12,196 - PID:1574668 - INFO -   User Python PIDs: [1427990]
2025-11-30 21:07:12,255 - PID:1574668 - INFO - GPU 4: Available=24.37GB, User Python Processes=0, Running Tasks=0
2025-11-30 21:07:12,310 - PID:1574668 - INFO - GPU 5: Available=4.16GB, User Python Processes=0, Running Tasks=0
2025-11-30 21:07:12,367 - PID:1574668 - INFO - GPU 6: Available=22.31GB, User Python Processes=0, Running Tasks=0
2025-11-30 21:07:12,420 - PID:1574668 - INFO - GPU 7: Available=28.10GB, User Python Processes=0, Running Tasks=0
2025-11-30 21:07:12,473 - PID:1574668 - INFO - GPU 8: Available=24.89GB, User Python Processes=0, Running Tasks=0
2025-11-30 21:07:12,523 - PID:1574668 - INFO - GPU 9: Available=13.00GB, User Python Processes=0, Running Tasks=0
2025-11-30 21:07:22,523 - PID:1574668 - INFO - === Task Status ===
2025-11-30 21:07:22,524 - PID:1574668 - INFO - Total Tasks: 14, Pending=12, Running=0, Completed=0, Failed=2
2025-11-30 21:07:22,524 - PID:1574668 - INFO - === Queue Status ===
2025-11-30 21:07:22,524 - PID:1574668 - INFO - Queue 1: 🟢 IDLE, Pending=3, Running=0, Completed=0, Failed=2
2025-11-30 21:07:22,524 - PID:1574668 - INFO - Queue 2: 🟢 IDLE, Pending=2, Running=0, Completed=0, Failed=0
2025-11-30 21:07:22,524 - PID:1574668 - INFO - Queue 3: 🟢 IDLE, Pending=2, Running=0, Completed=0, Failed=0
2025-11-30 21:07:22,524 - PID:1574668 - INFO - Queue 4: 🟢 IDLE, Pending=1, Running=0, Completed=0, Failed=0
2025-11-30 21:07:22,524 - PID:1574668 - INFO - Queue 5: 🟢 IDLE, Pending=3, Running=0, Completed=0, Failed=0
2025-11-30 21:07:22,524 - PID:1574668 - INFO - Queue 6: 🟢 IDLE, Pending=1, Running=0, Completed=0, Failed=0
2025-11-30 21:07:22,524 - PID:1574668 - INFO - === GPU Status ===
2025-11-30 21:07:22,580 - PID:1574668 - INFO - GPU 0: Available=5.72GB, User Python Processes=0, Running Tasks=0
2025-11-30 21:07:22,634 - PID:1574668 - INFO - GPU 1: Available=4.67GB, User Python Processes=0, Running Tasks=0
2025-11-30 21:07:22,689 - PID:1574668 - INFO - GPU 2: Available=4.38GB, User Python Processes=0, Running Tasks=0
2025-11-30 21:07:22,740 - PID:1574668 - INFO - GPU 3: Available=9.27GB, User Python Processes=1, Running Tasks=0
2025-11-30 21:07:22,740 - PID:1574668 - INFO -   User Python PIDs: [1427990]
2025-11-30 21:07:22,783 - PID:1574668 - INFO - GPU 4: Available=24.37GB, User Python Processes=0, Running Tasks=0
2025-11-30 21:07:22,836 - PID:1574668 - INFO - GPU 5: Available=4.16GB, User Python Processes=0, Running Tasks=0
2025-11-30 21:07:22,889 - PID:1574668 - INFO - GPU 6: Available=22.31GB, User Python Processes=0, Running Tasks=0
2025-11-30 21:07:22,937 - PID:1574668 - INFO - GPU 7: Available=28.10GB, User Python Processes=0, Running Tasks=0
2025-11-30 21:07:22,988 - PID:1574668 - INFO - GPU 8: Available=24.89GB, User Python Processes=0, Running Tasks=0
2025-11-30 21:07:23,033 - PID:1574668 - INFO - GPU 9: Available=13.00GB, User Python Processes=0, Running Tasks=0
2025-11-30 21:07:30,297 - PID:1574668 - INFO - GPU 0: Insufficient memory. Available: 5.72GB, Required: 20.00GB
2025-11-30 21:07:30,329 - PID:1574668 - INFO - GPU 1: Insufficient memory. Available: 4.67GB, Required: 20.00GB
2025-11-30 21:07:30,357 - PID:1574668 - INFO - GPU 2: Insufficient memory. Available: 4.38GB, Required: 20.00GB
2025-11-30 21:07:30,384 - PID:1574668 - INFO - GPU 3: Insufficient memory. Available: 9.27GB, Required: 20.00GB
2025-11-30 21:07:30,458 - PID:1574668 - INFO - GPU 4: Available for task compete_259593. Memory: 24.37GB
2025-11-30 21:07:30,458 - PID:1574668 - INFO - 🚀 Starting queue 1 task compete_259593 on GPU 4
2025-11-30 21:07:30,459 - PID:1574668 - INFO - Starting task on GPU 4: rm -rf {work_dir}/experiments/car196/knowledge_base -> bash {work_dir}/scripts/set_hyperparameters.sh --experience_number 3 -> CUDA_VISIBLE_DEVICES={available_gpu} bash {work_dir}/scripts/run_pipeline.sh car --uni_id {uni_id}
2025-11-30 21:07:30,459 - PID:1574668 - INFO - 📈 Started 1 tasks: ['Queue 1']
2025-11-30 21:07:30,459 - PID:1574668 - ERROR - Task failed on GPU 4: rm -rf {work_dir}/experiments/car196/knowledge_base -> bash {work_dir}/scripts/set_hyperparameters.sh --experience_number 3 -> CUDA_VISIBLE_DEVICES={available_gpu} bash {work_dir}/scripts/run_pipeline.sh car --uni_id {uni_id} - Error: name 'dataset' is not defined
2025-11-30 21:07:33,033 - PID:1574668 - INFO - === Task Status ===
2025-11-30 21:07:33,034 - PID:1574668 - INFO - Total Tasks: 14, Pending=11, Running=0, Completed=0, Failed=3
2025-11-30 21:07:33,034 - PID:1574668 - INFO - === Queue Status ===
2025-11-30 21:07:33,034 - PID:1574668 - INFO - Queue 1: 🟢 IDLE, Pending=2, Running=0, Completed=0, Failed=3
2025-11-30 21:07:33,034 - PID:1574668 - INFO - Queue 2: 🟢 IDLE, Pending=2, Running=0, Completed=0, Failed=0
2025-11-30 21:07:33,034 - PID:1574668 - INFO - Queue 3: 🟢 IDLE, Pending=2, Running=0, Completed=0, Failed=0
2025-11-30 21:07:33,034 - PID:1574668 - INFO - Queue 4: 🟢 IDLE, Pending=1, Running=0, Completed=0, Failed=0
2025-11-30 21:07:33,034 - PID:1574668 - INFO - Queue 5: 🟢 IDLE, Pending=3, Running=0, Completed=0, Failed=0
2025-11-30 21:07:33,034 - PID:1574668 - INFO - Queue 6: 🟢 IDLE, Pending=1, Running=0, Completed=0, Failed=0
2025-11-30 21:07:33,034 - PID:1574668 - INFO - === GPU Status ===
2025-11-30 21:07:33,088 - PID:1574668 - INFO - GPU 0: Available=5.72GB, User Python Processes=0, Running Tasks=0
2025-11-30 21:07:33,151 - PID:1574668 - INFO - GPU 1: Available=4.67GB, User Python Processes=0, Running Tasks=0
2025-11-30 21:07:33,209 - PID:1574668 - INFO - GPU 2: Available=4.38GB, User Python Processes=0, Running Tasks=0
2025-11-30 21:07:33,266 - PID:1574668 - INFO - GPU 3: Available=9.27GB, User Python Processes=1, Running Tasks=0
2025-11-30 21:07:33,266 - PID:1574668 - INFO -   User Python PIDs: [1427990]
2025-11-30 21:07:33,318 - PID:1574668 - INFO - GPU 4: Available=24.37GB, User Python Processes=0, Running Tasks=0
2025-11-30 21:07:33,381 - PID:1574668 - INFO - GPU 5: Available=4.16GB, User Python Processes=0, Running Tasks=0
2025-11-30 21:07:33,432 - PID:1574668 - INFO - GPU 6: Available=22.31GB, User Python Processes=0, Running Tasks=0
2025-11-30 21:07:33,492 - PID:1574668 - INFO - GPU 7: Available=28.10GB, User Python Processes=0, Running Tasks=0
2025-11-30 21:07:33,542 - PID:1574668 - INFO - GPU 8: Available=24.89GB, User Python Processes=0, Running Tasks=0
2025-11-30 21:07:33,598 - PID:1574668 - INFO - GPU 9: Available=13.00GB, User Python Processes=0, Running Tasks=0
2025-11-30 21:07:43,598 - PID:1574668 - INFO - === Task Status ===
2025-11-30 21:07:43,598 - PID:1574668 - INFO - Total Tasks: 14, Pending=11, Running=0, Completed=0, Failed=3
2025-11-30 21:07:43,598 - PID:1574668 - INFO - === Queue Status ===
2025-11-30 21:07:43,598 - PID:1574668 - INFO - Queue 1: 🟢 IDLE, Pending=2, Running=0, Completed=0, Failed=3
2025-11-30 21:07:43,598 - PID:1574668 - INFO - Queue 2: 🟢 IDLE, Pending=2, Running=0, Completed=0, Failed=0
2025-11-30 21:07:43,598 - PID:1574668 - INFO - Queue 3: 🟢 IDLE, Pending=2, Running=0, Completed=0, Failed=0
2025-11-30 21:07:43,598 - PID:1574668 - INFO - Queue 4: 🟢 IDLE, Pending=1, Running=0, Completed=0, Failed=0
2025-11-30 21:07:43,599 - PID:1574668 - INFO - Queue 5: 🟢 IDLE, Pending=3, Running=0, Completed=0, Failed=0
2025-11-30 21:07:43,599 - PID:1574668 - INFO - Queue 6: 🟢 IDLE, Pending=1, Running=0, Completed=0, Failed=0
2025-11-30 21:07:43,599 - PID:1574668 - INFO - === GPU Status ===
2025-11-30 21:07:43,659 - PID:1574668 - INFO - GPU 0: Available=5.72GB, User Python Processes=0, Running Tasks=0
2025-11-30 21:07:43,718 - PID:1574668 - INFO - GPU 1: Available=4.67GB, User Python Processes=0, Running Tasks=0
2025-11-30 21:07:43,776 - PID:1574668 - INFO - GPU 2: Available=4.38GB, User Python Processes=0, Running Tasks=0
2025-11-30 21:07:43,838 - PID:1574668 - INFO - GPU 3: Available=10.16GB, User Python Processes=1, Running Tasks=0
2025-11-30 21:07:43,838 - PID:1574668 - INFO -   User Python PIDs: [1427990]
2025-11-30 21:07:43,895 - PID:1574668 - INFO - GPU 4: Available=24.37GB, User Python Processes=0, Running Tasks=0
2025-11-30 21:07:43,954 - PID:1574668 - INFO - GPU 5: Available=4.16GB, User Python Processes=0, Running Tasks=0
2025-11-30 21:07:44,011 - PID:1574668 - INFO - GPU 6: Available=22.31GB, User Python Processes=0, Running Tasks=0
2025-11-30 21:07:44,064 - PID:1574668 - INFO - GPU 7: Available=28.10GB, User Python Processes=0, Running Tasks=0
2025-11-30 21:07:44,121 - PID:1574668 - INFO - GPU 8: Available=24.89GB, User Python Processes=0, Running Tasks=0
2025-11-30 21:07:44,172 - PID:1574668 - INFO - GPU 9: Available=13.00GB, User Python Processes=0, Running Tasks=0
2025-11-30 21:07:54,172 - PID:1574668 - INFO - === Task Status ===
2025-11-30 21:07:54,172 - PID:1574668 - INFO - Total Tasks: 14, Pending=11, Running=0, Completed=0, Failed=3
2025-11-30 21:07:54,172 - PID:1574668 - INFO - === Queue Status ===
2025-11-30 21:07:54,172 - PID:1574668 - INFO - Queue 1: 🟢 IDLE, Pending=2, Running=0, Completed=0, Failed=3
2025-11-30 21:07:54,172 - PID:1574668 - INFO - Queue 2: 🟢 IDLE, Pending=2, Running=0, Completed=0, Failed=0
2025-11-30 21:07:54,172 - PID:1574668 - INFO - Queue 3: 🟢 IDLE, Pending=2, Running=0, Completed=0, Failed=0
2025-11-30 21:07:54,172 - PID:1574668 - INFO - Queue 4: 🟢 IDLE, Pending=1, Running=0, Completed=0, Failed=0
2025-11-30 21:07:54,172 - PID:1574668 - INFO - Queue 5: 🟢 IDLE, Pending=3, Running=0, Completed=0, Failed=0
2025-11-30 21:07:54,172 - PID:1574668 - INFO - Queue 6: 🟢 IDLE, Pending=1, Running=0, Completed=0, Failed=0
2025-11-30 21:07:54,172 - PID:1574668 - INFO - === GPU Status ===
2025-11-30 21:07:54,239 - PID:1574668 - INFO - GPU 0: Available=5.72GB, User Python Processes=0, Running Tasks=0
2025-11-30 21:07:54,302 - PID:1574668 - INFO - GPU 1: Available=4.67GB, User Python Processes=0, Running Tasks=0
2025-11-30 21:07:54,373 - PID:1574668 - INFO - GPU 2: Available=4.38GB, User Python Processes=0, Running Tasks=0
2025-11-30 21:07:54,432 - PID:1574668 - INFO - GPU 3: Available=10.16GB, User Python Processes=1, Running Tasks=0
2025-11-30 21:07:54,432 - PID:1574668 - INFO -   User Python PIDs: [1427990]
2025-11-30 21:07:54,492 - PID:1574668 - INFO - GPU 4: Available=24.37GB, User Python Processes=0, Running Tasks=0
2025-11-30 21:07:54,616 - PID:1574668 - INFO - GPU 5: Available=4.16GB, User Python Processes=0, Running Tasks=0
2025-11-30 21:07:54,669 - PID:1574668 - INFO - GPU 6: Available=22.31GB, User Python Processes=0, Running Tasks=0
2025-11-30 21:07:54,746 - PID:1574668 - INFO - GPU 7: Available=28.10GB, User Python Processes=0, Running Tasks=0
2025-11-30 21:07:54,801 - PID:1574668 - INFO - GPU 8: Available=24.89GB, User Python Processes=0, Running Tasks=0
2025-11-30 21:07:54,868 - PID:1574668 - INFO - GPU 9: Available=13.00GB, User Python Processes=0, Running Tasks=0
2025-11-30 21:08:04,869 - PID:1574668 - INFO - === Task Status ===
2025-11-30 21:08:04,869 - PID:1574668 - INFO - Total Tasks: 14, Pending=11, Running=0, Completed=0, Failed=3
2025-11-30 21:08:04,869 - PID:1574668 - INFO - === Queue Status ===
2025-11-30 21:08:04,869 - PID:1574668 - INFO - Queue 1: 🟢 IDLE, Pending=2, Running=0, Completed=0, Failed=3
2025-11-30 21:08:04,869 - PID:1574668 - INFO - Queue 2: 🟢 IDLE, Pending=2, Running=0, Completed=0, Failed=0
2025-11-30 21:08:04,870 - PID:1574668 - INFO - Queue 3: 🟢 IDLE, Pending=2, Running=0, Completed=0, Failed=0
2025-11-30 21:08:04,870 - PID:1574668 - INFO - Queue 4: 🟢 IDLE, Pending=1, Running=0, Completed=0, Failed=0
2025-11-30 21:08:04,870 - PID:1574668 - INFO - Queue 5: 🟢 IDLE, Pending=3, Running=0, Completed=0, Failed=0
2025-11-30 21:08:04,870 - PID:1574668 - INFO - Queue 6: 🟢 IDLE, Pending=1, Running=0, Completed=0, Failed=0
2025-11-30 21:08:04,870 - PID:1574668 - INFO - === GPU Status ===
2025-11-30 21:08:04,936 - PID:1574668 - INFO - GPU 0: Available=5.72GB, User Python Processes=0, Running Tasks=0
2025-11-30 21:08:05,001 - PID:1574668 - INFO - GPU 1: Available=4.67GB, User Python Processes=0, Running Tasks=0
2025-11-30 21:08:05,088 - PID:1574668 - INFO - GPU 2: Available=4.38GB, User Python Processes=0, Running Tasks=0
2025-11-30 21:08:05,150 - PID:1574668 - INFO - GPU 3: Available=10.16GB, User Python Processes=1, Running Tasks=0
2025-11-30 21:08:05,150 - PID:1574668 - INFO -   User Python PIDs: [1427990]
2025-11-30 21:08:05,235 - PID:1574668 - INFO - GPU 4: Available=24.37GB, User Python Processes=0, Running Tasks=0
2025-11-30 21:08:05,308 - PID:1574668 - INFO - GPU 5: Available=4.16GB, User Python Processes=0, Running Tasks=0
2025-11-30 21:08:05,368 - PID:1574668 - INFO - GPU 6: Available=22.31GB, User Python Processes=0, Running Tasks=0
2025-11-30 21:08:05,432 - PID:1574668 - INFO - GPU 7: Available=28.10GB, User Python Processes=0, Running Tasks=0
2025-11-30 21:08:05,489 - PID:1574668 - INFO - GPU 8: Available=24.89GB, User Python Processes=0, Running Tasks=0
2025-11-30 21:08:05,555 - PID:1574668 - INFO - GPU 9: Available=13.00GB, User Python Processes=0, Running Tasks=0
2025-11-30 21:08:15,555 - PID:1574668 - INFO - === Task Status ===
2025-11-30 21:08:15,555 - PID:1574668 - INFO - Total Tasks: 14, Pending=11, Running=0, Completed=0, Failed=3
2025-11-30 21:08:15,555 - PID:1574668 - INFO - === Queue Status ===
2025-11-30 21:08:15,556 - PID:1574668 - INFO - Queue 1: 🟢 IDLE, Pending=2, Running=0, Completed=0, Failed=3
2025-11-30 21:08:15,556 - PID:1574668 - INFO - Queue 2: 🟢 IDLE, Pending=2, Running=0, Completed=0, Failed=0
2025-11-30 21:08:15,556 - PID:1574668 - INFO - Queue 3: 🟢 IDLE, Pending=2, Running=0, Completed=0, Failed=0
2025-11-30 21:08:15,556 - PID:1574668 - INFO - Queue 4: 🟢 IDLE, Pending=1, Running=0, Completed=0, Failed=0
2025-11-30 21:08:15,556 - PID:1574668 - INFO - Queue 5: 🟢 IDLE, Pending=3, Running=0, Completed=0, Failed=0
2025-11-30 21:08:15,556 - PID:1574668 - INFO - Queue 6: 🟢 IDLE, Pending=1, Running=0, Completed=0, Failed=0
2025-11-30 21:08:15,556 - PID:1574668 - INFO - === GPU Status ===
2025-11-30 21:08:15,607 - PID:1574668 - INFO - GPU 0: Available=5.72GB, User Python Processes=0, Running Tasks=0
2025-11-30 21:08:15,661 - PID:1574668 - INFO - GPU 1: Available=4.67GB, User Python Processes=0, Running Tasks=0
2025-11-30 21:08:15,714 - PID:1574668 - INFO - GPU 2: Available=4.38GB, User Python Processes=0, Running Tasks=0
2025-11-30 21:08:15,768 - PID:1574668 - INFO - GPU 3: Available=14.47GB, User Python Processes=1, Running Tasks=0
2025-11-30 21:08:15,768 - PID:1574668 - INFO -   User Python PIDs: [1427990]
2025-11-30 21:08:15,815 - PID:1574668 - INFO - GPU 4: Available=24.37GB, User Python Processes=0, Running Tasks=0
2025-11-30 21:08:15,870 - PID:1574668 - INFO - GPU 5: Available=4.16GB, User Python Processes=0, Running Tasks=0
2025-11-30 21:08:15,921 - PID:1574668 - INFO - GPU 6: Available=22.31GB, User Python Processes=0, Running Tasks=0
2025-11-30 21:08:15,972 - PID:1574668 - INFO - GPU 7: Available=28.10GB, User Python Processes=0, Running Tasks=0
2025-11-30 21:08:16,022 - PID:1574668 - INFO - GPU 8: Available=24.89GB, User Python Processes=0, Running Tasks=0
2025-11-30 21:08:16,072 - PID:1574668 - INFO - GPU 9: Available=13.00GB, User Python Processes=0, Running Tasks=0
2025-11-30 21:08:26,072 - PID:1574668 - INFO - === Task Status ===
2025-11-30 21:08:26,072 - PID:1574668 - INFO - Total Tasks: 14, Pending=11, Running=0, Completed=0, Failed=3
2025-11-30 21:08:26,072 - PID:1574668 - INFO - === Queue Status ===
2025-11-30 21:08:26,073 - PID:1574668 - INFO - Queue 1: 🟢 IDLE, Pending=2, Running=0, Completed=0, Failed=3
2025-11-30 21:08:26,073 - PID:1574668 - INFO - Queue 2: 🟢 IDLE, Pending=2, Running=0, Completed=0, Failed=0
2025-11-30 21:08:26,073 - PID:1574668 - INFO - Queue 3: 🟢 IDLE, Pending=2, Running=0, Completed=0, Failed=0
2025-11-30 21:08:26,073 - PID:1574668 - INFO - Queue 4: 🟢 IDLE, Pending=1, Running=0, Completed=0, Failed=0
2025-11-30 21:08:26,073 - PID:1574668 - INFO - Queue 5: 🟢 IDLE, Pending=3, Running=0, Completed=0, Failed=0
2025-11-30 21:08:26,073 - PID:1574668 - INFO - Queue 6: 🟢 IDLE, Pending=1, Running=0, Completed=0, Failed=0
2025-11-30 21:08:26,073 - PID:1574668 - INFO - === GPU Status ===
2025-11-30 21:08:26,128 - PID:1574668 - INFO - GPU 0: Available=5.72GB, User Python Processes=0, Running Tasks=0
2025-11-30 21:08:26,185 - PID:1574668 - INFO - GPU 1: Available=4.67GB, User Python Processes=0, Running Tasks=0
2025-11-30 21:08:26,239 - PID:1574668 - INFO - GPU 2: Available=4.38GB, User Python Processes=0, Running Tasks=0
2025-11-30 21:08:26,288 - PID:1574668 - INFO - GPU 3: Available=14.47GB, User Python Processes=1, Running Tasks=0
2025-11-30 21:08:26,288 - PID:1574668 - INFO -   User Python PIDs: [1427990]
2025-11-30 21:08:26,339 - PID:1574668 - INFO - GPU 4: Available=24.37GB, User Python Processes=0, Running Tasks=0
2025-11-30 21:08:26,394 - PID:1574668 - INFO - GPU 5: Available=4.16GB, User Python Processes=0, Running Tasks=0
2025-11-30 21:08:26,446 - PID:1574668 - INFO - GPU 6: Available=22.31GB, User Python Processes=0, Running Tasks=0
2025-11-30 21:08:26,496 - PID:1574668 - INFO - GPU 7: Available=28.10GB, User Python Processes=0, Running Tasks=0
2025-11-30 21:08:26,548 - PID:1574668 - INFO - GPU 8: Available=24.89GB, User Python Processes=0, Running Tasks=0
2025-11-30 21:08:26,599 - PID:1574668 - INFO - GPU 9: Available=13.00GB, User Python Processes=0, Running Tasks=0
2025-11-30 21:08:32,491 - PID:1574668 - INFO - GPU 0: Insufficient memory. Available: 5.72GB, Required: 20.00GB
2025-11-30 21:08:32,519 - PID:1574668 - INFO - GPU 1: Insufficient memory. Available: 4.67GB, Required: 20.00GB
2025-11-30 21:08:32,545 - PID:1574668 - INFO - GPU 2: Insufficient memory. Available: 4.38GB, Required: 20.00GB
2025-11-30 21:08:32,569 - PID:1574668 - INFO - GPU 3: Insufficient memory. Available: 2.73GB, Required: 20.00GB
2025-11-30 21:08:32,621 - PID:1574668 - INFO - GPU 4: Available for task compete_646510. Memory: 24.37GB
2025-11-30 21:08:32,621 - PID:1574668 - INFO - 🚀 Starting queue 1 task compete_646510 on GPU 4
2025-11-30 21:08:32,622 - PID:1574668 - INFO - Starting task on GPU 4: rm -rf {work_dir}/experiments/car196/knowledge_base -> bash {work_dir}/scripts/set_hyperparameters.sh --experience_number 20 -> CUDA_VISIBLE_DEVICES={available_gpu} bash {work_dir}/scripts/run_pipeline.sh car --uni_id {uni_id}
2025-11-30 21:08:32,622 - PID:1574668 - INFO - 📈 Started 1 tasks: ['Queue 1']
2025-11-30 21:08:32,622 - PID:1574668 - ERROR - Task failed on GPU 4: rm -rf {work_dir}/experiments/car196/knowledge_base -> bash {work_dir}/scripts/set_hyperparameters.sh --experience_number 20 -> CUDA_VISIBLE_DEVICES={available_gpu} bash {work_dir}/scripts/run_pipeline.sh car --uni_id {uni_id} - Error: name 'dataset' is not defined
2025-11-30 21:08:36,599 - PID:1574668 - INFO - === Task Status ===
2025-11-30 21:08:36,599 - PID:1574668 - INFO - Total Tasks: 14, Pending=10, Running=0, Completed=0, Failed=4
2025-11-30 21:08:36,600 - PID:1574668 - INFO - === Queue Status ===
2025-11-30 21:08:36,600 - PID:1574668 - INFO - Queue 1: 🟢 IDLE, Pending=1, Running=0, Completed=0, Failed=4
2025-11-30 21:08:36,600 - PID:1574668 - INFO - Queue 2: 🟢 IDLE, Pending=2, Running=0, Completed=0, Failed=0
2025-11-30 21:08:36,600 - PID:1574668 - INFO - Queue 3: 🟢 IDLE, Pending=2, Running=0, Completed=0, Failed=0
2025-11-30 21:08:36,600 - PID:1574668 - INFO - Queue 4: 🟢 IDLE, Pending=1, Running=0, Completed=0, Failed=0
2025-11-30 21:08:36,600 - PID:1574668 - INFO - Queue 5: 🟢 IDLE, Pending=3, Running=0, Completed=0, Failed=0
2025-11-30 21:08:36,600 - PID:1574668 - INFO - Queue 6: 🟢 IDLE, Pending=1, Running=0, Completed=0, Failed=0
2025-11-30 21:08:36,600 - PID:1574668 - INFO - === GPU Status ===
2025-11-30 21:08:36,651 - PID:1574668 - INFO - GPU 0: Available=5.72GB, User Python Processes=0, Running Tasks=0
2025-11-30 21:08:36,706 - PID:1574668 - INFO - GPU 1: Available=4.67GB, User Python Processes=0, Running Tasks=0
2025-11-30 21:08:36,761 - PID:1574668 - INFO - GPU 2: Available=4.38GB, User Python Processes=0, Running Tasks=0
2025-11-30 21:08:36,822 - PID:1574668 - INFO - GPU 3: Available=2.73GB, User Python Processes=1, Running Tasks=0
2025-11-30 21:08:36,822 - PID:1574668 - INFO -   User Python PIDs: [1427990]
2025-11-30 21:08:36,870 - PID:1574668 - INFO - GPU 4: Available=24.37GB, User Python Processes=0, Running Tasks=0
2025-11-30 21:08:36,926 - PID:1574668 - INFO - GPU 5: Available=4.16GB, User Python Processes=0, Running Tasks=0
2025-11-30 21:08:36,982 - PID:1574668 - INFO - GPU 6: Available=22.31GB, User Python Processes=0, Running Tasks=0
2025-11-30 21:08:37,041 - PID:1574668 - INFO - GPU 7: Available=28.10GB, User Python Processes=0, Running Tasks=0
2025-11-30 21:08:37,098 - PID:1574668 - INFO - GPU 8: Available=24.89GB, User Python Processes=0, Running Tasks=0
2025-11-30 21:08:37,150 - PID:1574668 - INFO - GPU 9: Available=13.00GB, User Python Processes=0, Running Tasks=0
2025-11-30 21:08:47,150 - PID:1574668 - INFO - === Task Status ===
2025-11-30 21:08:47,150 - PID:1574668 - INFO - Total Tasks: 14, Pending=10, Running=0, Completed=0, Failed=4
2025-11-30 21:08:47,151 - PID:1574668 - INFO - === Queue Status ===
2025-11-30 21:08:47,151 - PID:1574668 - INFO - Queue 1: 🟢 IDLE, Pending=1, Running=0, Completed=0, Failed=4
2025-11-30 21:08:47,151 - PID:1574668 - INFO - Queue 2: 🟢 IDLE, Pending=2, Running=0, Completed=0, Failed=0
2025-11-30 21:08:47,151 - PID:1574668 - INFO - Queue 3: 🟢 IDLE, Pending=2, Running=0, Completed=0, Failed=0
2025-11-30 21:08:47,151 - PID:1574668 - INFO - Queue 4: 🟢 IDLE, Pending=1, Running=0, Completed=0, Failed=0
2025-11-30 21:08:47,151 - PID:1574668 - INFO - Queue 5: 🟢 IDLE, Pending=3, Running=0, Completed=0, Failed=0
2025-11-30 21:08:47,151 - PID:1574668 - INFO - Queue 6: 🟢 IDLE, Pending=1, Running=0, Completed=0, Failed=0
2025-11-30 21:08:47,152 - PID:1574668 - INFO - === GPU Status ===
2025-11-30 21:08:47,207 - PID:1574668 - INFO - GPU 0: Available=5.72GB, User Python Processes=0, Running Tasks=0
2025-11-30 21:08:47,263 - PID:1574668 - INFO - GPU 1: Available=4.67GB, User Python Processes=0, Running Tasks=0
2025-11-30 21:08:47,319 - PID:1574668 - INFO - GPU 2: Available=4.38GB, User Python Processes=0, Running Tasks=0
2025-11-30 21:08:47,371 - PID:1574668 - INFO - GPU 3: Available=2.73GB, User Python Processes=1, Running Tasks=0
2025-11-30 21:08:47,371 - PID:1574668 - INFO -   User Python PIDs: [1427990]
2025-11-30 21:08:47,420 - PID:1574668 - INFO - GPU 4: Available=24.37GB, User Python Processes=0, Running Tasks=0
2025-11-30 21:08:47,472 - PID:1574668 - INFO - GPU 5: Available=4.16GB, User Python Processes=0, Running Tasks=0
2025-11-30 21:08:47,524 - PID:1574668 - INFO - GPU 6: Available=22.31GB, User Python Processes=0, Running Tasks=0
2025-11-30 21:08:47,575 - PID:1574668 - INFO - GPU 7: Available=28.10GB, User Python Processes=0, Running Tasks=0
2025-11-30 21:08:47,628 - PID:1574668 - INFO - GPU 8: Available=24.89GB, User Python Processes=0, Running Tasks=0
2025-11-30 21:08:47,715 - PID:1574668 - INFO - GPU 9: Available=13.00GB, User Python Processes=0, Running Tasks=0
2025-11-30 21:08:57,716 - PID:1574668 - INFO - === Task Status ===
2025-11-30 21:08:57,716 - PID:1574668 - INFO - Total Tasks: 14, Pending=10, Running=0, Completed=0, Failed=4
2025-11-30 21:08:57,716 - PID:1574668 - INFO - === Queue Status ===
2025-11-30 21:08:57,716 - PID:1574668 - INFO - Queue 1: 🟢 IDLE, Pending=1, Running=0, Completed=0, Failed=4
2025-11-30 21:08:57,716 - PID:1574668 - INFO - Queue 2: 🟢 IDLE, Pending=2, Running=0, Completed=0, Failed=0
2025-11-30 21:08:57,716 - PID:1574668 - INFO - Queue 3: 🟢 IDLE, Pending=2, Running=0, Completed=0, Failed=0
2025-11-30 21:08:57,716 - PID:1574668 - INFO - Queue 4: 🟢 IDLE, Pending=1, Running=0, Completed=0, Failed=0
2025-11-30 21:08:57,716 - PID:1574668 - INFO - Queue 5: 🟢 IDLE, Pending=3, Running=0, Completed=0, Failed=0
2025-11-30 21:08:57,716 - PID:1574668 - INFO - Queue 6: 🟢 IDLE, Pending=1, Running=0, Completed=0, Failed=0
2025-11-30 21:08:57,716 - PID:1574668 - INFO - === GPU Status ===
2025-11-30 21:08:57,772 - PID:1574668 - INFO - GPU 0: Available=5.72GB, User Python Processes=0, Running Tasks=0
2025-11-30 21:08:57,821 - PID:1574668 - INFO - GPU 1: Available=4.67GB, User Python Processes=0, Running Tasks=0
2025-11-30 21:08:57,875 - PID:1574668 - INFO - GPU 2: Available=4.38GB, User Python Processes=0, Running Tasks=0
2025-11-30 21:08:57,923 - PID:1574668 - INFO - GPU 3: Available=19.48GB, User Python Processes=1, Running Tasks=0
2025-11-30 21:08:57,923 - PID:1574668 - INFO -   User Python PIDs: [1427990]
2025-11-30 21:08:58,027 - PID:1574668 - INFO - GPU 4: Available=24.37GB, User Python Processes=0, Running Tasks=0
2025-11-30 21:08:58,082 - PID:1574668 - INFO - GPU 5: Available=4.16GB, User Python Processes=0, Running Tasks=0
2025-11-30 21:08:58,135 - PID:1574668 - INFO - GPU 6: Available=22.31GB, User Python Processes=0, Running Tasks=0
2025-11-30 21:08:58,255 - PID:1574668 - INFO - GPU 7: Available=28.10GB, User Python Processes=0, Running Tasks=0
2025-11-30 21:08:58,306 - PID:1574668 - INFO - GPU 8: Available=24.89GB, User Python Processes=0, Running Tasks=0
2025-11-30 21:08:58,375 - PID:1574668 - INFO - GPU 9: Available=13.00GB, User Python Processes=0, Running Tasks=0
