[0;34m[INFO][0m 切换到项目根目录: /home/hdl/project/fgvr_test_new
[0;34m[INFO][0m 创建必要目录...
[0;34m[INFO][0m === 运行配置 ===
GPU: 5
数据集: bird
配置文件: bird200_all.yml
运行模式: fast_slow
知识库目录: ./experiments/bird200/knowledge_base
测试数据: ./experiments/bird200/images_split/images_discovery_all_1.json
结果输出: ./results/bird_fast_slow_results.json
日志文件: /home/hdl/project/fgvr_test_new/logs/fast_slow/bird200/fast_slow_bird.log
虚拟环境: finer_dynamic
[0;34m[INFO][0m ================
[0;34m[INFO][0m 激活虚拟环境并开始运行...
[0;34m[INFO][0m 日志将实时写入: /home/hdl/project/fgvr_test_new/logs/fast_slow/bird200/fast_slow_bird.log
[0;34m[INFO][0m 可以使用 'tail -f '/home/hdl/project/fgvr_test_new/logs/fast_slow/bird200/fast_slow_bird.log'' 查看实时日志
[0;34m[INFO][0m 开始后台运行...
[0;32m[SUCCESS][0m 任务已启动！
[0;34m[INFO][0m 进程ID: 102734
[0;34m[INFO][0m 日志文件: /home/hdl/project/fgvr_test_new/logs/fast_slow/bird200/fast_slow_bird.log
[0;34m[INFO][0m 查看实时日志: tail -f '/home/hdl/project/fgvr_test_new/logs/fast_slow/bird200/fast_slow_bird.log'
[0;34m[INFO][0m 停止任务: kill 102734
[0;32m[SUCCESS][0m 进程运行正常
[0;34m[INFO][0m 清理临时文件...
[0;34m[INFO][0m 脚本执行完成
