=== Task Log - GPU 7 ===
Task uni_id: compete_378219
Start Time: 2025-11-30 20:50:38.526708
Total Commands: 3
==================================================

=== Executing Command 1/3 ===
Command: rm -rf /home/hdl/project/fgvr_test_new/experiments/car196/knowledge_base
Timestamp: 2025-11-30 20:50:38.526733
Output:

=== Executing Command 2/3 ===
Command: bash /home/hdl/project/fgvr_test_new/scripts/set_hyperparameters.sh --experience_number 50
Timestamp: 2025-11-30 20:50:38.530695
Output:
=== 超参数设置脚本 ===
项目根目录: /home/hdl/project/fgvr_test_new
超参数文件: /home/hdl/project/fgvr_test_new/configs/hyperparameters.yaml

使用命令行指定的经验条数: 50

正在更新超参数文件: /home/hdl/project/fgvr_test_new/configs/hyperparameters.yaml
Error: bad file '/home/hdl/project/fgvr_test_new/configs/hyperparameters.yaml': yaml: line 2: could not find expected ':'
Error: bad file '/home/hdl/project/fgvr_test_new/configs/hyperparameters.yaml': yaml: line 2: could not find expected ':'
❌ 超参数更新失败
期望值: 50, 实际值: 
