=== Task Log - GPU 8 ===
Task uni_id: compete_211774
Start Time: 2025-11-30 15:39:38.454442
Total Commands: 3
==================================================

=== Executing Command 1/3 ===
Command: rm -rf /home/hdl/project/fgvr_test_new/experiments/dog120/knowledge_base
Timestamp: 2025-11-30 15:39:38.454453
Output:

=== Executing Command 2/3 ===
Command: bash /home/hdl/project/fgvr_test_new/scripts/set_hyperparameters.sh --experience_number 12
Timestamp: 2025-11-30 15:39:38.460019
Output:
=== 超参数设置脚本 ===
项目根目录: /home/hdl/project/fgvr_test_new
超参数文件: /home/hdl/project/fgvr_test_new/configs/hyperparameters.yaml

使用命令行指定的经验条数: 12

正在更新超参数文件: /home/hdl/project/fgvr_test_new/configs/hyperparameters.yaml
✅ 超参数更新成功: experience_base_max_number = 12

=== 超参数设置完成 ===

=== Executing Command 3/3 ===
Command: CUDA_VISIBLE_DEVICES=8 bash /home/hdl/project/fgvr_test_new/scripts/run_pipeline.sh dog --uni_id compete_211774
Timestamp: 2025-11-30 15:39:38.524043
Output:
[0;32m[SUCCESS][0m Pipeline 已启动 (完全后台), PID=1175446
[0;34m[INFO][0m 日志文件: /home/hdl/project/fgvr_test_new/logs/pipeline/dog120/pipeline_dog(7).log
实时查看日志: tail -f '/home/hdl/project/fgvr_test_new/logs/pipeline/dog120/pipeline_dog(7).log'
