
=== Executing Command 1/3 ===
Command: rm -rf /home/hdl/project/fgvr_test_new_TestExperience/experiments/dog120/knowledge_base
Timestamp: 2025-11-29 22:56:48.048769
Output:

=== Executing Command 2/3 ===
Command: bash /home/hdl/project/fgvr_test_new_TestExperience/scripts/set_hyperparameters.sh --experience_number 5
Timestamp: 2025-11-29 22:56:48.055073
Output:
=== 超参数设置脚本 ===
项目根目录: /home/hdl/project/fgvr_test_new_TestExperience
超参数文件: /home/hdl/project/fgvr_test_new_TestExperience/configs/hyperparameters.yaml

使用命令行指定的经验条数: 5

正在更新超参数文件: /home/hdl/project/fgvr_test_new_TestExperience/configs/hyperparameters.yaml
✅ 超参数更新成功: experience_base_max_number = 5

=== 超参数设置完成 ===

=== Executing Command 3/3 ===
Command: bash /home/hdl/project/fgvr_test_new_TestExperience/scripts/run_pipeline.sh dog --gpu 4
Timestamp: 2025-11-29 22:56:48.113048
Output:
[0;32m[SUCCESS][0m Pipeline 已启动 (完全后台), PID=381304
[0;34m[INFO][0m 日志文件: /home/hdl/project/fgvr_test_new_TestExperience/logs/pipeline/dog120/pipeline_dog.log
实时查看日志: tail -f '/home/hdl/project/fgvr_test_new_TestExperience/logs/pipeline/dog120/pipeline_dog.log'
