=== Task Log - GPU 7 ===
Task uni_id: compete_128855
Start Time: 2025-11-30 20:47:38.297103
Total Commands: 3
==================================================

=== Executing Command 1/3 ===
Command: rm -rf /home/hdl/project/fgvr_test_new/experiments/car196/knowledge_base
Timestamp: 2025-11-30 20:47:38.297145
Output:

=== Executing Command 2/3 ===
Command: bash /home/hdl/project/fgvr_test_new/scripts/set_hyperparameters.sh --experience_number 5
Timestamp: 2025-11-30 20:47:38.300763
Output:
=== 超参数设置脚本 ===
项目根目录: /home/hdl/project/fgvr_test_new
超参数文件: /home/hdl/project/fgvr_test_new/configs/hyperparameters.yaml

使用命令行指定的经验条数: 5

正在更新超参数文件: /home/hdl/project/fgvr_test_new/configs/hyperparameters.yaml
Error: bad file '/home/hdl/project/fgvr_test_new/configs/hyperparameters.yaml': yaml: line 2: could not find expected ':'
Error: bad file '/home/hdl/project/fgvr_test_new/configs/hyperparameters.yaml': yaml: line 2: could not find expected ':'
❌ 超参数更新失败
期望值: 5, 实际值: 
