[INFO] === Pipeline 启动, YAML 配置摘要 ===
GPU: CUDA_VISIBLE_DEVICES=8  # 使用的GPU编号
Dataset: bird (num_classes=200)  # 数据集及类别数
Test Mode: images_test  # 使用测试集
Test Percentage: 1.0%  # 测试集采样百分比
K-shot: 4  # 检索库使用每个类别的样本数目
Conda Env: finer_dynamic  # Conda环境名称, Conda Base: /home/hdl/miniconda3  # Conda安装路径
Knowledge Base Dir: ./experiments/bird200/knowledge_base  # 知识库目录
Results Out: ./results/bird_fast_slow_results.json  # 快慢思考评估结果输出文件
---------------------------

[INFO] === 设置超参数 ===
=== 超参数设置脚本 ===
项目根目录: /home/hdl/project/fgvr_test_new
超参数文件: /home/hdl/project/fgvr_test_new/configs/hyperparameters.yaml
配置文件: /home/hdl/project/fgvr_test_new/scripts/config.yaml

正在从 /home/hdl/project/fgvr_test_new/scripts/config.yaml 读取配置...
从配置文件读取到经验条数: 12

正在更新超参数文件: /home/hdl/project/fgvr_test_new/configs/hyperparameters.yaml
❌ 超参数更新失败
期望值: 12, 实际值: 8
[ERROR] 超参数设置失败，退出 pipeline
