[INFO] === Pipeline 启动, YAML 配置摘要 ===
GPU: CUDA_VISIBLE_DEVICES=4  # 使用的GPU编号
Dataset: sun397 (num_classes=397)  # 数据集及类别数
Test Mode: images_test  # 使用测试集
Test Percentage: 10.0%  # 测试集采样百分比
K-shot: 4  # 检索库使用每个类别的样本数目
Conda Env: finer_dynamic  # Conda环境名称, Conda Base: /home/hdl/miniconda3  # Conda安装路径
Knowledge Base Dir: ./experiments/sun397/knowledge_base  # 知识库目录
Results Out: ./results/sun397_fast_slow_results.json  # 快慢思考评估结果输出文件
---------------------------

[INFO] === Step1: 构建知识库 ===
Traceback (most recent call last):
  File "/home/hdl/project/fgvr_test/discovering.py", line 24, in <module>
    from fast_slow_thinking_system import FastSlowThinkingSystem
  File "/home/hdl/project/fgvr_test/fast_slow_thinking_system.py", line 27, in <module>
    from fast_thinking import FastThinking
  File "/home/hdl/project/fgvr_test/fast_thinking.py", line 94
    self.stats_file = stats_file
    ^
IndentationError: expected an indented block
[ERROR] Step1: 知识库构建失败，退出 pipeline (exit code=1)
