[INFO] === Pipeline 启动, YAML 配置摘要 ===
GPU: CUDA_VISIBLE_DEVICES=8  # 使用的GPU编号
Dataset: dog (num_classes=120)  # 数据集及类别数
Test Mode: images_test  # 使用测试集
Test Percentage: 100.0%  # 测试集采样百分比
K-shot: 4  # 检索库使用每个类别的样本数目
Conda Env: finer_dynamic  # Conda环境名称, Conda Base: /home/hdl/miniconda3  # Conda安装路径
Knowledge Base Dir: ./experiments/dog120/knowledge_base  # 知识库目录
Results Out: ./results/dog_fast_slow_results.json  # 快慢思考评估结果输出文件
---------------------------

[INFO] === 设置超参数 ===
=== 超参数设置脚本 ===
项目根目录: /home/hdl/project/fgvr_test_new
超参数文件: /home/hdl/project/fgvr_test_new/configs/hyperparameters.yaml
配置文件: /home/hdl/project/fgvr_test_new/scripts/config.yaml

正在从 /home/hdl/project/fgvr_test_new/scripts/config.yaml 读取配置...
从配置文件读取到经验条数: 12

正在更新超参数文件: /home/hdl/project/fgvr_test_new/configs/hyperparameters.yaml
✅ 超参数更新成功: experience_base_max_number = 12

=== 超参数设置完成 ===
[SUCCESS] 超参数设置完成

[INFO] === 运行 discovering.py --mode=pipeline ===
usage: discovering.py [-h]
                      [--mode {build_knowledge_base,classify,evaluate,fastonly,slowonly,fast_slow}]
                      [--config_file_env CONFIG_FILE_ENV]
                      [--config_file_expt CONFIG_FILE_EXPT]
                      [--num_per_category {1,2,3,4,5,6,7,8,9,10,random}]
                      [--knowledge_base_dir KNOWLEDGE_BASE_DIR]
                      [--query_image QUERY_IMAGE]
                      [--test_data_dir TEST_DATA_DIR] [--use_test_data]
                      [--test_percentage TEST_PERCENTAGE]
                      [--results_out RESULTS_OUT]
                      [--use_slow_thinking USE_SLOW_THINKING]
                      [--confidence_threshold CONFIDENCE_THRESHOLD]
                      [--similarity_threshold SIMILARITY_THRESHOLD]
discovering.py: error: argument --mode: invalid choice: 'pipeline' (choose from 'build_knowledge_base', 'classify', 'evaluate', 'fastonly', 'slowonly', 'fast_slow')
============================================================
🔧 超参数配置信息
============================================================
📁 配置文件: ./configs/hyperparameters.yaml
📋 参数列表:
   • experience_base_max_number: 12
============================================================

[ERROR] Pipeline 模式执行失败 (exit code=2)
